<html>
<body>
<pre>
<h1>µVision Build Log</h1>
<h2>Tool Versions:</h2>
IDE-Version: µVision V5.35.0.0
Copyright (C) 2021 ARM Ltd and ARM Germany GmbH. All rights reserved.
License Information: Nitin Sangale, Eagle Control Systems, LIC=47GU5-GIU20-RAUDM-XU4NR-45UIM-XHT9S
 
Tool Versions:
Toolchain:       MDK-ARM Plus  Version: 5.35.0.2
Toolchain Path:  C:\Keil_v5\ARM\ARMCC\Bin
C Compiler:      Armcc.exe V5.06 update 7 (build 960)
Assembler:       Armasm.exe V5.06 update 7 (build 960)
Linker/Locator:  ArmLink.exe V5.06 update 7 (build 960)
Library Manager: ArmAr.exe V5.06 update 7 (build 960)
Hex Converter:   FromElf.exe V5.06 update 7 (build 960)
CPU DLL:         SARMCM3.DLL V5.35.0.2
Dialog DLL:      DARMCM1.DLL V1.19.4.0
Target DLL:      Nu_Link.dll V3.09
Dialog DLL:      TARMCM1.DLL V1.14.4.0
 
<h2>Project:</h2>
F:\OneDrive\Study Material\Nuvoton Projects\M031_Series_BSP_CMSIS_V3.05.000\SampleCode\NuCodeGen\MyProject\KEIL\MyProject.uvproj
Project File Date:  06/01/2023

<h2>Output:</h2>
*** Using Compiler 'V5.06 update 7 (build 960)', folder: 'C:\Keil_v5\ARM\ARMCC\Bin'
Rebuild target 'MyProject'
assembling startup_M031Series.s...
creating preprocessor file for system_M031Series.c...
creating preprocessor file for clk.c...
creating preprocessor file for gpio.c...
creating preprocessor file for retarget.c...
creating preprocessor file for sys.c...
creating preprocessor file for main.c...
compiling system_M031Series.c...
compiling gpio.c...
creating preprocessor file for clk_conf.c...
compiling clk.c...
compiling retarget.c...
compiling sys.c...
creating preprocessor file for periph_conf.c...
creating preprocessor file for pin_conf.c...
compiling main.c...
creating preprocessor file for int_handler.c...
compiling int_handler.c...
compiling periph_conf.c...
compiling clk_conf.c...
compiling pin_conf.c...
linking...
Program Size: Code=2856 RO-data=312 RW-data=20 ZI-data=516  
After Build - User command #1: fromelf --bin ".\obj\MyProject.axf" --output ".\obj\MyProject.bin"
After Build - User command #2: fromelf --text -c ".\obj\MyProject.axf" --output ".\obj\MyProject.txt"
".\obj\MyProject.axf" - 0 Error(s), 0 Warning(s).
Build Time Elapsed:  00:00:02
</pre>
</body>
</html>
