<html>
<body>
<pre>
<h1>µVision Build Log</h1>
<h2>Tool Versions:</h2>
IDE-Version: µVision V5.35.0.0
Copyright (C) 2021 ARM Ltd and ARM Germany GmbH. All rights reserved.
License Information: Nitin Sangale, Eagle Control Systems, LIC=47GU5-GIU20-RAUDM-XU4NR-45UIM-XHT9S
 
Tool Versions:
Toolchain:       MDK-ARM Plus  Version: 5.35.0.2
Toolchain Path:  C:\Keil_v5\ARM\ARMCC\Bin
C Compiler:      Armcc.exe V5.06 update 7 (build 960)
Assembler:       Armasm.exe V5.06 update 7 (build 960)
Linker/Locator:  ArmLink.exe V5.06 update 7 (build 960)
Library Manager: ArmAr.exe V5.06 update 7 (build 960)
Hex Converter:   FromElf.exe V5.06 update 7 (build 960)
CPU DLL:         SARMCM3.DLL V5.35.0.2
Dialog DLL:      DARMCM1.DLL V1.19.4.0
Target DLL:      Nu_Link.dll V3.09
Dialog DLL:      TARMCM1.DLL V1.14.4.0
 
<h2>Project:</h2>
F:\OneDrive\Study Material\Nuvoton Projects\M031_Series_BSP_CMSIS_V3.05.000\SampleCode\StdDriver\UART_TxRxFunction\KEIL\UART_TxRxFunction.uvproj
Project File Date:  05/31/2023

<h2>Output:</h2>
*** Using Compiler 'V5.06 update 7 (build 960)', folder: 'C:\Keil_v5\ARM\ARMCC\Bin'
Rebuild target 'UART_TxRxFunction'
assembling startup_M031Series.s...
creating preprocessor file for system_M031Series.c...
creating preprocessor file for retarget.c...
creating preprocessor file for main.c...
creating preprocessor file for clk.c...
creating preprocessor file for sys.c...
creating preprocessor file for uart.c...
compiling retarget.c...
compiling main.c...
compiling system_M031Series.c...
compiling sys.c...
compiling clk.c...
compiling uart.c...
linking...
Program Size: Code=3464 RO-data=384 RW-data=36 ZI-data=772  
After Build - User command #1: fromelf --bin ".\obj\UART_TxRxFunction.axf" --output ".\obj\UART_TxRxFunction.bin"
After Build - User command #2: fromelf --text -c ".\obj\UART_TxRxFunction.axf" --output ".\obj\UART_TxRxFunction.txt"
".\obj\UART_TxRxFunction.axf" - 0 Error(s), 0 Warning(s).
Build Time Elapsed:  00:00:01
</pre>
</body>
</html>
