Component: ARM Compiler 5.06 update 7 (build 960) Tool: armlink [4d3601]

==============================================================================

Small function inlining results

Inlined total of 0 calls.

==============================================================================

Image Symbol Table

    Local Symbols

    Symbol Name                              Value     Ov Type        Size  Object(Section)

    RESET                                    0x00000000   Section      192  startup_m031series.o(RESET)
    ../clib/microlib/division.c              0x00000000   Number         0  uidiv.o ABSOLUTE
    ../clib/microlib/division.c              0x00000000   Number         0  uldiv.o ABSOLUTE
    ../clib/microlib/init/entry.s            0x00000000   Number         0  entry11b.o ABSOLUTE
    ../clib/microlib/init/entry.s            0x00000000   Number         0  entry12a.o ABSOLUTE
    ../clib/microlib/init/entry.s            0x00000000   Number         0  entry7b.o ABSOLUTE
    ../clib/microlib/init/entry.s            0x00000000   Number         0  entry.o ABSOLUTE
    ../clib/microlib/init/entry.s            0x00000000   Number         0  entry12b.o ABSOLUTE
    ../clib/microlib/init/entry.s            0x00000000   Number         0  entry10b.o ABSOLUTE
    ../clib/microlib/init/entry.s            0x00000000   Number         0  entry11a.o ABSOLUTE
    ../clib/microlib/init/entry.s            0x00000000   Number         0  entry10a.o ABSOLUTE
    ../clib/microlib/init/entry.s            0x00000000   Number         0  entry9b.o ABSOLUTE
    ../clib/microlib/init/entry.s            0x00000000   Number         0  entry9a.o ABSOLUTE
    ../clib/microlib/init/entry.s            0x00000000   Number         0  entry8b.o ABSOLUTE
    ../clib/microlib/init/entry.s            0x00000000   Number         0  entry8a.o ABSOLUTE
    ../clib/microlib/init/entry.s            0x00000000   Number         0  entry7a.o ABSOLUTE
    ../clib/microlib/init/entry.s            0x00000000   Number         0  entry5.o ABSOLUTE
    ../clib/microlib/init/entry.s            0x00000000   Number         0  entry2.o ABSOLUTE
    ../clib/microlib/longlong.c              0x00000000   Number         0  llushr.o ABSOLUTE
    ../clib/microlib/longlong.c              0x00000000   Number         0  llshl.o ABSOLUTE
    ../clib/microlib/longlong.c              0x00000000   Number         0  llsshr.o ABSOLUTE
    ../clib/microlib/printf/printf.c         0x00000000   Number         0  printfb.o ABSOLUTE
    ../clib/microlib/printf/printf.c         0x00000000   Number         0  printf6.o ABSOLUTE
    ../clib/microlib/printf/printf.c         0x00000000   Number         0  printf1.o ABSOLUTE
    ../clib/microlib/printf/printf.c         0x00000000   Number         0  printfa.o ABSOLUTE
    ../clib/microlib/printf/printf.c         0x00000000   Number         0  printf8.o ABSOLUTE
    ../clib/microlib/printf/printf.c         0x00000000   Number         0  printf7.o ABSOLUTE
    ../clib/microlib/printf/printf.c         0x00000000   Number         0  printf5.o ABSOLUTE
    ../clib/microlib/printf/printf.c         0x00000000   Number         0  printf0.o ABSOLUTE
    ../clib/microlib/printf/printf.c         0x00000000   Number         0  printf4.o ABSOLUTE
    ../clib/microlib/printf/printf.c         0x00000000   Number         0  printf3.o ABSOLUTE
    ../clib/microlib/printf/printf.c         0x00000000   Number         0  printf2.o ABSOLUTE
    ../clib/microlib/printf/stubs.s          0x00000000   Number         0  stubs.o ABSOLUTE
    ../clib/microlib/string/memcpy.c         0x00000000   Number         0  memcpyb.o ABSOLUTE
    ../clib/microlib/string/memcpy.c         0x00000000   Number         0  memcpya.o ABSOLUTE
    ../clib/microlib/stubs.s                 0x00000000   Number         0  iusefp.o ABSOLUTE
    ../fplib/microlib/fpadd.c                0x00000000   Number         0  dadd.o ABSOLUTE
    ../fplib/microlib/fpadd.c                0x00000000   Number         0  fadd.o ABSOLUTE
    ../fplib/microlib/fpdiv.c                0x00000000   Number         0  ddiv.o ABSOLUTE
    ../fplib/microlib/fpepilogue.c           0x00000000   Number         0  fepilogue.o ABSOLUTE
    ../fplib/microlib/fpepilogue.c           0x00000000   Number         0  depilogue.o ABSOLUTE
    ../fplib/microlib/fpfix.c                0x00000000   Number         0  dfixul.o ABSOLUTE
    ../fplib/microlib/fpfix.c                0x00000000   Number         0  ffixui.o ABSOLUTE
    ../fplib/microlib/fpflt.c                0x00000000   Number         0  ffltui.o ABSOLUTE
    ../fplib/microlib/fpmul.c                0x00000000   Number         0  dmul.o ABSOLUTE
    ..\..\..\..\Library\Device\Nuvoton\M031\Source\ARM\startup_M031Series.s 0x00000000   Number         0  startup_m031series.o ABSOLUTE
    ..\..\..\..\Library\Device\Nuvoton\M031\Source\system_M031Series.c 0x00000000   Number         0  system_m031series.o ABSOLUTE
    ..\..\..\..\Library\StdDriver\src\retarget.c 0x00000000   Number         0  retarget.o ABSOLUTE
    ..\\..\\..\\..\\Library\\Device\\Nuvoton\\M031\\Source\\system_M031Series.c 0x00000000   Number         0  system_m031series.o ABSOLUTE
    ..\\..\\..\\..\\Library\\StdDriver\\src\\retarget.c 0x00000000   Number         0  retarget.o ABSOLUTE
    ..\\main.c                               0x00000000   Number         0  main.o ABSOLUTE
    ..\main.c                                0x00000000   Number         0  main.o ABSOLUTE
    cdrcmple.s                               0x00000000   Number         0  cdrcmple.o ABSOLUTE
    handlers.s                               0x00000000   Number         0  handlers.o ABSOLUTE
    init.s                                   0x00000000   Number         0  init.o ABSOLUTE
    .ARM.Collect$$$$00000000                 0x000000c0   Section        0  entry.o(.ARM.Collect$$$$00000000)
    .ARM.Collect$$$$00000001                 0x000000c0   Section        4  entry2.o(.ARM.Collect$$$$00000001)
    .ARM.Collect$$$$00000004                 0x000000c4   Section        4  entry5.o(.ARM.Collect$$$$00000004)
    .ARM.Collect$$$$00000008                 0x000000c8   Section        0  entry7b.o(.ARM.Collect$$$$00000008)
    .ARM.Collect$$$$0000000A                 0x000000c8   Section        0  entry8b.o(.ARM.Collect$$$$0000000A)
    .ARM.Collect$$$$0000000B                 0x000000c8   Section        8  entry9a.o(.ARM.Collect$$$$0000000B)
    .ARM.Collect$$$$0000000E                 0x000000d0   Section        4  entry12b.o(.ARM.Collect$$$$0000000E)
    .ARM.Collect$$$$0000000F                 0x000000d4   Section        0  entry10a.o(.ARM.Collect$$$$0000000F)
    .ARM.Collect$$$$00000011                 0x000000d4   Section        0  entry11a.o(.ARM.Collect$$$$00000011)
    .ARM.Collect$$$$00002712                 0x000000d4   Section        4  entry2.o(.ARM.Collect$$$$00002712)
    __lit__00000000                          0x000000d4   Data           4  entry2.o(.ARM.Collect$$$$00002712)
    .emb_text                                0x000000d8   Section       28  retarget.o(.emb_text)
    .text                                    0x000000f4   Section       92  startup_m031series.o(.text)
    Default_Handler                          0x00000125   Thumb Code     2  startup_m031series.o(.text)
    .text                                    0x00000150   Section        0  uidiv.o(.text)
    .text                                    0x0000017c   Section        0  memcpya.o(.text)
    .text                                    0x000001a0   Section        0  uldiv.o(.text)
    .text                                    0x00000200   Section       36  init.o(.text)
    .text                                    0x00000224   Section        0  llshl.o(.text)
    .text                                    0x00000244   Section        0  llushr.o(.text)
    i.Hard_Fault_Handler                     0x00000268   Section        0  retarget.o(i.Hard_Fault_Handler)
    __tagsym$$used                           0x00000269   Number         0  retarget.o(i.Hard_Fault_Handler)
    i.SYS_Init                               0x00000290   Section        0  main.o(i.SYS_Init)
    i.SendChar                               0x00000344   Section        0  retarget.o(i.SendChar)
    SendChar                                 0x00000345   Thumb Code    26  retarget.o(i.SendChar)
    i.SystemCoreClockUpdate                  0x00000364   Section        0  system_m031series.o(i.SystemCoreClockUpdate)
    i.SystemInit                             0x000003f8   Section        0  system_m031series.o(i.SystemInit)
    i.UART13_IRQHandler                      0x00000430   Section        0  main.o(i.UART13_IRQHandler)
    i.UART1_Init                             0x0000045c   Section        0  main.o(i.UART1_Init)
    i.UART2_Init                             0x0000048c   Section        0  main.o(i.UART2_Init)
    i.__0printf$5                            0x000004b4   Section        0  printf5.o(i.__0printf$5)
    i.__scatterload_copy                     0x000004d4   Section       14  handlers.o(i.__scatterload_copy)
    i.__scatterload_null                     0x000004e2   Section        2  handlers.o(i.__scatterload_null)
    i.__scatterload_zeroinit                 0x000004e4   Section       14  handlers.o(i.__scatterload_zeroinit)
    i._printf_core                           0x000004f4   Section        0  printf5.o(i._printf_core)
    _printf_core                             0x000004f5   Thumb Code   680  printf5.o(i._printf_core)
    i.driveReady                             0x000007c8   Section        0  main.o(i.driveReady)
    i.fn_16tonib                             0x000007e0   Section        0  main.o(i.fn_16tonib)
    i.fn_enbisr                              0x00000804   Section        0  main.o(i.fn_enbisr)
    i.fn_nib2asc                             0x00000814   Section        0  main.o(i.fn_nib2asc)
    i.fn_rxfls                               0x0000082c   Section        0  main.o(i.fn_rxfls)
    i.fn_softde                              0x00000840   Section        0  main.o(i.fn_softde)
    i.fn_tx3ff                               0x00000874   Section        0  main.o(i.fn_tx3ff)
    i.fn_txfls                               0x0000088c   Section        0  main.o(i.fn_txfls)
    i.fn_txt                                 0x0000089c   Section        0  main.o(i.fn_txt)
    i.fn_txthead                             0x00000908   Section        0  main.o(i.fn_txthead)
    i.fn_txts                                0x00000950   Section        0  main.o(i.fn_txts)
    i.fn_txttrail                            0x00000960   Section        0  main.o(i.fn_txttrail)
    i.fn_txtxt                               0x0000097c   Section        0  main.o(i.fn_txtxt)
    i.fputc                                  0x000009a4   Section        0  retarget.o(i.fputc)
    i.ini_end                                0x000009b0   Section        0  main.o(i.ini_end)
    i.main                                   0x000009c8   Section        0  main.o(i.main)
    i.mount                                  0x00000a3c   Section        0  main.o(i.mount)
    i.portio_ini                             0x00000a4c   Section        0  main.o(i.portio_ini)
    i.rdDiskInfo                             0x00000c04   Section        0  main.o(i.rdDiskInfo)
    i.readSerDataUSB                         0x00000c50   Section        0  main.o(i.readSerDataUSB)
    i.sendCommand                            0x00000c68   Section        0  main.o(i.sendCommand)
    i.stackDump                              0x00000c80   Section        0  retarget.o(i.stackDump)
    stackDump                                0x00000c81   Thumb Code    70  retarget.o(i.stackDump)
    .constdata                               0x00000d28   Section       32  system_m031series.o(.constdata)
    .constdata                               0x00000d48   Section       17  main.o(.constdata)
    .data                                    0x20000000   Section       12  system_m031series.o(.data)
    .data                                    0x2000000c   Section        4  retarget.o(.data)
    .data                                    0x20000010   Section        8  main.o(.data)
    .bss                                     0x20000018   Section       48  main.o(.bss)
    STACK                                    0x20000048   Section      512  startup_m031series.o(STACK)

    Global Symbols

    Symbol Name                              Value     Ov Type        Size  Object(Section)

    BuildAttributes$$THM_ISAv3M$S$PE$A:L22$X:L11$S22$IEEE1$IW$USESV6$~STKCKD$USESV7$~SHL$OTIME$ROPI$EBA8$MICROLIB$REQ8$PRES8$EABIv2 0x00000000   Number         0  anon$$obj.o ABSOLUTE
    __ARM_use_no_argv                        0x00000000   Number         0  main.o ABSOLUTE
    __Vectors                                0x00000000   Data           4  startup_m031series.o(RESET)
    _printf_a                                0x00000000   Number         0  stubs.o ABSOLUTE
    _printf_c                                0x00000000   Number         0  stubs.o ABSOLUTE
    _printf_charcount                        0x00000000   Number         0  stubs.o ABSOLUTE
    _printf_d                                0x00000000   Number         0  stubs.o ABSOLUTE
    _printf_e                                0x00000000   Number         0  stubs.o ABSOLUTE
    _printf_f                                0x00000000   Number         0  stubs.o ABSOLUTE
    _printf_flags                            0x00000000   Number         0  stubs.o ABSOLUTE
    _printf_fp_dec                           0x00000000   Number         0  stubs.o ABSOLUTE
    _printf_fp_hex                           0x00000000   Number         0  stubs.o ABSOLUTE
    _printf_g                                0x00000000   Number         0  stubs.o ABSOLUTE
    _printf_i                                0x00000000   Number         0  stubs.o ABSOLUTE
    _printf_int_dec                          0x00000000   Number         0  stubs.o ABSOLUTE
    _printf_l                                0x00000000   Number         0  stubs.o ABSOLUTE
    _printf_lc                               0x00000000   Number         0  stubs.o ABSOLUTE
    _printf_ll                               0x00000000   Number         0  stubs.o ABSOLUTE
    _printf_lld                              0x00000000   Number         0  stubs.o ABSOLUTE
    _printf_lli                              0x00000000   Number         0  stubs.o ABSOLUTE
    _printf_llo                              0x00000000   Number         0  stubs.o ABSOLUTE
    _printf_llu                              0x00000000   Number         0  stubs.o ABSOLUTE
    _printf_llx                              0x00000000   Number         0  stubs.o ABSOLUTE
    _printf_longlong_dec                     0x00000000   Number         0  stubs.o ABSOLUTE
    _printf_longlong_hex                     0x00000000   Number         0  stubs.o ABSOLUTE
    _printf_longlong_oct                     0x00000000   Number         0  stubs.o ABSOLUTE
    _printf_ls                               0x00000000   Number         0  stubs.o ABSOLUTE
    _printf_mbtowc                           0x00000000   Number         0  stubs.o ABSOLUTE
    _printf_n                                0x00000000   Number         0  stubs.o ABSOLUTE
    _printf_o                                0x00000000   Number         0  stubs.o ABSOLUTE
    _printf_p                                0x00000000   Number         0  stubs.o ABSOLUTE
    _printf_percent                          0x00000000   Number         0  stubs.o ABSOLUTE
    _printf_pre_padding                      0x00000000   Number         0  stubs.o ABSOLUTE
    _printf_return_value                     0x00000000   Number         0  stubs.o ABSOLUTE
    _printf_s                                0x00000000   Number         0  stubs.o ABSOLUTE
    _printf_sizespec                         0x00000000   Number         0  stubs.o ABSOLUTE
    _printf_str                              0x00000000   Number         0  stubs.o ABSOLUTE
    _printf_truncate_signed                  0x00000000   Number         0  stubs.o ABSOLUTE
    _printf_truncate_unsigned                0x00000000   Number         0  stubs.o ABSOLUTE
    _printf_u                                0x00000000   Number         0  stubs.o ABSOLUTE
    _printf_wc                               0x00000000   Number         0  stubs.o ABSOLUTE
    _printf_wctomb                           0x00000000   Number         0  stubs.o ABSOLUTE
    _printf_widthprec                        0x00000000   Number         0  stubs.o ABSOLUTE
    _printf_x                                0x00000000   Number         0  stubs.o ABSOLUTE
    __arm_fini_                               - Undefined Weak Reference
    __cpp_initialize__aeabi_                  - Undefined Weak Reference
    __cxa_finalize                            - Undefined Weak Reference
    __decompress                              - Undefined Weak Reference
    _clock_init                               - Undefined Weak Reference
    _microlib_exit                            - Undefined Weak Reference
    __main                                   0x000000c1   Thumb Code     0  entry.o(.ARM.Collect$$$$00000000)
    _main_stk                                0x000000c1   Thumb Code     0  entry2.o(.ARM.Collect$$$$00000001)
    _main_scatterload                        0x000000c5   Thumb Code     0  entry5.o(.ARM.Collect$$$$00000004)
    __main_after_scatterload                 0x000000c9   Thumb Code     0  entry5.o(.ARM.Collect$$$$00000004)
    _main_clock                              0x000000c9   Thumb Code     0  entry7b.o(.ARM.Collect$$$$00000008)
    _main_cpp_init                           0x000000c9   Thumb Code     0  entry8b.o(.ARM.Collect$$$$0000000A)
    _main_init                               0x000000c9   Thumb Code     0  entry9a.o(.ARM.Collect$$$$0000000B)
    __rt_lib_shutdown_fini                   0x000000d1   Thumb Code     0  entry12b.o(.ARM.Collect$$$$0000000E)
    __rt_final_cpp                           0x000000d5   Thumb Code     0  entry10a.o(.ARM.Collect$$$$0000000F)
    __rt_final_exit                          0x000000d5   Thumb Code     0  entry11a.o(.ARM.Collect$$$$00000011)
    HardFault_Handler                        0x000000d9   Thumb Code    24  retarget.o(.emb_text)
    Reset_Handler                            0x000000f5   Thumb Code    38  startup_m031series.o(.text)
    NMI_Handler                              0x0000011b   Thumb Code     2  startup_m031series.o(.text)
    SVC_Handler                              0x0000011f   Thumb Code     2  startup_m031series.o(.text)
    PendSV_Handler                           0x00000121   Thumb Code     2  startup_m031series.o(.text)
    SysTick_Handler                          0x00000123   Thumb Code     2  startup_m031series.o(.text)
    ACMP01_IRQHandler                        0x00000125   Thumb Code     0  startup_m031series.o(.text)
    ADC_IRQHandler                           0x00000125   Thumb Code     0  startup_m031series.o(.text)
    BOD_IRQHandler                           0x00000125   Thumb Code     0  startup_m031series.o(.text)
    BPWM0_IRQHandler                         0x00000125   Thumb Code     0  startup_m031series.o(.text)
    BPWM1_IRQHandler                         0x00000125   Thumb Code     0  startup_m031series.o(.text)
    CKFAIL_IRQHandler                        0x00000125   Thumb Code     0  startup_m031series.o(.text)
    EINT024_IRQHandler                       0x00000125   Thumb Code     0  startup_m031series.o(.text)
    EINT135_IRQHandler                       0x00000125   Thumb Code     0  startup_m031series.o(.text)
    GPABGH_IRQHandler                        0x00000125   Thumb Code     0  startup_m031series.o(.text)
    GPCDEF_IRQHandler                        0x00000125   Thumb Code     0  startup_m031series.o(.text)
    I2C0_IRQHandler                          0x00000125   Thumb Code     0  startup_m031series.o(.text)
    I2C1_IRQHandler                          0x00000125   Thumb Code     0  startup_m031series.o(.text)
    ISP_IRQHandler                           0x00000125   Thumb Code     0  startup_m031series.o(.text)
    PDMA_IRQHandler                          0x00000125   Thumb Code     0  startup_m031series.o(.text)
    PWM0_IRQHandler                          0x00000125   Thumb Code     0  startup_m031series.o(.text)
    PWM1_IRQHandler                          0x00000125   Thumb Code     0  startup_m031series.o(.text)
    PWRWU_IRQHandler                         0x00000125   Thumb Code     0  startup_m031series.o(.text)
    QSPI0_IRQHandler                         0x00000125   Thumb Code     0  startup_m031series.o(.text)
    RTC_IRQHandler                           0x00000125   Thumb Code     0  startup_m031series.o(.text)
    SPI0_IRQHandler                          0x00000125   Thumb Code     0  startup_m031series.o(.text)
    TMR0_IRQHandler                          0x00000125   Thumb Code     0  startup_m031series.o(.text)
    TMR1_IRQHandler                          0x00000125   Thumb Code     0  startup_m031series.o(.text)
    TMR2_IRQHandler                          0x00000125   Thumb Code     0  startup_m031series.o(.text)
    TMR3_IRQHandler                          0x00000125   Thumb Code     0  startup_m031series.o(.text)
    UART02_IRQHandler                        0x00000125   Thumb Code     0  startup_m031series.o(.text)
    UART46_IRQHandler                        0x00000125   Thumb Code     0  startup_m031series.o(.text)
    UART57_IRQHandler                        0x00000125   Thumb Code     0  startup_m031series.o(.text)
    USBD_IRQHandler                          0x00000125   Thumb Code     0  startup_m031series.o(.text)
    USCI01_IRQHandler                        0x00000125   Thumb Code     0  startup_m031series.o(.text)
    WDT_IRQHandler                           0x00000125   Thumb Code     0  startup_m031series.o(.text)
    __aeabi_uidiv                            0x00000151   Thumb Code     0  uidiv.o(.text)
    __aeabi_uidivmod                         0x00000151   Thumb Code    44  uidiv.o(.text)
    __aeabi_memcpy                           0x0000017d   Thumb Code    36  memcpya.o(.text)
    __aeabi_memcpy4                          0x0000017d   Thumb Code     0  memcpya.o(.text)
    __aeabi_memcpy8                          0x0000017d   Thumb Code     0  memcpya.o(.text)
    __aeabi_uldivmod                         0x000001a1   Thumb Code    96  uldiv.o(.text)
    __scatterload                            0x00000201   Thumb Code    28  init.o(.text)
    __scatterload_rt2                        0x00000201   Thumb Code     0  init.o(.text)
    __aeabi_llsl                             0x00000225   Thumb Code    32  llshl.o(.text)
    _ll_shift_l                              0x00000225   Thumb Code     0  llshl.o(.text)
    __aeabi_llsr                             0x00000245   Thumb Code    34  llushr.o(.text)
    _ll_ushift_r                             0x00000245   Thumb Code     0  llushr.o(.text)
    Hard_Fault_Handler                       0x00000269   Thumb Code    16  retarget.o(i.Hard_Fault_Handler)
    SYS_Init                                 0x00000291   Thumb Code   172  main.o(i.SYS_Init)
    SystemCoreClockUpdate                    0x00000365   Thumb Code   120  system_m031series.o(i.SystemCoreClockUpdate)
    SystemInit                               0x000003f9   Thumb Code    46  system_m031series.o(i.SystemInit)
    UART13_IRQHandler                        0x00000431   Thumb Code    32  main.o(i.UART13_IRQHandler)
    UART1_Init                               0x0000045d   Thumb Code    38  main.o(i.UART1_Init)
    UART2_Init                               0x0000048d   Thumb Code    30  main.o(i.UART2_Init)
    __0printf$5                              0x000004b5   Thumb Code    24  printf5.o(i.__0printf$5)
    __1printf$5                              0x000004b5   Thumb Code     0  printf5.o(i.__0printf$5)
    __2printf                                0x000004b5   Thumb Code     0  printf5.o(i.__0printf$5)
    __scatterload_copy                       0x000004d5   Thumb Code    14  handlers.o(i.__scatterload_copy)
    __scatterload_null                       0x000004e3   Thumb Code     2  handlers.o(i.__scatterload_null)
    __scatterload_zeroinit                   0x000004e5   Thumb Code    14  handlers.o(i.__scatterload_zeroinit)
    driveReady                               0x000007c9   Thumb Code    20  main.o(i.driveReady)
    fn_16tonib                               0x000007e1   Thumb Code    30  main.o(i.fn_16tonib)
    fn_enbisr                                0x00000805   Thumb Code    10  main.o(i.fn_enbisr)
    fn_nib2asc                               0x00000815   Thumb Code    22  main.o(i.fn_nib2asc)
    fn_rxfls                                 0x0000082d   Thumb Code    14  main.o(i.fn_rxfls)
    fn_softde                                0x00000841   Thumb Code    44  main.o(i.fn_softde)
    fn_tx3ff                                 0x00000875   Thumb Code    22  main.o(i.fn_tx3ff)
    fn_txfls                                 0x0000088d   Thumb Code    12  main.o(i.fn_txfls)
    fn_txt                                   0x0000089d   Thumb Code    94  main.o(i.fn_txt)
    fn_txthead                               0x00000909   Thumb Code    68  main.o(i.fn_txthead)
    fn_txts                                  0x00000951   Thumb Code    12  main.o(i.fn_txts)
    fn_txttrail                              0x00000961   Thumb Code    22  main.o(i.fn_txttrail)
    fn_txtxt                                 0x0000097d   Thumb Code    34  main.o(i.fn_txtxt)
    fputc                                    0x000009a5   Thumb Code    12  retarget.o(i.fputc)
    ini_end                                  0x000009b1   Thumb Code    20  main.o(i.ini_end)
    main                                     0x000009c9   Thumb Code    92  main.o(i.main)
    mount                                    0x00000a3d   Thumb Code    16  main.o(i.mount)
    portio_ini                               0x00000a4d   Thumb Code   432  main.o(i.portio_ini)
    rdDiskInfo                               0x00000c05   Thumb Code    68  main.o(i.rdDiskInfo)
    readSerDataUSB                           0x00000c51   Thumb Code    16  main.o(i.readSerDataUSB)
    sendCommand                              0x00000c69   Thumb Code    24  main.o(i.sendCommand)
    gau32ClkSrcTbl                           0x00000d28   Data          32  system_m031series.o(.constdata)
    rt_txt                                   0x00000d48   Data          17  main.o(.constdata)
    Region$$Table$$Base                      0x00000d5c   Number         0  anon$$obj.o(Region$$Table)
    Region$$Table$$Limit                     0x00000d7c   Number         0  anon$$obj.o(Region$$Table)
    SystemCoreClock                          0x20000000   Data           4  system_m031series.o(.data)
    CyclesPerUs                              0x20000004   Data           4  system_m031series.o(.data)
    PllClock                                 0x20000008   Data           4  system_m031series.o(.data)
    __stdout                                 0x2000000c   Data           4  retarget.o(.data)
    _deviceAttached                          0x20000010   Data           1  main.o(.data)
    stats                                    0x20000012   Data           2  main.o(.data)
    brxfls                                   0x20000014   Data           2  main.o(.data)
    ab                                       0x20000016   Data           2  main.o(.data)
    bcd                                      0x20000018   Data          16  main.o(.bss)
    bfrxfls                                  0x20000028   Data          20  main.o(.bss)
    _diskData                                0x2000003c   Data          12  main.o(.bss)
    __initial_sp                             0x20000248   Data           0  startup_m031series.o(STACK)



==============================================================================

Memory Map of the image

  Image Entry point : 0x000000f5

  Load Region LR_1 (Base: 0x00000000, Size: 0x00000d94, Max: 0xffffffff, ABSOLUTE)

    Execution Region ER_RO (Exec base: 0x00000000, Load base: 0x00000000, Size: 0x00000d7c, Max: 0xffffffff, ABSOLUTE)

    Exec Addr    Load Addr    Size         Type   Attr      Idx    E Section Name        Object

    0x00000000   0x00000000   0x000000c0   Data   RO          213    RESET               startup_m031series.o
    0x000000c0   0x000000c0   0x00000000   Code   RO          565  * .ARM.Collect$$$$00000000  mc_p.l(entry.o)
    0x000000c0   0x000000c0   0x00000004   Code   RO          839    .ARM.Collect$$$$00000001  mc_p.l(entry2.o)
    0x000000c4   0x000000c4   0x00000004   Code   RO          842    .ARM.Collect$$$$00000004  mc_p.l(entry5.o)
    0x000000c8   0x000000c8   0x00000000   Code   RO          844    .ARM.Collect$$$$00000008  mc_p.l(entry7b.o)
    0x000000c8   0x000000c8   0x00000000   Code   RO          846    .ARM.Collect$$$$0000000A  mc_p.l(entry8b.o)
    0x000000c8   0x000000c8   0x00000008   Code   RO          847    .ARM.Collect$$$$0000000B  mc_p.l(entry9a.o)
    0x000000d0   0x000000d0   0x00000004   Code   RO          854    .ARM.Collect$$$$0000000E  mc_p.l(entry12b.o)
    0x000000d4   0x000000d4   0x00000000   Code   RO          849    .ARM.Collect$$$$0000000F  mc_p.l(entry10a.o)
    0x000000d4   0x000000d4   0x00000000   Code   RO          851    .ARM.Collect$$$$00000011  mc_p.l(entry11a.o)
    0x000000d4   0x000000d4   0x00000004   Code   RO          840    .ARM.Collect$$$$00002712  mc_p.l(entry2.o)
    0x000000d8   0x000000d8   0x0000001c   Code   RO          220    .emb_text           retarget.o
    0x000000f4   0x000000f4   0x0000005c   Code   RO          214  * .text               startup_m031series.o
    0x00000150   0x00000150   0x0000002c   Code   RO          566    .text               mc_p.l(uidiv.o)
    0x0000017c   0x0000017c   0x00000024   Code   RO          568    .text               mc_p.l(memcpya.o)
    0x000001a0   0x000001a0   0x00000060   Code   RO          855    .text               mc_p.l(uldiv.o)
    0x00000200   0x00000200   0x00000024   Code   RO          870    .text               mc_p.l(init.o)
    0x00000224   0x00000224   0x00000020   Code   RO          872    .text               mc_p.l(llshl.o)
    0x00000244   0x00000244   0x00000022   Code   RO          874    .text               mc_p.l(llushr.o)
    0x00000266   0x00000266   0x00000002   PAD
    0x00000268   0x00000268   0x00000028   Code   RO          221    i.Hard_Fault_Handler  retarget.o
    0x00000290   0x00000290   0x000000b4   Code   RO          309    i.SYS_Init          main.o
    0x00000344   0x00000344   0x00000020   Code   RO          223    i.SendChar          retarget.o
    0x00000364   0x00000364   0x00000094   Code   RO            3    i.SystemCoreClockUpdate  system_m031series.o
    0x000003f8   0x000003f8   0x00000038   Code   RO            4    i.SystemInit        system_m031series.o
    0x00000430   0x00000430   0x0000002c   Code   RO          310    i.UART13_IRQHandler  main.o
    0x0000045c   0x0000045c   0x00000030   Code   RO          311    i.UART1_Init        main.o
    0x0000048c   0x0000048c   0x00000028   Code   RO          312    i.UART2_Init        main.o
    0x000004b4   0x000004b4   0x00000020   Code   RO          705    i.__0printf$5       mc_p.l(printf5.o)
    0x000004d4   0x000004d4   0x0000000e   Code   RO          884    i.__scatterload_copy  mc_p.l(handlers.o)
    0x000004e2   0x000004e2   0x00000002   Code   RO          885    i.__scatterload_null  mc_p.l(handlers.o)
    0x000004e4   0x000004e4   0x0000000e   Code   RO          886    i.__scatterload_zeroinit  mc_p.l(handlers.o)
    0x000004f2   0x000004f2   0x00000002   PAD
    0x000004f4   0x000004f4   0x000002d4   Code   RO          712    i._printf_core      mc_p.l(printf5.o)
    0x000007c8   0x000007c8   0x00000018   Code   RO          313    i.driveReady        main.o
    0x000007e0   0x000007e0   0x00000024   Code   RO          314    i.fn_16tonib        main.o
    0x00000804   0x00000804   0x00000010   Code   RO          318    i.fn_enbisr         main.o
    0x00000814   0x00000814   0x00000016   Code   RO          319    i.fn_nib2asc        main.o
    0x0000082a   0x0000082a   0x00000002   PAD
    0x0000082c   0x0000082c   0x00000014   Code   RO          320    i.fn_rxfls          main.o
    0x00000840   0x00000840   0x00000034   Code   RO          321    i.fn_softde         main.o
    0x00000874   0x00000874   0x00000016   Code   RO          322    i.fn_tx3ff          main.o
    0x0000088a   0x0000088a   0x00000002   PAD
    0x0000088c   0x0000088c   0x00000010   Code   RO          323    i.fn_txfls          main.o
    0x0000089c   0x0000089c   0x0000006c   Code   RO          324    i.fn_txt            main.o
    0x00000908   0x00000908   0x00000048   Code   RO          325    i.fn_txthead        main.o
    0x00000950   0x00000950   0x00000010   Code   RO          326    i.fn_txts           main.o
    0x00000960   0x00000960   0x0000001c   Code   RO          327    i.fn_txttrail       main.o
    0x0000097c   0x0000097c   0x00000028   Code   RO          328    i.fn_txtxt          main.o
    0x000009a4   0x000009a4   0x0000000c   Code   RO          227    i.fputc             retarget.o
    0x000009b0   0x000009b0   0x00000018   Code   RO          329    i.ini_end           main.o
    0x000009c8   0x000009c8   0x00000074   Code   RO          330    i.main              main.o
    0x00000a3c   0x00000a3c   0x00000010   Code   RO          331    i.mount             main.o
    0x00000a4c   0x00000a4c   0x000001b8   Code   RO          333    i.portio_ini        main.o
    0x00000c04   0x00000c04   0x0000004c   Code   RO          334    i.rdDiskInfo        main.o
    0x00000c50   0x00000c50   0x00000018   Code   RO          335    i.readSerDataUSB    main.o
    0x00000c68   0x00000c68   0x00000018   Code   RO          336    i.sendCommand       main.o
    0x00000c80   0x00000c80   0x000000a8   Code   RO          229    i.stackDump         retarget.o
    0x00000d28   0x00000d28   0x00000020   Data   RO            5    .constdata          system_m031series.o
    0x00000d48   0x00000d48   0x00000011   Data   RO          407    .constdata          main.o
    0x00000d59   0x00000d59   0x00000003   PAD
    0x00000d5c   0x00000d5c   0x00000020   Data   RO          882    Region$$Table       anon$$obj.o


    Execution Region ER_RW (Exec base: 0x20000000, Load base: 0x00000d7c, Size: 0x00000018, Max: 0xffffffff, ABSOLUTE)

    Exec Addr    Load Addr    Size         Type   Attr      Idx    E Section Name        Object

    0x20000000   0x00000d7c   0x0000000c   Data   RW            6    .data               system_m031series.o
    0x2000000c   0x00000d88   0x00000004   Data   RW          230    .data               retarget.o
    0x20000010   0x00000d8c   0x00000008   Data   RW          408    .data               main.o


    Execution Region ER_ZI (Exec base: 0x20000018, Load base: 0x00000d94, Size: 0x00000230, Max: 0xffffffff, ABSOLUTE)

    Exec Addr    Load Addr    Size         Type   Attr      Idx    E Section Name        Object

    0x20000018        -       0x00000030   Zero   RW          337    .bss                main.o
    0x20000048        -       0x00000200   Zero   RW          211    STACK               startup_m031series.o


==============================================================================

Image component sizes


      Code (inc. data)   RO Data    RW Data    ZI Data      Debug   Object Name

      1504        160         17          8         48      24307   main.o
       280        132          0          4          0       4967   retarget.o
        92         42        192          0        512        760   startup_m031series.o
       204         38         32         12          0      88918   system_m031series.o

    ----------------------------------------------------------------------
      2084        372        276         24        560     118952   Object Totals
         0          0         32          0          0          0   (incl. Generated)
         4          0          3          0          0          0   (incl. Padding)

    ----------------------------------------------------------------------

      Code (inc. data)   RO Data    RW Data    ZI Data      Debug   Library Member Name

         0          0          0          0          0          0   entry.o
         0          0          0          0          0          0   entry10a.o
         0          0          0          0          0          0   entry11a.o
         4          0          0          0          0          0   entry12b.o
         8          4          0          0          0          0   entry2.o
         4          0          0          0          0          0   entry5.o
         0          0          0          0          0          0   entry7b.o
         0          0          0          0          0          0   entry8b.o
         8          4          0          0          0          0   entry9a.o
        30          0          0          0          0          0   handlers.o
        36          8          0          0          0         68   init.o
        32          0          0          0          0         68   llshl.o
        34          0          0          0          0         68   llushr.o
        36          0          0          0          0         60   memcpya.o
       756         52          0          0          0        168   printf5.o
        44          0          0          0          0         72   uidiv.o
        96          0          0          0          0         84   uldiv.o

    ----------------------------------------------------------------------
      1092         68          0          0          0        588   Library Totals
         4          0          0          0          0          0   (incl. Padding)

    ----------------------------------------------------------------------

      Code (inc. data)   RO Data    RW Data    ZI Data      Debug   Library Name

      1088         68          0          0          0        588   mc_p.l

    ----------------------------------------------------------------------
      1092         68          0          0          0        588   Library Totals

    ----------------------------------------------------------------------

==============================================================================


      Code (inc. data)   RO Data    RW Data    ZI Data      Debug   

      3176        440        276         24        560     118320   Grand Totals
      3176        440        276         24        560     118320   ELF Image Totals
      3176        440        276         24          0          0   ROM Totals

==============================================================================

    Total RO  Size (Code + RO Data)                 3452 (   3.37kB)
    Total RW  Size (RW Data + ZI Data)               584 (   0.57kB)
    Total ROM Size (Code + RO Data + RW Data)       3476 (   3.39kB)

==============================================================================

