Component: ARM Compiler 5.06 update 7 (build 960) Tool: armlink [4d3601]

==============================================================================

Small function inlining results

Inlined total of 0 calls.

==============================================================================

Image Symbol Table

    Local Symbols

    Symbol Name                              Value     Ov Type        Size  Object(Section)

    RESET                                    0x00000000   Section      192  startup_m031series.o(RESET)
    ../clib/microlib/division.c              0x00000000   Number         0  uldiv.o ABSOLUTE
    ../clib/microlib/division.c              0x00000000   Number         0  uidiv.o ABSOLUTE
    ../clib/microlib/init/entry.s            0x00000000   Number         0  entry5.o ABSOLUTE
    ../clib/microlib/init/entry.s            0x00000000   Number         0  entry.o ABSOLUTE
    ../clib/microlib/init/entry.s            0x00000000   Number         0  entry8a.o ABSOLUTE
    ../clib/microlib/init/entry.s            0x00000000   Number         0  entry7b.o ABSOLUTE
    ../clib/microlib/init/entry.s            0x00000000   Number         0  entry7a.o ABSOLUTE
    ../clib/microlib/init/entry.s            0x00000000   Number         0  entry8b.o ABSOLUTE
    ../clib/microlib/init/entry.s            0x00000000   Number         0  entry12b.o ABSOLUTE
    ../clib/microlib/init/entry.s            0x00000000   Number         0  entry10b.o ABSOLUTE
    ../clib/microlib/init/entry.s            0x00000000   Number         0  entry2.o ABSOLUTE
    ../clib/microlib/init/entry.s            0x00000000   Number         0  entry9a.o ABSOLUTE
    ../clib/microlib/init/entry.s            0x00000000   Number         0  entry9b.o ABSOLUTE
    ../clib/microlib/init/entry.s            0x00000000   Number         0  entry10a.o ABSOLUTE
    ../clib/microlib/init/entry.s            0x00000000   Number         0  entry11a.o ABSOLUTE
    ../clib/microlib/init/entry.s            0x00000000   Number         0  entry11b.o ABSOLUTE
    ../clib/microlib/init/entry.s            0x00000000   Number         0  entry12a.o ABSOLUTE
    ../clib/microlib/longlong.c              0x00000000   Number         0  llshl.o ABSOLUTE
    ../clib/microlib/longlong.c              0x00000000   Number         0  llsshr.o ABSOLUTE
    ../clib/microlib/longlong.c              0x00000000   Number         0  llushr.o ABSOLUTE
    ../clib/microlib/printf/printf.c         0x00000000   Number         0  printfa.o ABSOLUTE
    ../clib/microlib/printf/printf.c         0x00000000   Number         0  printf0.o ABSOLUTE
    ../clib/microlib/printf/printf.c         0x00000000   Number         0  printf4.o ABSOLUTE
    ../clib/microlib/printf/printf.c         0x00000000   Number         0  printf1.o ABSOLUTE
    ../clib/microlib/printf/printf.c         0x00000000   Number         0  printf2.o ABSOLUTE
    ../clib/microlib/printf/printf.c         0x00000000   Number         0  printf3.o ABSOLUTE
    ../clib/microlib/printf/printf.c         0x00000000   Number         0  printf5.o ABSOLUTE
    ../clib/microlib/printf/printf.c         0x00000000   Number         0  printf6.o ABSOLUTE
    ../clib/microlib/printf/printf.c         0x00000000   Number         0  printf7.o ABSOLUTE
    ../clib/microlib/printf/printf.c         0x00000000   Number         0  printf8.o ABSOLUTE
    ../clib/microlib/printf/printf.c         0x00000000   Number         0  printfb.o ABSOLUTE
    ../clib/microlib/printf/stubs.s          0x00000000   Number         0  stubs.o ABSOLUTE
    ../clib/microlib/string/memcpy.c         0x00000000   Number         0  memcpyb.o ABSOLUTE
    ../clib/microlib/string/memcpy.c         0x00000000   Number         0  memcpya.o ABSOLUTE
    ../clib/microlib/stubs.s                 0x00000000   Number         0  iusefp.o ABSOLUTE
    ../fplib/microlib/fpadd.c                0x00000000   Number         0  dadd.o ABSOLUTE
    ../fplib/microlib/fpdiv.c                0x00000000   Number         0  ddiv.o ABSOLUTE
    ../fplib/microlib/fpepilogue.c           0x00000000   Number         0  depilogue.o ABSOLUTE
    ../fplib/microlib/fpfix.c                0x00000000   Number         0  dfixul.o ABSOLUTE
    ../fplib/microlib/fpmul.c                0x00000000   Number         0  dmul.o ABSOLUTE
    ..\..\..\..\Library\Device\Nuvoton\M031\Source\ARM\startup_M031Series.s 0x00000000   Number         0  startup_m031series.o ABSOLUTE
    ..\..\..\..\Library\Device\Nuvoton\M031\Source\system_M031Series.c 0x00000000   Number         0  system_m031series.o ABSOLUTE
    ..\..\..\..\Library\StdDriver\src\clk.c  0x00000000   Number         0  clk.o ABSOLUTE
    ..\..\..\..\Library\StdDriver\src\retarget.c 0x00000000   Number         0  retarget.o ABSOLUTE
    ..\..\..\..\Library\StdDriver\src\sys.c  0x00000000   Number         0  sys.o ABSOLUTE
    ..\..\..\..\Library\StdDriver\src\uart.c 0x00000000   Number         0  uart.o ABSOLUTE
    ..\\..\\..\\..\\Library\\Device\\Nuvoton\\M031\\Source\\system_M031Series.c 0x00000000   Number         0  system_m031series.o ABSOLUTE
    ..\\..\\..\\..\\Library\\StdDriver\\src\\clk.c 0x00000000   Number         0  clk.o ABSOLUTE
    ..\\..\\..\\..\\Library\\StdDriver\\src\\retarget.c 0x00000000   Number         0  retarget.o ABSOLUTE
    ..\\..\\..\\..\\Library\\StdDriver\\src\\sys.c 0x00000000   Number         0  sys.o ABSOLUTE
    ..\\..\\..\\..\\Library\\StdDriver\\src\\uart.c 0x00000000   Number         0  uart.o ABSOLUTE
    ..\\clk_conf.c                           0x00000000   Number         0  clk_conf.o ABSOLUTE
    ..\\int_handler.c                        0x00000000   Number         0  int_handler.o ABSOLUTE
    ..\\main.c                               0x00000000   Number         0  main.o ABSOLUTE
    ..\\periph_conf.c                        0x00000000   Number         0  periph_conf.o ABSOLUTE
    ..\\pin_conf.c                           0x00000000   Number         0  pin_conf.o ABSOLUTE
    ..\clk_conf.c                            0x00000000   Number         0  clk_conf.o ABSOLUTE
    ..\int_handler.c                         0x00000000   Number         0  int_handler.o ABSOLUTE
    ..\main.c                                0x00000000   Number         0  main.o ABSOLUTE
    ..\periph_conf.c                         0x00000000   Number         0  periph_conf.o ABSOLUTE
    ..\pin_conf.c                            0x00000000   Number         0  pin_conf.o ABSOLUTE
    cdrcmple.s                               0x00000000   Number         0  cdrcmple.o ABSOLUTE
    handlers.s                               0x00000000   Number         0  handlers.o ABSOLUTE
    init.s                                   0x00000000   Number         0  init.o ABSOLUTE
    .ARM.Collect$$$$00000000                 0x000000c0   Section        0  entry.o(.ARM.Collect$$$$00000000)
    .ARM.Collect$$$$00000001                 0x000000c0   Section        4  entry2.o(.ARM.Collect$$$$00000001)
    .ARM.Collect$$$$00000004                 0x000000c4   Section        4  entry5.o(.ARM.Collect$$$$00000004)
    .ARM.Collect$$$$00000008                 0x000000c8   Section        0  entry7b.o(.ARM.Collect$$$$00000008)
    .ARM.Collect$$$$0000000A                 0x000000c8   Section        0  entry8b.o(.ARM.Collect$$$$0000000A)
    .ARM.Collect$$$$0000000B                 0x000000c8   Section        8  entry9a.o(.ARM.Collect$$$$0000000B)
    .ARM.Collect$$$$0000000E                 0x000000d0   Section        4  entry12b.o(.ARM.Collect$$$$0000000E)
    .ARM.Collect$$$$0000000F                 0x000000d4   Section        0  entry10a.o(.ARM.Collect$$$$0000000F)
    .ARM.Collect$$$$00000011                 0x000000d4   Section        0  entry11a.o(.ARM.Collect$$$$00000011)
    .ARM.Collect$$$$00002712                 0x000000d4   Section        4  entry2.o(.ARM.Collect$$$$00002712)
    __lit__00000000                          0x000000d4   Data           4  entry2.o(.ARM.Collect$$$$00002712)
    .emb_text                                0x000000d8   Section       28  retarget.o(.emb_text)
    .text                                    0x000000f4   Section       92  startup_m031series.o(.text)
    Default_Handler                          0x00000125   Thumb Code     2  startup_m031series.o(.text)
    .text                                    0x00000150   Section        0  uidiv.o(.text)
    .text                                    0x0000017c   Section        0  memcpya.o(.text)
    .text                                    0x000001a0   Section        0  dadd.o(.text)
    .text                                    0x00000308   Section       40  cdrcmple.o(.text)
    .text                                    0x00000330   Section        0  uldiv.o(.text)
    .text                                    0x00000390   Section        0  llshl.o(.text)
    .text                                    0x000003b0   Section        0  llsshr.o(.text)
    .text                                    0x000003d6   Section        0  iusefp.o(.text)
    .text                                    0x000003d6   Section        0  depilogue.o(.text)
    .text                                    0x00000494   Section       36  init.o(.text)
    .text                                    0x000004b8   Section        0  llushr.o(.text)
    i.CLK_EnableModuleClock                  0x000004dc   Section        0  clk.o(i.CLK_EnableModuleClock)
    i.CLK_EnableXtalRC                       0x0000050c   Section        0  clk.o(i.CLK_EnableXtalRC)
    i.CLK_GetPCLK0Freq                       0x0000051c   Section        0  clk.o(i.CLK_GetPCLK0Freq)
    i.CLK_GetPCLK1Freq                       0x0000053c   Section        0  clk.o(i.CLK_GetPCLK1Freq)
    i.CLK_GetPLLClockFreq                    0x0000055c   Section        0  uart.o(i.CLK_GetPLLClockFreq)
    CLK_GetPLLClockFreq                      0x0000055d   Thumb Code    70  uart.o(i.CLK_GetPLLClockFreq)
    i.CLK_SetHCLK                            0x000005b4   Section        0  clk.o(i.CLK_SetHCLK)
    i.CLK_SetModuleClock                     0x00000604   Section        0  clk.o(i.CLK_SetModuleClock)
    i.CLK_WaitClockReady                     0x00000674   Section        0  clk.o(i.CLK_WaitClockReady)
    i.Clock_Init                             0x000006b4   Section        0  clk_conf.o(i.Clock_Init)
    i.Hard_Fault_Handler                     0x000006cc   Section        0  retarget.o(i.Hard_Fault_Handler)
    __tagsym$$used                           0x000006cd   Number         0  retarget.o(i.Hard_Fault_Handler)
    i.MyProject_init_base                    0x000006f4   Section        0  clk_conf.o(i.MyProject_init_base)
    i.MyProject_init_ice                     0x00000718   Section        0  pin_conf.o(i.MyProject_init_ice)
    i.MyProject_init_uart0                   0x00000730   Section        0  clk_conf.o(i.MyProject_init_uart0)
    i.MyProject_pin_init_uart0               0x0000074c   Section        0  pin_conf.o(i.MyProject_pin_init_uart0)
    i.Periph_Init                            0x00000768   Section        0  periph_conf.o(i.Periph_Init)
    i.Pin_Init                               0x00000770   Section        0  pin_conf.o(i.Pin_Init)
    i.SendChar                               0x0000077c   Section        0  retarget.o(i.SendChar)
    SendChar                                 0x0000077d   Thumb Code    26  retarget.o(i.SendChar)
    i.SystemCoreClockUpdate                  0x0000079c   Section        0  system_m031series.o(i.SystemCoreClockUpdate)
    i.SystemInit                             0x00000830   Section        0  system_m031series.o(i.SystemInit)
    i.System_Init                            0x00000868   Section        0  main.o(i.System_Init)
    i.UART02_IRQHandler                      0x00000894   Section        0  int_handler.o(i.UART02_IRQHandler)
    i.UART0_Init                             0x00000898   Section        0  periph_conf.o(i.UART0_Init)
    i.UART_Open                              0x000008c4   Section        0  uart.o(i.UART_Open)
    i.UART_SetLine_Config                    0x00000a20   Section        0  uart.o(i.UART_SetLine_Config)
    i.__0printf$5                            0x00000b74   Section        0  printf5.o(i.__0printf$5)
    i.__ARM_clz                              0x00000b94   Section        0  depilogue.o(i.__ARM_clz)
    i.__scatterload_copy                     0x00000bc2   Section       14  handlers.o(i.__scatterload_copy)
    i.__scatterload_null                     0x00000bd0   Section        2  handlers.o(i.__scatterload_null)
    i.__scatterload_zeroinit                 0x00000bd2   Section       14  handlers.o(i.__scatterload_zeroinit)
    i._printf_core                           0x00000be0   Section        0  printf5.o(i._printf_core)
    _printf_core                             0x00000be1   Thumb Code   680  printf5.o(i._printf_core)
    i.delay                                  0x00000eb4   Section        0  main.o(i.delay)
    i.fputc                                  0x00000ee0   Section        0  retarget.o(i.fputc)
    i.main                                   0x00000eec   Section        0  main.o(i.main)
    i.stackDump                              0x00000f5c   Section        0  retarget.o(i.stackDump)
    stackDump                                0x00000f5d   Thumb Code    70  retarget.o(i.stackDump)
    .constdata                               0x00001004   Section       32  system_m031series.o(.constdata)
    .constdata                               0x00001024   Section       56  clk.o(.constdata)
    .constdata                               0x0000105c   Section       72  uart.o(.constdata)
    .data                                    0x20000000   Section       12  system_m031series.o(.data)
    .data                                    0x2000000c   Section        4  clk.o(.data)
    .data                                    0x20000010   Section        4  retarget.o(.data)
    STACK                                    0x20000018   Section      512  startup_m031series.o(STACK)

    Global Symbols

    Symbol Name                              Value     Ov Type        Size  Object(Section)

    BuildAttributes$$THM_ISAv3M$S$PE$A:L22$X:L11$S22$IEEE1$IW$USESV6$~STKCKD$USESV7$~SHL$OSPACE$ROPI$EBA8$MICROLIB$REQ8$PRES8$EABIv2 0x00000000   Number         0  anon$$obj.o ABSOLUTE
    __ARM_use_no_argv                        0x00000000   Number         0  main.o ABSOLUTE
    __Vectors                                0x00000000   Data           4  startup_m031series.o(RESET)
    _printf_a                                0x00000000   Number         0  stubs.o ABSOLUTE
    _printf_c                                0x00000000   Number         0  stubs.o ABSOLUTE
    _printf_charcount                        0x00000000   Number         0  stubs.o ABSOLUTE
    _printf_d                                0x00000000   Number         0  stubs.o ABSOLUTE
    _printf_e                                0x00000000   Number         0  stubs.o ABSOLUTE
    _printf_f                                0x00000000   Number         0  stubs.o ABSOLUTE
    _printf_flags                            0x00000000   Number         0  stubs.o ABSOLUTE
    _printf_fp_dec                           0x00000000   Number         0  stubs.o ABSOLUTE
    _printf_fp_hex                           0x00000000   Number         0  stubs.o ABSOLUTE
    _printf_g                                0x00000000   Number         0  stubs.o ABSOLUTE
    _printf_i                                0x00000000   Number         0  stubs.o ABSOLUTE
    _printf_int_dec                          0x00000000   Number         0  stubs.o ABSOLUTE
    _printf_l                                0x00000000   Number         0  stubs.o ABSOLUTE
    _printf_lc                               0x00000000   Number         0  stubs.o ABSOLUTE
    _printf_ll                               0x00000000   Number         0  stubs.o ABSOLUTE
    _printf_lld                              0x00000000   Number         0  stubs.o ABSOLUTE
    _printf_lli                              0x00000000   Number         0  stubs.o ABSOLUTE
    _printf_llo                              0x00000000   Number         0  stubs.o ABSOLUTE
    _printf_llu                              0x00000000   Number         0  stubs.o ABSOLUTE
    _printf_llx                              0x00000000   Number         0  stubs.o ABSOLUTE
    _printf_longlong_dec                     0x00000000   Number         0  stubs.o ABSOLUTE
    _printf_longlong_hex                     0x00000000   Number         0  stubs.o ABSOLUTE
    _printf_longlong_oct                     0x00000000   Number         0  stubs.o ABSOLUTE
    _printf_ls                               0x00000000   Number         0  stubs.o ABSOLUTE
    _printf_mbtowc                           0x00000000   Number         0  stubs.o ABSOLUTE
    _printf_n                                0x00000000   Number         0  stubs.o ABSOLUTE
    _printf_o                                0x00000000   Number         0  stubs.o ABSOLUTE
    _printf_p                                0x00000000   Number         0  stubs.o ABSOLUTE
    _printf_percent                          0x00000000   Number         0  stubs.o ABSOLUTE
    _printf_pre_padding                      0x00000000   Number         0  stubs.o ABSOLUTE
    _printf_return_value                     0x00000000   Number         0  stubs.o ABSOLUTE
    _printf_s                                0x00000000   Number         0  stubs.o ABSOLUTE
    _printf_sizespec                         0x00000000   Number         0  stubs.o ABSOLUTE
    _printf_str                              0x00000000   Number         0  stubs.o ABSOLUTE
    _printf_truncate_signed                  0x00000000   Number         0  stubs.o ABSOLUTE
    _printf_truncate_unsigned                0x00000000   Number         0  stubs.o ABSOLUTE
    _printf_u                                0x00000000   Number         0  stubs.o ABSOLUTE
    _printf_wc                               0x00000000   Number         0  stubs.o ABSOLUTE
    _printf_wctomb                           0x00000000   Number         0  stubs.o ABSOLUTE
    _printf_widthprec                        0x00000000   Number         0  stubs.o ABSOLUTE
    _printf_x                                0x00000000   Number         0  stubs.o ABSOLUTE
    __arm_fini_                               - Undefined Weak Reference
    __cpp_initialize__aeabi_                  - Undefined Weak Reference
    __cxa_finalize                            - Undefined Weak Reference
    __decompress                              - Undefined Weak Reference
    _clock_init                               - Undefined Weak Reference
    _microlib_exit                            - Undefined Weak Reference
    __main                                   0x000000c1   Thumb Code     0  entry.o(.ARM.Collect$$$$00000000)
    _main_stk                                0x000000c1   Thumb Code     0  entry2.o(.ARM.Collect$$$$00000001)
    _main_scatterload                        0x000000c5   Thumb Code     0  entry5.o(.ARM.Collect$$$$00000004)
    __main_after_scatterload                 0x000000c9   Thumb Code     0  entry5.o(.ARM.Collect$$$$00000004)
    _main_clock                              0x000000c9   Thumb Code     0  entry7b.o(.ARM.Collect$$$$00000008)
    _main_cpp_init                           0x000000c9   Thumb Code     0  entry8b.o(.ARM.Collect$$$$0000000A)
    _main_init                               0x000000c9   Thumb Code     0  entry9a.o(.ARM.Collect$$$$0000000B)
    __rt_lib_shutdown_fini                   0x000000d1   Thumb Code     0  entry12b.o(.ARM.Collect$$$$0000000E)
    __rt_final_cpp                           0x000000d5   Thumb Code     0  entry10a.o(.ARM.Collect$$$$0000000F)
    __rt_final_exit                          0x000000d5   Thumb Code     0  entry11a.o(.ARM.Collect$$$$00000011)
    HardFault_Handler                        0x000000d9   Thumb Code    24  retarget.o(.emb_text)
    Reset_Handler                            0x000000f5   Thumb Code    38  startup_m031series.o(.text)
    NMI_Handler                              0x0000011b   Thumb Code     2  startup_m031series.o(.text)
    SVC_Handler                              0x0000011f   Thumb Code     2  startup_m031series.o(.text)
    PendSV_Handler                           0x00000121   Thumb Code     2  startup_m031series.o(.text)
    SysTick_Handler                          0x00000123   Thumb Code     2  startup_m031series.o(.text)
    ACMP01_IRQHandler                        0x00000125   Thumb Code     0  startup_m031series.o(.text)
    ADC_IRQHandler                           0x00000125   Thumb Code     0  startup_m031series.o(.text)
    BOD_IRQHandler                           0x00000125   Thumb Code     0  startup_m031series.o(.text)
    BPWM0_IRQHandler                         0x00000125   Thumb Code     0  startup_m031series.o(.text)
    BPWM1_IRQHandler                         0x00000125   Thumb Code     0  startup_m031series.o(.text)
    CKFAIL_IRQHandler                        0x00000125   Thumb Code     0  startup_m031series.o(.text)
    EINT024_IRQHandler                       0x00000125   Thumb Code     0  startup_m031series.o(.text)
    EINT135_IRQHandler                       0x00000125   Thumb Code     0  startup_m031series.o(.text)
    GPABGH_IRQHandler                        0x00000125   Thumb Code     0  startup_m031series.o(.text)
    GPCDEF_IRQHandler                        0x00000125   Thumb Code     0  startup_m031series.o(.text)
    I2C0_IRQHandler                          0x00000125   Thumb Code     0  startup_m031series.o(.text)
    I2C1_IRQHandler                          0x00000125   Thumb Code     0  startup_m031series.o(.text)
    ISP_IRQHandler                           0x00000125   Thumb Code     0  startup_m031series.o(.text)
    PDMA_IRQHandler                          0x00000125   Thumb Code     0  startup_m031series.o(.text)
    PWM0_IRQHandler                          0x00000125   Thumb Code     0  startup_m031series.o(.text)
    PWM1_IRQHandler                          0x00000125   Thumb Code     0  startup_m031series.o(.text)
    PWRWU_IRQHandler                         0x00000125   Thumb Code     0  startup_m031series.o(.text)
    QSPI0_IRQHandler                         0x00000125   Thumb Code     0  startup_m031series.o(.text)
    RTC_IRQHandler                           0x00000125   Thumb Code     0  startup_m031series.o(.text)
    SPI0_IRQHandler                          0x00000125   Thumb Code     0  startup_m031series.o(.text)
    TMR0_IRQHandler                          0x00000125   Thumb Code     0  startup_m031series.o(.text)
    TMR1_IRQHandler                          0x00000125   Thumb Code     0  startup_m031series.o(.text)
    TMR2_IRQHandler                          0x00000125   Thumb Code     0  startup_m031series.o(.text)
    TMR3_IRQHandler                          0x00000125   Thumb Code     0  startup_m031series.o(.text)
    UART13_IRQHandler                        0x00000125   Thumb Code     0  startup_m031series.o(.text)
    UART46_IRQHandler                        0x00000125   Thumb Code     0  startup_m031series.o(.text)
    UART57_IRQHandler                        0x00000125   Thumb Code     0  startup_m031series.o(.text)
    USBD_IRQHandler                          0x00000125   Thumb Code     0  startup_m031series.o(.text)
    USCI01_IRQHandler                        0x00000125   Thumb Code     0  startup_m031series.o(.text)
    WDT_IRQHandler                           0x00000125   Thumb Code     0  startup_m031series.o(.text)
    __aeabi_uidiv                            0x00000151   Thumb Code     0  uidiv.o(.text)
    __aeabi_uidivmod                         0x00000151   Thumb Code    44  uidiv.o(.text)
    __aeabi_memcpy                           0x0000017d   Thumb Code    36  memcpya.o(.text)
    __aeabi_memcpy4                          0x0000017d   Thumb Code     0  memcpya.o(.text)
    __aeabi_memcpy8                          0x0000017d   Thumb Code     0  memcpya.o(.text)
    __aeabi_dadd                             0x000001a1   Thumb Code   330  dadd.o(.text)
    __aeabi_dsub                             0x000002eb   Thumb Code    12  dadd.o(.text)
    __aeabi_drsub                            0x000002f7   Thumb Code    12  dadd.o(.text)
    __aeabi_cdrcmple                         0x00000309   Thumb Code    38  cdrcmple.o(.text)
    __aeabi_uldivmod                         0x00000331   Thumb Code    96  uldiv.o(.text)
    __aeabi_llsl                             0x00000391   Thumb Code    32  llshl.o(.text)
    _ll_shift_l                              0x00000391   Thumb Code     0  llshl.o(.text)
    __aeabi_lasr                             0x000003b1   Thumb Code    38  llsshr.o(.text)
    _ll_sshift_r                             0x000003b1   Thumb Code     0  llsshr.o(.text)
    __I$use$fp                               0x000003d7   Thumb Code     0  iusefp.o(.text)
    _double_round                            0x000003d7   Thumb Code    26  depilogue.o(.text)
    _double_epilogue                         0x000003f1   Thumb Code   164  depilogue.o(.text)
    __scatterload                            0x00000495   Thumb Code    28  init.o(.text)
    __scatterload_rt2                        0x00000495   Thumb Code     0  init.o(.text)
    __aeabi_llsr                             0x000004b9   Thumb Code    34  llushr.o(.text)
    _ll_ushift_r                             0x000004b9   Thumb Code     0  llushr.o(.text)
    CLK_EnableModuleClock                    0x000004dd   Thumb Code    40  clk.o(i.CLK_EnableModuleClock)
    CLK_EnableXtalRC                         0x0000050d   Thumb Code    10  clk.o(i.CLK_EnableXtalRC)
    CLK_GetPCLK0Freq                         0x0000051d   Thumb Code    22  clk.o(i.CLK_GetPCLK0Freq)
    CLK_GetPCLK1Freq                         0x0000053d   Thumb Code    22  clk.o(i.CLK_GetPCLK1Freq)
    CLK_SetHCLK                              0x000005b5   Thumb Code    76  clk.o(i.CLK_SetHCLK)
    CLK_SetModuleClock                       0x00000605   Thumb Code   102  clk.o(i.CLK_SetModuleClock)
    CLK_WaitClockReady                       0x00000675   Thumb Code    52  clk.o(i.CLK_WaitClockReady)
    Clock_Init                               0x000006b5   Thumb Code    22  clk_conf.o(i.Clock_Init)
    Hard_Fault_Handler                       0x000006cd   Thumb Code    16  retarget.o(i.Hard_Fault_Handler)
    MyProject_init_base                      0x000006f5   Thumb Code    30  clk_conf.o(i.MyProject_init_base)
    MyProject_init_ice                       0x00000719   Thumb Code    20  pin_conf.o(i.MyProject_init_ice)
    MyProject_init_uart0                     0x00000731   Thumb Code    24  clk_conf.o(i.MyProject_init_uart0)
    MyProject_pin_init_uart0                 0x0000074d   Thumb Code    24  pin_conf.o(i.MyProject_pin_init_uart0)
    Periph_Init                              0x00000769   Thumb Code     8  periph_conf.o(i.Periph_Init)
    Pin_Init                                 0x00000771   Thumb Code    12  pin_conf.o(i.Pin_Init)
    SystemCoreClockUpdate                    0x0000079d   Thumb Code   120  system_m031series.o(i.SystemCoreClockUpdate)
    SystemInit                               0x00000831   Thumb Code    46  system_m031series.o(i.SystemInit)
    System_Init                              0x00000869   Thumb Code    40  main.o(i.System_Init)
    UART02_IRQHandler                        0x00000895   Thumb Code     2  int_handler.o(i.UART02_IRQHandler)
    UART0_Init                               0x00000899   Thumb Code    40  periph_conf.o(i.UART0_Init)
    UART_Open                                0x000008c5   Thumb Code   298  uart.o(i.UART_Open)
    UART_SetLine_Config                      0x00000a21   Thumb Code   294  uart.o(i.UART_SetLine_Config)
    __0printf$5                              0x00000b75   Thumb Code    24  printf5.o(i.__0printf$5)
    __1printf$5                              0x00000b75   Thumb Code     0  printf5.o(i.__0printf$5)
    __2printf                                0x00000b75   Thumb Code     0  printf5.o(i.__0printf$5)
    __ARM_clz                                0x00000b95   Thumb Code    46  depilogue.o(i.__ARM_clz)
    __scatterload_copy                       0x00000bc3   Thumb Code    14  handlers.o(i.__scatterload_copy)
    __scatterload_null                       0x00000bd1   Thumb Code     2  handlers.o(i.__scatterload_null)
    __scatterload_zeroinit                   0x00000bd3   Thumb Code    14  handlers.o(i.__scatterload_zeroinit)
    delay                                    0x00000eb5   Thumb Code    40  main.o(i.delay)
    fputc                                    0x00000ee1   Thumb Code    12  retarget.o(i.fputc)
    main                                     0x00000eed   Thumb Code    42  main.o(i.main)
    gau32ClkSrcTbl                           0x00001004   Data          32  system_m031series.o(.constdata)
    Region$$Table$$Base                      0x000010a4   Number         0  anon$$obj.o(Region$$Table)
    Region$$Table$$Limit                     0x000010c4   Number         0  anon$$obj.o(Region$$Table)
    SystemCoreClock                          0x20000000   Data           4  system_m031series.o(.data)
    CyclesPerUs                              0x20000004   Data           4  system_m031series.o(.data)
    PllClock                                 0x20000008   Data           4  system_m031series.o(.data)
    g_CLK_i32ErrCode                         0x2000000c   Data           4  clk.o(.data)
    __stdout                                 0x20000010   Data           4  retarget.o(.data)
    __initial_sp                             0x20000218   Data           0  startup_m031series.o(STACK)



==============================================================================

Memory Map of the image

  Image Entry point : 0x000000f5

  Load Region LR_1 (Base: 0x00000000, Size: 0x000010d8, Max: 0xffffffff, ABSOLUTE)

    Execution Region ER_RO (Exec base: 0x00000000, Load base: 0x00000000, Size: 0x000010c4, Max: 0xffffffff, ABSOLUTE)

    Exec Addr    Load Addr    Size         Type   Attr      Idx    E Section Name        Object

    0x00000000   0x00000000   0x000000c0   Data   RO          213    RESET               startup_m031series.o
    0x000000c0   0x000000c0   0x00000000   Code   RO          848  * .ARM.Collect$$$$00000000  mc_p.l(entry.o)
    0x000000c0   0x000000c0   0x00000004   Code   RO         1120    .ARM.Collect$$$$00000001  mc_p.l(entry2.o)
    0x000000c4   0x000000c4   0x00000004   Code   RO         1123    .ARM.Collect$$$$00000004  mc_p.l(entry5.o)
    0x000000c8   0x000000c8   0x00000000   Code   RO         1125    .ARM.Collect$$$$00000008  mc_p.l(entry7b.o)
    0x000000c8   0x000000c8   0x00000000   Code   RO         1127    .ARM.Collect$$$$0000000A  mc_p.l(entry8b.o)
    0x000000c8   0x000000c8   0x00000008   Code   RO         1128    .ARM.Collect$$$$0000000B  mc_p.l(entry9a.o)
    0x000000d0   0x000000d0   0x00000004   Code   RO         1135    .ARM.Collect$$$$0000000E  mc_p.l(entry12b.o)
    0x000000d4   0x000000d4   0x00000000   Code   RO         1130    .ARM.Collect$$$$0000000F  mc_p.l(entry10a.o)
    0x000000d4   0x000000d4   0x00000000   Code   RO         1132    .ARM.Collect$$$$00000011  mc_p.l(entry11a.o)
    0x000000d4   0x000000d4   0x00000004   Code   RO         1121    .ARM.Collect$$$$00002712  mc_p.l(entry2.o)
    0x000000d8   0x000000d8   0x0000001c   Code   RO          392    .emb_text           retarget.o
    0x000000f4   0x000000f4   0x0000005c   Code   RO          214  * .text               startup_m031series.o
    0x00000150   0x00000150   0x0000002c   Code   RO          849    .text               mc_p.l(uidiv.o)
    0x0000017c   0x0000017c   0x00000024   Code   RO          851    .text               mc_p.l(memcpya.o)
    0x000001a0   0x000001a0   0x00000168   Code   RO         1116    .text               mf_p.l(dadd.o)
    0x00000308   0x00000308   0x00000028   Code   RO         1118    .text               mf_p.l(cdrcmple.o)
    0x00000330   0x00000330   0x00000060   Code   RO         1136    .text               mc_p.l(uldiv.o)
    0x00000390   0x00000390   0x00000020   Code   RO         1138    .text               mc_p.l(llshl.o)
    0x000003b0   0x000003b0   0x00000026   Code   RO         1140    .text               mc_p.l(llsshr.o)
    0x000003d6   0x000003d6   0x00000000   Code   RO         1142    .text               mc_p.l(iusefp.o)
    0x000003d6   0x000003d6   0x000000be   Code   RO         1143    .text               mf_p.l(depilogue.o)
    0x00000494   0x00000494   0x00000024   Code   RO         1153    .text               mc_p.l(init.o)
    0x000004b8   0x000004b8   0x00000022   Code   RO         1155    .text               mc_p.l(llushr.o)
    0x000004da   0x000004da   0x00000002   PAD
    0x000004dc   0x000004dc   0x00000030   Code   RO          226    i.CLK_EnableModuleClock  clk.o
    0x0000050c   0x0000050c   0x00000010   Code   RO          229    i.CLK_EnableXtalRC  clk.o
    0x0000051c   0x0000051c   0x00000020   Code   RO          234    i.CLK_GetPCLK0Freq  clk.o
    0x0000053c   0x0000053c   0x00000020   Code   RO          235    i.CLK_GetPCLK1Freq  clk.o
    0x0000055c   0x0000055c   0x00000058   Code   RO          548    i.CLK_GetPLLClockFreq  uart.o
    0x000005b4   0x000005b4   0x00000050   Code   RO          239    i.CLK_SetHCLK       clk.o
    0x00000604   0x00000604   0x00000070   Code   RO          240    i.CLK_SetModuleClock  clk.o
    0x00000674   0x00000674   0x00000040   Code   RO          242    i.CLK_WaitClockReady  clk.o
    0x000006b4   0x000006b4   0x00000016   Code   RO          697    i.Clock_Init        clk_conf.o
    0x000006ca   0x000006ca   0x00000002   PAD
    0x000006cc   0x000006cc   0x00000028   Code   RO          393    i.Hard_Fault_Handler  retarget.o
    0x000006f4   0x000006f4   0x00000024   Code   RO          700    i.MyProject_init_base  clk_conf.o
    0x00000718   0x00000718   0x00000018   Code   RO          775    i.MyProject_init_ice  pin_conf.o
    0x00000730   0x00000730   0x0000001c   Code   RO          702    i.MyProject_init_uart0  clk_conf.o
    0x0000074c   0x0000074c   0x0000001c   Code   RO          777    i.MyProject_pin_init_uart0  pin_conf.o
    0x00000768   0x00000768   0x00000008   Code   RO          748    i.Periph_Init       periph_conf.o
    0x00000770   0x00000770   0x0000000c   Code   RO          779    i.Pin_Init          pin_conf.o
    0x0000077c   0x0000077c   0x00000020   Code   RO          395    i.SendChar          retarget.o
    0x0000079c   0x0000079c   0x00000094   Code   RO            3    i.SystemCoreClockUpdate  system_m031series.o
    0x00000830   0x00000830   0x00000038   Code   RO            4    i.SystemInit        system_m031series.o
    0x00000868   0x00000868   0x0000002c   Code   RO          656    i.System_Init       main.o
    0x00000894   0x00000894   0x00000002   Code   RO          824    i.UART02_IRQHandler  int_handler.o
    0x00000896   0x00000896   0x00000002   PAD
    0x00000898   0x00000898   0x0000002c   Code   RO          749    i.UART0_Init        periph_conf.o
    0x000008c4   0x000008c4   0x0000015c   Code   RO          555    i.UART_Open         uart.o
    0x00000a20   0x00000a20   0x00000154   Code   RO          560    i.UART_SetLine_Config  uart.o
    0x00000b74   0x00000b74   0x00000020   Code   RO          988    i.__0printf$5       mc_p.l(printf5.o)
    0x00000b94   0x00000b94   0x0000002e   Code   RO         1145    i.__ARM_clz         mf_p.l(depilogue.o)
    0x00000bc2   0x00000bc2   0x0000000e   Code   RO         1159    i.__scatterload_copy  mc_p.l(handlers.o)
    0x00000bd0   0x00000bd0   0x00000002   Code   RO         1160    i.__scatterload_null  mc_p.l(handlers.o)
    0x00000bd2   0x00000bd2   0x0000000e   Code   RO         1161    i.__scatterload_zeroinit  mc_p.l(handlers.o)
    0x00000be0   0x00000be0   0x000002d4   Code   RO          995    i._printf_core      mc_p.l(printf5.o)
    0x00000eb4   0x00000eb4   0x0000002c   Code   RO          657    i.delay             main.o
    0x00000ee0   0x00000ee0   0x0000000c   Code   RO          399    i.fputc             retarget.o
    0x00000eec   0x00000eec   0x00000070   Code   RO          658    i.main              main.o
    0x00000f5c   0x00000f5c   0x000000a8   Code   RO          401    i.stackDump         retarget.o
    0x00001004   0x00001004   0x00000020   Data   RO            5    .constdata          system_m031series.o
    0x00001024   0x00001024   0x00000038   Data   RO          243    .constdata          clk.o
    0x0000105c   0x0000105c   0x00000048   Data   RO          563    .constdata          uart.o
    0x000010a4   0x000010a4   0x00000020   Data   RO         1157    Region$$Table       anon$$obj.o


    Execution Region ER_RW (Exec base: 0x20000000, Load base: 0x000010c4, Size: 0x00000014, Max: 0xffffffff, ABSOLUTE)

    Exec Addr    Load Addr    Size         Type   Attr      Idx    E Section Name        Object

    0x20000000   0x000010c4   0x0000000c   Data   RW            6    .data               system_m031series.o
    0x2000000c   0x000010d0   0x00000004   Data   RW          244    .data               clk.o
    0x20000010   0x000010d4   0x00000004   Data   RW          402    .data               retarget.o


    Execution Region ER_ZI (Exec base: 0x20000014, Load base: 0x000010d8, Size: 0x00000204, Max: 0xffffffff, ABSOLUTE)

    Exec Addr    Load Addr    Size         Type   Attr      Idx    E Section Name        Object

    0x20000014   0x000010d8   0x00000004   PAD
    0x20000018        -       0x00000200   Zero   RW          211    STACK               startup_m031series.o


==============================================================================

Image component sizes


      Code (inc. data)   RO Data    RW Data    ZI Data      Debug   Object Name

       384         60         56          4          0       5056   clk.o
        86         10          0          0          0       1879   clk_conf.o
         2          0          0          0          0        456   int_handler.o
       200         78          0          0          0       1621   main.o
        52          4          0          0          0       1291   periph_conf.o
        64          8          0          0          0       1869   pin_conf.o
       280        132          0          4          0       4995   retarget.o
        92         42        192          0        512        764   startup_m031series.o
       204         38         32         12          0      92366   system_m031series.o
       776        114         72          0          0       3718   uart.o

    ----------------------------------------------------------------------
      2144        486        384         20        516     114015   Object Totals
         0          0         32          0          0          0   (incl. Generated)
         4          0          0          0          4          0   (incl. Padding)

    ----------------------------------------------------------------------

      Code (inc. data)   RO Data    RW Data    ZI Data      Debug   Library Member Name

         0          0          0          0          0          0   entry.o
         0          0          0          0          0          0   entry10a.o
         0          0          0          0          0          0   entry11a.o
         4          0          0          0          0          0   entry12b.o
         8          4          0          0          0          0   entry2.o
         4          0          0          0          0          0   entry5.o
         0          0          0          0          0          0   entry7b.o
         0          0          0          0          0          0   entry8b.o
         8          4          0          0          0          0   entry9a.o
        30          0          0          0          0          0   handlers.o
        36          8          0          0          0         68   init.o
         0          0          0          0          0          0   iusefp.o
        32          0          0          0          0         68   llshl.o
        38          0          0          0          0         68   llsshr.o
        34          0          0          0          0         68   llushr.o
        36          0          0          0          0         60   memcpya.o
       756         52          0          0          0        168   printf5.o
        44          0          0          0          0         72   uidiv.o
        96          0          0          0          0         84   uldiv.o
        40          2          0          0          0         68   cdrcmple.o
       360          6          0          0          0        140   dadd.o
       236          0          0          0          0        216   depilogue.o

    ----------------------------------------------------------------------
      1764         76          0          0          0       1080   Library Totals
         2          0          0          0          0          0   (incl. Padding)

    ----------------------------------------------------------------------

      Code (inc. data)   RO Data    RW Data    ZI Data      Debug   Library Name

      1126         68          0          0          0        656   mc_p.l
       636          8          0          0          0        424   mf_p.l

    ----------------------------------------------------------------------
      1764         76          0          0          0       1080   Library Totals

    ----------------------------------------------------------------------

==============================================================================


      Code (inc. data)   RO Data    RW Data    ZI Data      Debug   

      3908        562        384         20        516     113603   Grand Totals
      3908        562        384         20        516     113603   ELF Image Totals
      3908        562        384         20          0          0   ROM Totals

==============================================================================

    Total RO  Size (Code + RO Data)                 4292 (   4.19kB)
    Total RW  Size (RW Data + ZI Data)               536 (   0.52kB)
    Total ROM Size (Code + RO Data + RW Data)       4312 (   4.21kB)

==============================================================================

