<html>
<body>
<pre>
<h1>µVision Build Log</h1>
<h2>Tool Versions:</h2>
IDE-Version: µVision V5.35.0.0
Copyright (C) 2021 ARM Ltd and ARM Germany GmbH. All rights reserved.
License Information: Nitin Sangale, Eagle Control Systems, LIC=47GU5-GIU20-RAUDM-XU4NR-45UIM-XHT9S
 
Tool Versions:
Toolchain:       MDK-ARM Plus  Version: 5.35.0.2
Toolchain Path:  C:\Keil_v5\ARM\ARMCC\Bin
C Compiler:      Armcc.exe V5.06 update 7 (build 960)
Assembler:       Armasm.exe V5.06 update 7 (build 960)
Linker/Locator:  ArmLink.exe V5.06 update 7 (build 960)
Library Manager: ArmAr.exe V5.06 update 7 (build 960)
Hex Converter:   FromElf.exe V5.06 update 7 (build 960)
CPU DLL:         SARMCM3.DLL V5.35.0.2
Dialog DLL:      DARMCM1.DLL V1.19.4.0
Target DLL:      Nu_Link.dll V3.09
Dialog DLL:      TARMCM1.DLL V1.14.4.0
 
<h2>Project:</h2>
F:\Study Material\Nuvoton Projects\Modbus IO Card - Ethernet Backup\Modbus IO Card - Ethernet\SampleCode\Template\Keil\Template.uvproj
Project File Date:  09/03/2022

<h2>Output:</h2>
*** Using Compiler 'V5.06 update 7 (build 960)', folder: 'C:\Keil_v5\ARM\ARMCC\Bin'
Rebuild target 'Template'
assembling startup_NUC029xAN.s...
creating preprocessor file for system_NUC029xAN.c...
creating preprocessor file for retarget.c...
creating preprocessor file for uart.c...
creating preprocessor file for sys.c...
creating preprocessor file for clk.c...
compiling system_NUC029xAN.c...
compiling retarget.c...
creating preprocessor file for timer.c...
compiling uart.c...
compiling sys.c...
creating preprocessor file for gpio.c...
creating preprocessor file for main.c...
compiling timer.c...
compiling clk.c...
compiling gpio.c...
compiling main.c...
linking...
Program Size: Code=3432 RO-data=336 RW-data=80 ZI-data=1536  
FromELF: creating hex file...
After Build - User command #1: fromelf --bin ".\obj\template.axf" --output ".\obj\template.bin"
After Build - User command #2: fromelf --text -c ".\obj\template.axf" --output ".\obj\template.txt"
".\obj\template.axf" - 0 Error(s), 0 Warning(s).
Build Time Elapsed:  00:00:02
</pre>
</body>
</html>
