<html>
<body>
<pre>
<h1>µVision Build Log</h1>
<h2>Tool Versions:</h2>
IDE-Version: µVision V5.35.0.0
Copyright (C) 2021 ARM Ltd and ARM Germany GmbH. All rights reserved.
License Information: Nitin nitin4july@gmail.com, Eagle Control Systems, LIC=----
 
Tool Versions:
Toolchain:       MDK-Lite  Version: 5.35.0.2
Toolchain Path:  C:\Keil_v5\ARM\ARMCC\Bin
C Compiler:      Armcc.exe V5.06 update 7 (build 960)
Assembler:       Armasm.exe V5.06 update 7 (build 960)
Linker/Locator:  ArmLink.exe V5.06 update 7 (build 960)
Library Manager: ArmAr.exe V5.06 update 7 (build 960)
Hex Converter:   FromElf.exe V5.06 update 7 (build 960)
CPU DLL:         SARMCM3.DLL V5.35.0.2
Dialog DLL:      DARMCM1.DLL V1.19.4.0
    Target DLL: Nu_Link.dll
Dialog DLL:      TARMCM1.DLL V1.14.4.0
 
<h2>Project:</h2>
F:\Study Material\Nuvoton Projects\Modbus IO Card - Ethernet\SampleCode\Template\Keil\Template.uvprojx
Project File Date:  05/30/2023

<h2>Output:</h2>
*** Using Compiler 'V5.06 update 7 (build 960)', folder: 'C:\Keil_v5\ARM\ARMCC\Bin'
Build target 'Template'
creating preprocessor file for uart.c...
creating preprocessor file for timer.c...
creating preprocessor file for sys.c...
creating preprocessor file for clk.c...
creating preprocessor file for system_NUC029xAN.c...
creating preprocessor file for retarget.c...
assembling startup_NUC029xAN.s...
creating preprocessor file for gpio.c...
creating preprocessor file for main.c...
compiling clk.c...
compiling system_NUC029xAN.c...
compiling timer.c...
compiling gpio.c...
compiling uart.c...
compiling sys.c...
compiling retarget.c...
compiling main.c...
linking...
Program Size: Code=6852 RO-data=336 RW-data=132 ZI-data=1644  
FromELF: creating hex file...
After Build - User command #1: fromelf --bin ".\obj\template.axf" --output ".\obj\template.bin"
After Build - User command #2: fromelf --text -c ".\obj\template.axf" --output ".\obj\template.txt"
".\obj\template.axf" - 0 Error(s), 0 Warning(s).

<h2>Software Packages used:</h2>

Package Vendor: ARM
                http://www.keil.com/pack/ARM.CMSIS.5.8.0.pack
                ARM.CMSIS.5.8.0
                CMSIS (Common Microcontroller Software Interface Standard)
   * Component: CORE Version: 5.5.0

Package Vendor: Nuvoton
                https://github.com/OpenNuvoton/cmsis-packs/raw/master/Nuvoton_DFP/Nuvoton.NuMicro_DFP.1.3.19.pack
                Nuvoton.NuMicro_DFP.1.3.19
                Nuvoton ARM Cortex-M NuMicro Family Device Support

<h2>Collection of Component include folders:</h2>
  .\RTE\_Template
  C:\Users\nitin\AppData\Local\Arm\Packs\ARM\CMSIS\5.8.0\CMSIS\Core\Include
  C:\Users\nitin\AppData\Local\Arm\Packs\Nuvoton\NuMicro_DFP\1.3.19\Device\NUC029AN\Include

<h2>Collection of Component Files used:</h2>

   * Component: ARM::CMSIS:CORE:5.5.0
Build Time Elapsed:  00:00:01
</pre>
</body>
</html>
