<html>
<body>
<pre>
<h1>µVision Build Log</h1>
<h2>Tool Versions:</h2>
IDE-Version: µVision V5.35.0.0
Copyright (C) 2021 ARM Ltd and ARM Germany GmbH. All rights reserved.
License Information: Nitin Sangale, Eagle Control Systems, LIC=NQQMA-1M78D-01QP1-CJ4TV-WLZ2J-ESC68
 
Tool Versions:
Toolchain:       MDK-ARM Plus  Version: 5.35.0.2
Toolchain Path:  C:\Keil_v5\ARM\ARMCC\Bin
C Compiler:      Armcc.exe V5.06 update 7 (build 960)
Assembler:       Armasm.exe V5.06 update 7 (build 960)
Linker/Locator:  ArmLink.exe V5.06 update 7 (build 960)
Library Manager: ArmAr.exe V5.06 update 7 (build 960)
Hex Converter:   FromElf.exe V5.06 update 7 (build 960)
CPU DLL:         SARMCM3.DLL V5.35.0.2
Dialog DLL:      DARMCM1.DLL V1.19.4.0
Target DLL:      Nu_Link.dll V3.09
Dialog DLL:      TARMCM1.DLL V1.14.4.0
 
<h2>Project:</h2>
F:\Study Material\Nuvoton Projects\M031_Series_BSP_CMSIS_V3.05.000\SampleCode\RegBased\ACMP_CompareVBG\KEIL\ACMP_CompareVBG.uvproj
Project File Date:  07/16/2023

<h2>Output:</h2>
*** Using Compiler 'V5.06 update 7 (build 960)', folder: 'C:\Keil_v5\ARM\ARMCC\Bin'
Rebuild target 'ACMP_CompareVBG'
assembling startup_M031Series.s...
creating preprocessor file for retarget.c...
creating preprocessor file for main.c...
creating preprocessor file for system_M031Series.c...
compiling retarget.c...
compiling system_M031Series.c...
compiling main.c...
..\main.c(651): warning:  #550-D: variable "i"  was set but never used
  uint16_t i ;
..\main.c(680): warning:  #550-D: variable "i"  was set but never used
  	int16_t i = 0;
..\main.c(713): warning:  #223-D: function "memcpy" declared implicitly
  		memcpy( &_diskData, &tmpdata, sizeof(tmpdata) ); //copy raw data to structured variable
..\main.c(727): warning:  #550-D: variable "i"  was set but never used
  uint16_t i ;
..\main.c: 4 warnings, 0 errors
linking...
Program Size: Code=3176 RO-data=276 RW-data=24 ZI-data=560  
After Build - User command #1: fromelf --bin ".\obj\ACMP_CompareVBG.axf" --output ".\obj\ACMP_CompareVBG.bin"
After Build - User command #2: fromelf --text -c ".\obj\ACMP_CompareVBG.axf" --output ".\obj\ACMP_CompareVBG.txt"
".\obj\ACMP_CompareVBG.axf" - 0 Error(s), 4 Warning(s).
Build Time Elapsed:  00:00:01
</pre>
</body>
</html>
