<html>
<body>
<pre>
<h1>µVision Build Log</h1>
<h2>Tool Versions:</h2>
IDE-Version: µVision V5.35.0.0
Copyright (C) 2021 ARM Ltd and ARM Germany GmbH. All rights reserved.
License Information: Nitin Sangale, Eagle Control Systems, LIC=47GU5-GIU20-RAUDM-XU4NR-45UIM-XHT9S
 
Tool Versions:
Toolchain:       MDK-ARM Plus  Version: 5.35.0.2
Toolchain Path:  C:\Keil_v5\ARM\ARMCC\Bin
C Compiler:      Armcc.exe V5.06 update 7 (build 960)
Assembler:       Armasm.exe V5.06 update 7 (build 960)
Linker/Locator:  ArmLink.exe V5.06 update 7 (build 960)
Library Manager: ArmAr.exe V5.06 update 7 (build 960)
Hex Converter:   FromElf.exe V5.06 update 7 (build 960)
CPU DLL:         SARMCM3.DLL V5.35.0.2
Dialog DLL:      DARMCM1.DLL V1.19.4.0
Target DLL:      Nu_Link.dll V3.09
Dialog DLL:      TARMCM1.DLL V1.14.4.0
 
<h2>Project:</h2>
F:\Study Material\Nuvoton Projects\Modbus Master\EC_M032_Modbus_Master_V1.00\EC_M032_Modbus_Master_V1.00\SampleCode\ExampleCode\Modbus_Master\KEIL\Modbus_Master.uvproj
Project File Date:  07/03/2022

<h2>Output:</h2>
*** Using Compiler 'V5.06 update 7 (build 960)', folder: 'C:\Keil_v5\ARM\ARMCC\Bin'
Rebuild target 'Modbus_Master'
creating preprocessor file for retarget.c...
assembling startup_M031Series.s...
creating preprocessor file for main.c...
creating preprocessor file for system_M031Series.c...
creating preprocessor file for clk.c...
creating preprocessor file for sys.c...
creating preprocessor file for uart.c...
creating preprocessor file for timer.c...
compiling system_M031Series.c...
compiling retarget.c...
compiling main.c...
creating preprocessor file for modbus_master.c...
compiling sys.c...
compiling clk.c...
creating preprocessor file for ringbuffer.c...
compiling uart.c...
creating preprocessor file for trans_recieve_buff_control.c...
compiling timer.c...
compiling modbus_master.c...
..\Modbus_Master_LIB\modbus_master.c(4): warning:  #177-D: variable "ku8MBIllegalFunction"  was declared but never referenced
   static const uint8_t ku8MBIllegalFunction            = 0x01;
..\Modbus_Master_LIB\modbus_master.c(6): warning:  #177-D: variable "ku8MBIllegalDataValue"  was declared but never referenced
   static const uint8_t ku8MBIllegalDataValue           = 0x03;
..\Modbus_Master_LIB\modbus_master.c(7): warning:  #177-D: variable "ku8MBSlaveDeviceFailure"  was declared but never referenced
   static const uint8_t ku8MBSlaveDeviceFailure         = 0x04;
..\Modbus_Master_LIB\modbus_master.c: 3 warnings, 0 errors
compiling ringbuffer.c...
compiling trans_recieve_buff_control.c...
linking...
Program Size: Code=5504 RO-data=416 RW-data=68 ZI-data=988  
After Build - User command #1: fromelf --bin ".\obj\Modbus_Master.axf" --output ".\obj\Modbus_Master.bin"
After Build - User command #2: fromelf --text -c ".\obj\Modbus_Master.axf" --output ".\obj\Modbus_Master.txt"
".\obj\Modbus_Master.axf" - 0 Error(s), 3 Warning(s).
Build Time Elapsed:  00:00:02
</pre>
</body>
</html>
