Component: ARM Compiler 5.06 update 7 (build 960) Tool: armlink [4d3601]

==============================================================================

Small function inlining results

Inlined total of 0 calls.

==============================================================================

Section Cross References

    system_m031series.o(i.CLK_GetPLLClockFreq) refers to uidiv.o(.text) for __aeabi_uidivmod
    system_m031series.o(i.SystemCoreClockUpdate) refers to system_m031series.o(i.CLK_GetPLLClockFreq) for CLK_GetPLLClockFreq
    system_m031series.o(i.SystemCoreClockUpdate) refers to uidiv.o(.text) for __aeabi_uidivmod
    system_m031series.o(i.SystemCoreClockUpdate) refers to system_m031series.o(.data) for PllClock
    system_m031series.o(i.SystemCoreClockUpdate) refers to system_m031series.o(.constdata) for gau32ClkSrcTbl
    startup_m031series.o(RESET) refers to startup_m031series.o(STACK) for __initial_sp
    startup_m031series.o(RESET) refers to startup_m031series.o(.text) for Reset_Handler
    startup_m031series.o(RESET) refers to retarget.o(.emb_text) for HardFault_Handler
    startup_m031series.o(RESET) refers to main.o(i.TMR0_IRQHandler) for TMR0_IRQHandler
    startup_m031series.o(RESET) refers to main.o(i.UART02_IRQHandler) for UART02_IRQHandler
    startup_m031series.o(.text) refers to system_m031series.o(i.SystemInit) for SystemInit
    startup_m031series.o(.text) refers to entry.o(.ARM.Collect$$$$00000000) for __main
    main.o(i.HAL_Delay) refers to main.o(i.HAL_GetTick) for HAL_GetTick
    main.o(i.HAL_GetTick) refers to main.o(.data) for u32_TimeTick
    main.o(i.SYS_Init) refers to clk.o(i.CLK_EnableXtalRC) for CLK_EnableXtalRC
    main.o(i.SYS_Init) refers to clk.o(i.CLK_WaitClockReady) for CLK_WaitClockReady
    main.o(i.SYS_Init) refers to clk.o(i.CLK_SetHCLK) for CLK_SetHCLK
    main.o(i.SYS_Init) refers to clk.o(i.CLK_EnableModuleClock) for CLK_EnableModuleClock
    main.o(i.SYS_Init) refers to clk.o(i.CLK_SetModuleClock) for CLK_SetModuleClock
    main.o(i.SYS_Init) refers to system_m031series.o(i.SystemCoreClockUpdate) for SystemCoreClockUpdate
    main.o(i.TMR0_IRQHandler) refers to main.o(.data) for u32_TimeTick
    main.o(i.Timer_Init) refers to timer.o(i.TIMER_Open) for TIMER_Open
    main.o(i.Timer_Init) refers to main.o(i.NVIC_EnableIRQ) for NVIC_EnableIRQ
    main.o(i.UART02_IRQHandler) refers to trans_recieve_buff_control.o(i.Modbus_Master_Rece_Handler) for Modbus_Master_Rece_Handler
    main.o(i.UART0_Init) refers to sys.o(i.SYS_ResetModule) for SYS_ResetModule
    main.o(i.UART0_Init) refers to uart.o(i.UART_Open) for UART_Open
    main.o(i.UART0_Init) refers to main.o(i.NVIC_EnableIRQ) for NVIC_EnableIRQ
    main.o(i.main) refers to main.o(i.SYS_Init) for SYS_Init
    main.o(i.main) refers to main.o(i.UART0_Init) for UART0_Init
    main.o(i.main) refers to main.o(i.Timer_Init) for Timer_Init
    main.o(i.main) refers to modbus_master.o(i.ModbusMaster_begin) for ModbusMaster_begin
    main.o(i.main) refers to modbus_master.o(i.ModbusMaster_readInputRegisters) for ModbusMaster_readInputRegisters
    main.o(i.main) refers to modbus_master.o(i.ModbusMaster_getResponseBuffer) for ModbusMaster_getResponseBuffer
    main.o(i.main) refers to main.o(i.HAL_Delay) for HAL_Delay
    main.o(i.main) refers to main.o(.data) for Input_Result
    retarget.o(.emb_text) refers to retarget.o(i.Hard_Fault_Handler) for Hard_Fault_Handler
    retarget.o(i.Hard_Fault_Handler) refers to printf5.o(i.__0printf$5) for __2printf
    retarget.o(i.Hard_Fault_Handler) refers to retarget.o(i.stackDump) for stackDump
    retarget.o(i.SendChar) refers to retarget.o(i.SendChar_ToUART) for SendChar_ToUART
    retarget.o(i._ttywrch) refers to retarget.o(i.SendChar) for SendChar
    retarget.o(i.fgetc) refers to retarget.o(i.GetChar) for GetChar
    retarget.o(i.fputc) refers to retarget.o(i.SendChar) for SendChar
    retarget.o(i.stackDump) refers to printf5.o(i.__0printf$5) for __2printf
    clk.o(i.CLK_DisableModuleClock) refers to clk.o(.constdata) for .constdata
    clk.o(i.CLK_DisablePLL) refers to clk.o(i.CLK_WaitClockReady) for CLK_WaitClockReady
    clk.o(i.CLK_EnableModuleClock) refers to clk.o(.constdata) for .constdata
    clk.o(i.CLK_EnablePLL) refers to clk.o(i.CLK_DisablePLL) for CLK_DisablePLL
    clk.o(i.CLK_EnablePLL) refers to clk.o(i.CLK_WaitClockReady) for CLK_WaitClockReady
    clk.o(i.CLK_EnablePLL) refers to uidiv.o(.text) for __aeabi_uidivmod
    clk.o(i.CLK_EnablePLL) refers to clk.o(i.CLK_GetPLLClockFreq) for CLK_GetPLLClockFreq
    clk.o(i.CLK_GetCPUFreq) refers to system_m031series.o(i.SystemCoreClockUpdate) for SystemCoreClockUpdate
    clk.o(i.CLK_GetCPUFreq) refers to system_m031series.o(.data) for SystemCoreClock
    clk.o(i.CLK_GetHCLKFreq) refers to system_m031series.o(i.SystemCoreClockUpdate) for SystemCoreClockUpdate
    clk.o(i.CLK_GetHCLKFreq) refers to system_m031series.o(.data) for SystemCoreClock
    clk.o(i.CLK_GetPCLK0Freq) refers to system_m031series.o(i.SystemCoreClockUpdate) for SystemCoreClockUpdate
    clk.o(i.CLK_GetPCLK0Freq) refers to system_m031series.o(.data) for SystemCoreClock
    clk.o(i.CLK_GetPCLK1Freq) refers to system_m031series.o(i.SystemCoreClockUpdate) for SystemCoreClockUpdate
    clk.o(i.CLK_GetPCLK1Freq) refers to system_m031series.o(.data) for SystemCoreClock
    clk.o(i.CLK_GetPLLClockFreq) refers to uidiv.o(.text) for __aeabi_uidivmod
    clk.o(i.CLK_SetCoreClock) refers to clk.o(i.CLK_WaitClockReady) for CLK_WaitClockReady
    clk.o(i.CLK_SetCoreClock) refers to clk.o(i.CLK_EnablePLL) for CLK_EnablePLL
    clk.o(i.CLK_SetCoreClock) refers to clk.o(i.CLK_SetHCLK) for CLK_SetHCLK
    clk.o(i.CLK_SetHCLK) refers to clk.o(i.CLK_WaitClockReady) for CLK_WaitClockReady
    clk.o(i.CLK_SetHCLK) refers to system_m031series.o(i.SystemCoreClockUpdate) for SystemCoreClockUpdate
    clk.o(i.CLK_SetModuleClock) refers to clk.o(.constdata) for .constdata
    uart.o(i.CLK_GetPLLClockFreq) refers to uidiv.o(.text) for __aeabi_uidivmod
    uart.o(i.UART_Open) refers to memcpya.o(.text) for __aeabi_memcpy4
    uart.o(i.UART_Open) refers to uart.o(i.CLK_GetPLLClockFreq) for CLK_GetPLLClockFreq
    uart.o(i.UART_Open) refers to clk.o(i.CLK_GetPCLK0Freq) for CLK_GetPCLK0Freq
    uart.o(i.UART_Open) refers to clk.o(i.CLK_GetPCLK1Freq) for CLK_GetPCLK1Freq
    uart.o(i.UART_Open) refers to uidiv.o(.text) for __aeabi_uidivmod
    uart.o(i.UART_Open) refers to uart.o(.constdata) for .constdata
    uart.o(i.UART_SelectIrDAMode) refers to memcpya.o(.text) for __aeabi_memcpy4
    uart.o(i.UART_SelectIrDAMode) refers to uart.o(i.CLK_GetPLLClockFreq) for CLK_GetPLLClockFreq
    uart.o(i.UART_SelectIrDAMode) refers to clk.o(i.CLK_GetPCLK0Freq) for CLK_GetPCLK0Freq
    uart.o(i.UART_SelectIrDAMode) refers to clk.o(i.CLK_GetPCLK1Freq) for CLK_GetPCLK1Freq
    uart.o(i.UART_SelectIrDAMode) refers to uidiv.o(.text) for __aeabi_uidivmod
    uart.o(i.UART_SelectIrDAMode) refers to uart.o(.constdata) for .constdata
    uart.o(i.UART_SetLine_Config) refers to memcpya.o(.text) for __aeabi_memcpy4
    uart.o(i.UART_SetLine_Config) refers to uart.o(i.CLK_GetPLLClockFreq) for CLK_GetPLLClockFreq
    uart.o(i.UART_SetLine_Config) refers to clk.o(i.CLK_GetPCLK0Freq) for CLK_GetPCLK0Freq
    uart.o(i.UART_SetLine_Config) refers to clk.o(i.CLK_GetPCLK1Freq) for CLK_GetPCLK1Freq
    uart.o(i.UART_SetLine_Config) refers to uidiv.o(.text) for __aeabi_uidivmod
    uart.o(i.UART_SetLine_Config) refers to uart.o(.constdata) for .constdata
    timer.o(i.TIMER_Delay) refers to timer.o(i.TIMER_GetModuleClock) for TIMER_GetModuleClock
    timer.o(i.TIMER_Delay) refers to uidiv.o(.text) for __aeabi_uidivmod
    timer.o(i.TIMER_Delay) refers to system_m031series.o(.data) for SystemCoreClock
    timer.o(i.TIMER_GetModuleClock) refers to memcpya.o(.text) for __aeabi_memcpy4
    timer.o(i.TIMER_GetModuleClock) refers to clk.o(i.CLK_GetPCLK0Freq) for CLK_GetPCLK0Freq
    timer.o(i.TIMER_GetModuleClock) refers to clk.o(i.CLK_GetPCLK1Freq) for CLK_GetPCLK1Freq
    timer.o(i.TIMER_GetModuleClock) refers to timer.o(.constdata) for .constdata
    timer.o(i.TIMER_Open) refers to timer.o(i.TIMER_GetModuleClock) for TIMER_GetModuleClock
    timer.o(i.TIMER_Open) refers to uidiv.o(.text) for __aeabi_uidivmod
    modbus_master.o(i.ModbusMaster_ModbusMasterTransaction) refers to modbus_master.o(i.highByte) for highByte
    modbus_master.o(i.ModbusMaster_ModbusMasterTransaction) refers to modbus_master.o(i.lowByte) for lowByte
    modbus_master.o(i.ModbusMaster_ModbusMasterTransaction) refers to modbus_master.o(i.crc16_update) for crc16_update
    modbus_master.o(i.ModbusMaster_ModbusMasterTransaction) refers to trans_recieve_buff_control.o(i.Modbus_Master_Rece_Flush) for Modbus_Master_Rece_Flush
    modbus_master.o(i.ModbusMaster_ModbusMasterTransaction) refers to trans_recieve_buff_control.o(i.Modbus_Master_Write) for Modbus_Master_Write
    modbus_master.o(i.ModbusMaster_ModbusMasterTransaction) refers to trans_recieve_buff_control.o(i.Modbus_Master_Millis) for Modbus_Master_Millis
    modbus_master.o(i.ModbusMaster_ModbusMasterTransaction) refers to trans_recieve_buff_control.o(i.Modbus_Master_Rece_Available) for Modbus_Master_Rece_Available
    modbus_master.o(i.ModbusMaster_ModbusMasterTransaction) refers to trans_recieve_buff_control.o(i.Modbus_Master_Read) for Modbus_Master_Read
    modbus_master.o(i.ModbusMaster_ModbusMasterTransaction) refers to modbus_master.o(i.__ARM_common_switch8) for __ARM_common_switch8
    modbus_master.o(i.ModbusMaster_ModbusMasterTransaction) refers to modbus_master.o(.data) for _u8MBSlave
    modbus_master.o(i.ModbusMaster_ModbusMasterTransaction) refers to modbus_master.o(.bss) for _u16TransmitBuffer
    modbus_master.o(i.ModbusMaster_ModbusMasterTransaction) refers to modbus_master.o(i.word) for word
    modbus_master.o(i.ModbusMaster_available) refers to modbus_master.o(.data) for _u8ResponseBufferLength
    modbus_master.o(i.ModbusMaster_begin) refers to trans_recieve_buff_control.o(i.Modbus_Master_RB_Initialize) for Modbus_Master_RB_Initialize
    modbus_master.o(i.ModbusMaster_begin) refers to modbus_master.o(.data) for _u8TransmitBufferIndex
    modbus_master.o(i.ModbusMaster_beginTransmission) refers to modbus_master.o(.data) for _u16WriteAddress
    modbus_master.o(i.ModbusMaster_clearResponseBuffer) refers to modbus_master.o(.bss) for _u16ResponseBuffer
    modbus_master.o(i.ModbusMaster_clearTransmitBuffer) refers to modbus_master.o(.bss) for _u16TransmitBuffer
    modbus_master.o(i.ModbusMaster_getResponseBuffer) refers to modbus_master.o(.bss) for _u16ResponseBuffer
    modbus_master.o(i.ModbusMaster_maskWriteRegister) refers to modbus_master.o(i.ModbusMaster_ModbusMasterTransaction) for ModbusMaster_ModbusMasterTransaction
    modbus_master.o(i.ModbusMaster_maskWriteRegister) refers to modbus_master.o(.data) for _u8MBSlave
    modbus_master.o(i.ModbusMaster_maskWriteRegister) refers to modbus_master.o(.bss) for _u16TransmitBuffer
    modbus_master.o(i.ModbusMaster_readCoils) refers to modbus_master.o(i.ModbusMaster_ModbusMasterTransaction) for ModbusMaster_ModbusMasterTransaction
    modbus_master.o(i.ModbusMaster_readCoils) refers to modbus_master.o(.data) for _u8MBSlave
    modbus_master.o(i.ModbusMaster_readDiscreteInputs) refers to modbus_master.o(i.ModbusMaster_ModbusMasterTransaction) for ModbusMaster_ModbusMasterTransaction
    modbus_master.o(i.ModbusMaster_readDiscreteInputs) refers to modbus_master.o(.data) for _u8MBSlave
    modbus_master.o(i.ModbusMaster_readHoldingRegisters) refers to modbus_master.o(i.ModbusMaster_ModbusMasterTransaction) for ModbusMaster_ModbusMasterTransaction
    modbus_master.o(i.ModbusMaster_readHoldingRegisters) refers to modbus_master.o(.data) for _u8MBSlave
    modbus_master.o(i.ModbusMaster_readInputRegisters) refers to modbus_master.o(i.ModbusMaster_ModbusMasterTransaction) for ModbusMaster_ModbusMasterTransaction
    modbus_master.o(i.ModbusMaster_readInputRegisters) refers to modbus_master.o(.data) for _u8MBSlave
    modbus_master.o(i.ModbusMaster_readWriteMultipleRegisters) refers to modbus_master.o(i.ModbusMaster_ModbusMasterTransaction) for ModbusMaster_ModbusMasterTransaction
    modbus_master.o(i.ModbusMaster_readWriteMultipleRegisters) refers to modbus_master.o(.data) for _u8MBSlave
    modbus_master.o(i.ModbusMaster_receive) refers to modbus_master.o(.data) for _u8ResponseBufferIndex
    modbus_master.o(i.ModbusMaster_receive) refers to modbus_master.o(.bss) for _u16ResponseBuffer
    modbus_master.o(i.ModbusMaster_requestFrom) refers to modbus_master.o(.data) for _u8ResponseBufferIndex
    modbus_master.o(i.ModbusMaster_send16) refers to modbus_master.o(.data) for _u8TransmitBufferIndex
    modbus_master.o(i.ModbusMaster_send16) refers to modbus_master.o(.bss) for _u16TransmitBuffer
    modbus_master.o(i.ModbusMaster_send32) refers to modbus_master.o(i.lowWord) for lowWord
    modbus_master.o(i.ModbusMaster_send32) refers to modbus_master.o(i.ModbusMaster_send16) for ModbusMaster_send16
    modbus_master.o(i.ModbusMaster_send32) refers to modbus_master.o(i.highWord) for highWord
    modbus_master.o(i.ModbusMaster_send8) refers to modbus_master.o(i.ModbusMaster_send16) for ModbusMaster_send16
    modbus_master.o(i.ModbusMaster_sendBit) refers to modbus_master.o(.data) for u16TransmitBufferLength
    modbus_master.o(i.ModbusMaster_sendBit) refers to modbus_master.o(.bss) for _u16TransmitBuffer
    modbus_master.o(i.ModbusMaster_setTransmitBuffer) refers to modbus_master.o(.bss) for _u16TransmitBuffer
    modbus_master.o(i.ModbusMaster_writeMultipleCoils) refers to modbus_master.o(i.ModbusMaster_ModbusMasterTransaction) for ModbusMaster_ModbusMasterTransaction
    modbus_master.o(i.ModbusMaster_writeMultipleCoils) refers to modbus_master.o(.data) for _u8MBSlave
    modbus_master.o(i.ModbusMaster_writeMultipleRegisters) refers to modbus_master.o(i.ModbusMaster_ModbusMasterTransaction) for ModbusMaster_ModbusMasterTransaction
    modbus_master.o(i.ModbusMaster_writeMultipleRegisters) refers to modbus_master.o(.data) for _u8MBSlave
    modbus_master.o(i.ModbusMaster_writeSingleCoil) refers to modbus_master.o(i.ModbusMaster_ModbusMasterTransaction) for ModbusMaster_ModbusMasterTransaction
    modbus_master.o(i.ModbusMaster_writeSingleCoil) refers to modbus_master.o(.data) for _u8MBSlave
    modbus_master.o(i.ModbusMaster_writeSingleRegister) refers to modbus_master.o(i.ModbusMaster_ModbusMasterTransaction) for ModbusMaster_ModbusMasterTransaction
    modbus_master.o(i.ModbusMaster_writeSingleRegister) refers to modbus_master.o(.data) for _u8MBSlave
    modbus_master.o(i.ModbusMaster_writeSingleRegister) refers to modbus_master.o(.bss) for _u16TransmitBuffer
    ringbuffer.o(i.rbGetCount) refers to idiv.o(.text) for __aeabi_idivmod
    ringbuffer.o(i.rbIsFull) refers to idiv.o(.text) for __aeabi_idivmod
    trans_recieve_buff_control.o(i.Modbus_Master_GetByte) refers to uart.o(i.UART_Read) for UART_Read
    trans_recieve_buff_control.o(i.Modbus_Master_Millis) refers to main.o(i.HAL_GetTick) for HAL_GetTick
    trans_recieve_buff_control.o(i.Modbus_Master_RB_Initialize) refers to ringbuffer.o(i.rbInitialize) for rbInitialize
    trans_recieve_buff_control.o(i.Modbus_Master_RB_Initialize) refers to trans_recieve_buff_control.o(.bss) for m_Modbus_Master_RX_Buff
    trans_recieve_buff_control.o(i.Modbus_Master_Read) refers to ringbuffer.o(i.rbIsEmpty) for rbIsEmpty
    trans_recieve_buff_control.o(i.Modbus_Master_Read) refers to ringbuffer.o(i.rbPop) for rbPop
    trans_recieve_buff_control.o(i.Modbus_Master_Read) refers to trans_recieve_buff_control.o(.bss) for m_Modbus_Master_RX_RingBuff
    trans_recieve_buff_control.o(i.Modbus_Master_Rece_Available) refers to ringbuffer.o(i.rbClear) for rbClear
    trans_recieve_buff_control.o(i.Modbus_Master_Rece_Available) refers to ringbuffer.o(i.rbIsEmpty) for rbIsEmpty
    trans_recieve_buff_control.o(i.Modbus_Master_Rece_Available) refers to trans_recieve_buff_control.o(.bss) for m_Modbus_Master_RX_RingBuff
    trans_recieve_buff_control.o(i.Modbus_Master_Rece_Flush) refers to ringbuffer.o(i.rbClear) for rbClear
    trans_recieve_buff_control.o(i.Modbus_Master_Rece_Flush) refers to trans_recieve_buff_control.o(.bss) for m_Modbus_Master_RX_RingBuff
    trans_recieve_buff_control.o(i.Modbus_Master_Rece_Handler) refers to trans_recieve_buff_control.o(i.Modbus_Master_GetByte) for Modbus_Master_GetByte
    trans_recieve_buff_control.o(i.Modbus_Master_Rece_Handler) refers to ringbuffer.o(i.rbPush) for rbPush
    trans_recieve_buff_control.o(i.Modbus_Master_Rece_Handler) refers to trans_recieve_buff_control.o(.bss) for m_Modbus_Master_RX_RingBuff
    trans_recieve_buff_control.o(i.Modbus_Master_Write) refers to uart.o(i.UART_Write) for UART_Write
    entry.o(.ARM.Collect$$$$00000000) refers (Special) to entry10a.o(.ARM.Collect$$$$0000000F) for __rt_final_cpp
    entry.o(.ARM.Collect$$$$00000000) refers (Special) to entry11a.o(.ARM.Collect$$$$00000011) for __rt_final_exit
    entry.o(.ARM.Collect$$$$00000000) refers (Special) to entry12b.o(.ARM.Collect$$$$0000000E) for __rt_lib_shutdown_fini
    entry.o(.ARM.Collect$$$$00000000) refers (Special) to entry7b.o(.ARM.Collect$$$$00000008) for _main_clock
    entry.o(.ARM.Collect$$$$00000000) refers (Special) to entry8b.o(.ARM.Collect$$$$0000000A) for _main_cpp_init
    entry.o(.ARM.Collect$$$$00000000) refers (Special) to entry9a.o(.ARM.Collect$$$$0000000B) for _main_init
    entry.o(.ARM.Collect$$$$00000000) refers (Special) to entry5.o(.ARM.Collect$$$$00000004) for _main_scatterload
    entry.o(.ARM.Collect$$$$00000000) refers (Special) to entry2.o(.ARM.Collect$$$$00000001) for _main_stk
    idiv.o(.text) refers to uidiv.o(.text) for __aeabi_uidivmod
    printfb.o(i.__0fprintf$bare) refers to printfb.o(i._printf_core) for _printf_core
    printfb.o(i.__0fprintf$bare) refers to retarget.o(i.fputc) for fputc
    printfb.o(i.__0printf$bare) refers to printfb.o(i._printf_core) for _printf_core
    printfb.o(i.__0printf$bare) refers to retarget.o(i.fputc) for fputc
    printfb.o(i.__0printf$bare) refers to retarget.o(.data) for __stdout
    printfb.o(i.__0snprintf$bare) refers to printfb.o(i._printf_core) for _printf_core
    printfb.o(i.__0snprintf$bare) refers to printfb.o(i._snputc) for _snputc
    printfb.o(i.__0sprintf$bare) refers to printfb.o(i._printf_core) for _printf_core
    printfb.o(i.__0sprintf$bare) refers to printfb.o(i._sputc) for _sputc
    printfb.o(i.__0vfprintf$bare) refers to printfb.o(i._printf_core) for _printf_core
    printfb.o(i.__0vfprintf$bare) refers to retarget.o(i.fputc) for fputc
    printfb.o(i.__0vprintf$bare) refers to printfb.o(i._printf_core) for _printf_core
    printfb.o(i.__0vprintf$bare) refers to retarget.o(i.fputc) for fputc
    printfb.o(i.__0vprintf$bare) refers to retarget.o(.data) for __stdout
    printfb.o(i.__0vsnprintf$bare) refers to printfb.o(i._printf_core) for _printf_core
    printfb.o(i.__0vsnprintf$bare) refers to printfb.o(i._snputc) for _snputc
    printfb.o(i.__0vsprintf$bare) refers to printfb.o(i._printf_core) for _printf_core
    printfb.o(i.__0vsprintf$bare) refers to printfb.o(i._sputc) for _sputc
    printf0.o(i.__0fprintf$0) refers to printf0.o(i._printf_core) for _printf_core
    printf0.o(i.__0fprintf$0) refers to retarget.o(i.fputc) for fputc
    printf0.o(i.__0printf$0) refers to printf0.o(i._printf_core) for _printf_core
    printf0.o(i.__0printf$0) refers to retarget.o(i.fputc) for fputc
    printf0.o(i.__0printf$0) refers to retarget.o(.data) for __stdout
    printf0.o(i.__0snprintf$0) refers to printf0.o(i._printf_core) for _printf_core
    printf0.o(i.__0snprintf$0) refers to printf0.o(i._snputc) for _snputc
    printf0.o(i.__0sprintf$0) refers to printf0.o(i._printf_core) for _printf_core
    printf0.o(i.__0sprintf$0) refers to printf0.o(i._sputc) for _sputc
    printf0.o(i.__0vfprintf$0) refers to printf0.o(i._printf_core) for _printf_core
    printf0.o(i.__0vfprintf$0) refers to retarget.o(i.fputc) for fputc
    printf0.o(i.__0vprintf$0) refers to printf0.o(i._printf_core) for _printf_core
    printf0.o(i.__0vprintf$0) refers to retarget.o(i.fputc) for fputc
    printf0.o(i.__0vprintf$0) refers to retarget.o(.data) for __stdout
    printf0.o(i.__0vsnprintf$0) refers to printf0.o(i._printf_core) for _printf_core
    printf0.o(i.__0vsnprintf$0) refers to printf0.o(i._snputc) for _snputc
    printf0.o(i.__0vsprintf$0) refers to printf0.o(i._printf_core) for _printf_core
    printf0.o(i.__0vsprintf$0) refers to printf0.o(i._sputc) for _sputc
    printf1.o(i.__0fprintf$1) refers to printf1.o(i._printf_core) for _printf_core
    printf1.o(i.__0fprintf$1) refers to retarget.o(i.fputc) for fputc
    printf1.o(i.__0printf$1) refers to printf1.o(i._printf_core) for _printf_core
    printf1.o(i.__0printf$1) refers to retarget.o(i.fputc) for fputc
    printf1.o(i.__0printf$1) refers to retarget.o(.data) for __stdout
    printf1.o(i.__0snprintf$1) refers to printf1.o(i._printf_core) for _printf_core
    printf1.o(i.__0snprintf$1) refers to printf1.o(i._snputc) for _snputc
    printf1.o(i.__0sprintf$1) refers to printf1.o(i._printf_core) for _printf_core
    printf1.o(i.__0sprintf$1) refers to printf1.o(i._sputc) for _sputc
    printf1.o(i.__0vfprintf$1) refers to printf1.o(i._printf_core) for _printf_core
    printf1.o(i.__0vfprintf$1) refers to retarget.o(i.fputc) for fputc
    printf1.o(i.__0vprintf$1) refers to printf1.o(i._printf_core) for _printf_core
    printf1.o(i.__0vprintf$1) refers to retarget.o(i.fputc) for fputc
    printf1.o(i.__0vprintf$1) refers to retarget.o(.data) for __stdout
    printf1.o(i.__0vsnprintf$1) refers to printf1.o(i._printf_core) for _printf_core
    printf1.o(i.__0vsnprintf$1) refers to printf1.o(i._snputc) for _snputc
    printf1.o(i.__0vsprintf$1) refers to printf1.o(i._printf_core) for _printf_core
    printf1.o(i.__0vsprintf$1) refers to printf1.o(i._sputc) for _sputc
    printf1.o(i._printf_core) refers to uidiv.o(.text) for __aeabi_uidivmod
    printf2.o(i.__0fprintf$2) refers to printf2.o(i._printf_core) for _printf_core
    printf2.o(i.__0fprintf$2) refers to retarget.o(i.fputc) for fputc
    printf2.o(i.__0printf$2) refers to printf2.o(i._printf_core) for _printf_core
    printf2.o(i.__0printf$2) refers to retarget.o(i.fputc) for fputc
    printf2.o(i.__0printf$2) refers to retarget.o(.data) for __stdout
    printf2.o(i.__0snprintf$2) refers to printf2.o(i._printf_core) for _printf_core
    printf2.o(i.__0snprintf$2) refers to printf2.o(i._snputc) for _snputc
    printf2.o(i.__0sprintf$2) refers to printf2.o(i._printf_core) for _printf_core
    printf2.o(i.__0sprintf$2) refers to printf2.o(i._sputc) for _sputc
    printf2.o(i.__0vfprintf$2) refers to printf2.o(i._printf_core) for _printf_core
    printf2.o(i.__0vfprintf$2) refers to retarget.o(i.fputc) for fputc
    printf2.o(i.__0vprintf$2) refers to printf2.o(i._printf_core) for _printf_core
    printf2.o(i.__0vprintf$2) refers to retarget.o(i.fputc) for fputc
    printf2.o(i.__0vprintf$2) refers to retarget.o(.data) for __stdout
    printf2.o(i.__0vsnprintf$2) refers to printf2.o(i._printf_core) for _printf_core
    printf2.o(i.__0vsnprintf$2) refers to printf2.o(i._snputc) for _snputc
    printf2.o(i.__0vsprintf$2) refers to printf2.o(i._printf_core) for _printf_core
    printf2.o(i.__0vsprintf$2) refers to printf2.o(i._sputc) for _sputc
    printf3.o(i.__0fprintf$3) refers to printf3.o(i._printf_core) for _printf_core
    printf3.o(i.__0fprintf$3) refers to retarget.o(i.fputc) for fputc
    printf3.o(i.__0printf$3) refers to printf3.o(i._printf_core) for _printf_core
    printf3.o(i.__0printf$3) refers to retarget.o(i.fputc) for fputc
    printf3.o(i.__0printf$3) refers to retarget.o(.data) for __stdout
    printf3.o(i.__0snprintf$3) refers to printf3.o(i._printf_core) for _printf_core
    printf3.o(i.__0snprintf$3) refers to printf3.o(i._snputc) for _snputc
    printf3.o(i.__0sprintf$3) refers to printf3.o(i._printf_core) for _printf_core
    printf3.o(i.__0sprintf$3) refers to printf3.o(i._sputc) for _sputc
    printf3.o(i.__0vfprintf$3) refers to printf3.o(i._printf_core) for _printf_core
    printf3.o(i.__0vfprintf$3) refers to retarget.o(i.fputc) for fputc
    printf3.o(i.__0vprintf$3) refers to printf3.o(i._printf_core) for _printf_core
    printf3.o(i.__0vprintf$3) refers to retarget.o(i.fputc) for fputc
    printf3.o(i.__0vprintf$3) refers to retarget.o(.data) for __stdout
    printf3.o(i.__0vsnprintf$3) refers to printf3.o(i._printf_core) for _printf_core
    printf3.o(i.__0vsnprintf$3) refers to printf3.o(i._snputc) for _snputc
    printf3.o(i.__0vsprintf$3) refers to printf3.o(i._printf_core) for _printf_core
    printf3.o(i.__0vsprintf$3) refers to printf3.o(i._sputc) for _sputc
    printf3.o(i._printf_core) refers to uidiv.o(.text) for __aeabi_uidivmod
    printf4.o(i.__0fprintf$4) refers to printf4.o(i._printf_core) for _printf_core
    printf4.o(i.__0fprintf$4) refers to retarget.o(i.fputc) for fputc
    printf4.o(i.__0printf$4) refers to printf4.o(i._printf_core) for _printf_core
    printf4.o(i.__0printf$4) refers to retarget.o(i.fputc) for fputc
    printf4.o(i.__0printf$4) refers to retarget.o(.data) for __stdout
    printf4.o(i.__0snprintf$4) refers to printf4.o(i._printf_core) for _printf_core
    printf4.o(i.__0snprintf$4) refers to printf4.o(i._snputc) for _snputc
    printf4.o(i.__0sprintf$4) refers to printf4.o(i._printf_core) for _printf_core
    printf4.o(i.__0sprintf$4) refers to printf4.o(i._sputc) for _sputc
    printf4.o(i.__0vfprintf$4) refers to printf4.o(i._printf_core) for _printf_core
    printf4.o(i.__0vfprintf$4) refers to retarget.o(i.fputc) for fputc
    printf4.o(i.__0vprintf$4) refers to printf4.o(i._printf_core) for _printf_core
    printf4.o(i.__0vprintf$4) refers to retarget.o(i.fputc) for fputc
    printf4.o(i.__0vprintf$4) refers to retarget.o(.data) for __stdout
    printf4.o(i.__0vsnprintf$4) refers to printf4.o(i._printf_core) for _printf_core
    printf4.o(i.__0vsnprintf$4) refers to printf4.o(i._snputc) for _snputc
    printf4.o(i.__0vsprintf$4) refers to printf4.o(i._printf_core) for _printf_core
    printf4.o(i.__0vsprintf$4) refers to printf4.o(i._sputc) for _sputc
    printf4.o(i._printf_core) refers to uldiv.o(.text) for __aeabi_uldivmod
    printf5.o(i.__0fprintf$5) refers to printf5.o(i._printf_core) for _printf_core
    printf5.o(i.__0fprintf$5) refers to retarget.o(i.fputc) for fputc
    printf5.o(i.__0printf$5) refers to printf5.o(i._printf_core) for _printf_core
    printf5.o(i.__0printf$5) refers to retarget.o(i.fputc) for fputc
    printf5.o(i.__0printf$5) refers to retarget.o(.data) for __stdout
    printf5.o(i.__0snprintf$5) refers to printf5.o(i._printf_core) for _printf_core
    printf5.o(i.__0snprintf$5) refers to printf5.o(i._snputc) for _snputc
    printf5.o(i.__0sprintf$5) refers to printf5.o(i._printf_core) for _printf_core
    printf5.o(i.__0sprintf$5) refers to printf5.o(i._sputc) for _sputc
    printf5.o(i.__0vfprintf$5) refers to printf5.o(i._printf_core) for _printf_core
    printf5.o(i.__0vfprintf$5) refers to retarget.o(i.fputc) for fputc
    printf5.o(i.__0vprintf$5) refers to printf5.o(i._printf_core) for _printf_core
    printf5.o(i.__0vprintf$5) refers to retarget.o(i.fputc) for fputc
    printf5.o(i.__0vprintf$5) refers to retarget.o(.data) for __stdout
    printf5.o(i.__0vsnprintf$5) refers to printf5.o(i._printf_core) for _printf_core
    printf5.o(i.__0vsnprintf$5) refers to printf5.o(i._snputc) for _snputc
    printf5.o(i.__0vsprintf$5) refers to printf5.o(i._printf_core) for _printf_core
    printf5.o(i.__0vsprintf$5) refers to printf5.o(i._sputc) for _sputc
    printf5.o(i._printf_core) refers to uldiv.o(.text) for __aeabi_uldivmod
    printf6.o(i.__0fprintf$6) refers to printf6.o(i._printf_core) for _printf_core
    printf6.o(i.__0fprintf$6) refers to retarget.o(i.fputc) for fputc
    printf6.o(i.__0printf$6) refers to printf6.o(i._printf_core) for _printf_core
    printf6.o(i.__0printf$6) refers to retarget.o(i.fputc) for fputc
    printf6.o(i.__0printf$6) refers to retarget.o(.data) for __stdout
    printf6.o(i.__0snprintf$6) refers to printf6.o(i._printf_core) for _printf_core
    printf6.o(i.__0snprintf$6) refers to printf6.o(i._snputc) for _snputc
    printf6.o(i.__0sprintf$6) refers to printf6.o(i._printf_core) for _printf_core
    printf6.o(i.__0sprintf$6) refers to printf6.o(i._sputc) for _sputc
    printf6.o(i.__0vfprintf$6) refers to printf6.o(i._printf_core) for _printf_core
    printf6.o(i.__0vfprintf$6) refers to retarget.o(i.fputc) for fputc
    printf6.o(i.__0vprintf$6) refers to printf6.o(i._printf_core) for _printf_core
    printf6.o(i.__0vprintf$6) refers to retarget.o(i.fputc) for fputc
    printf6.o(i.__0vprintf$6) refers to retarget.o(.data) for __stdout
    printf6.o(i.__0vsnprintf$6) refers to printf6.o(i._printf_core) for _printf_core
    printf6.o(i.__0vsnprintf$6) refers to printf6.o(i._snputc) for _snputc
    printf6.o(i.__0vsprintf$6) refers to printf6.o(i._printf_core) for _printf_core
    printf6.o(i.__0vsprintf$6) refers to printf6.o(i._sputc) for _sputc
    printf6.o(i._printf_core) refers to printf6.o(i._printf_pre_padding) for _printf_pre_padding
    printf6.o(i._printf_core) refers to printf6.o(i._printf_post_padding) for _printf_post_padding
    printf6.o(i._printf_core) refers to uidiv.o(.text) for __aeabi_uidivmod
    printf7.o(i.__0fprintf$7) refers to printf7.o(i._printf_core) for _printf_core
    printf7.o(i.__0fprintf$7) refers to retarget.o(i.fputc) for fputc
    printf7.o(i.__0printf$7) refers to printf7.o(i._printf_core) for _printf_core
    printf7.o(i.__0printf$7) refers to retarget.o(i.fputc) for fputc
    printf7.o(i.__0printf$7) refers to retarget.o(.data) for __stdout
    printf7.o(i.__0snprintf$7) refers to printf7.o(i._printf_core) for _printf_core
    printf7.o(i.__0snprintf$7) refers to printf7.o(i._snputc) for _snputc
    printf7.o(i.__0sprintf$7) refers to printf7.o(i._printf_core) for _printf_core
    printf7.o(i.__0sprintf$7) refers to printf7.o(i._sputc) for _sputc
    printf7.o(i.__0vfprintf$7) refers to printf7.o(i._printf_core) for _printf_core
    printf7.o(i.__0vfprintf$7) refers to retarget.o(i.fputc) for fputc
    printf7.o(i.__0vprintf$7) refers to printf7.o(i._printf_core) for _printf_core
    printf7.o(i.__0vprintf$7) refers to retarget.o(i.fputc) for fputc
    printf7.o(i.__0vprintf$7) refers to retarget.o(.data) for __stdout
    printf7.o(i.__0vsnprintf$7) refers to printf7.o(i._printf_core) for _printf_core
    printf7.o(i.__0vsnprintf$7) refers to printf7.o(i._snputc) for _snputc
    printf7.o(i.__0vsprintf$7) refers to printf7.o(i._printf_core) for _printf_core
    printf7.o(i.__0vsprintf$7) refers to printf7.o(i._sputc) for _sputc
    printf7.o(i._printf_core) refers to printf7.o(i._printf_pre_padding) for _printf_pre_padding
    printf7.o(i._printf_core) refers to printf7.o(i._printf_post_padding) for _printf_post_padding
    printf7.o(i._printf_core) refers to uldiv.o(.text) for __aeabi_uldivmod
    printf8.o(i.__0fprintf$8) refers to printf8.o(i._printf_core) for _printf_core
    printf8.o(i.__0fprintf$8) refers to retarget.o(i.fputc) for fputc
    printf8.o(i.__0printf$8) refers to printf8.o(i._printf_core) for _printf_core
    printf8.o(i.__0printf$8) refers to retarget.o(i.fputc) for fputc
    printf8.o(i.__0printf$8) refers to retarget.o(.data) for __stdout
    printf8.o(i.__0snprintf$8) refers to printf8.o(i._printf_core) for _printf_core
    printf8.o(i.__0snprintf$8) refers to printf8.o(i._snputc) for _snputc
    printf8.o(i.__0sprintf$8) refers to printf8.o(i._printf_core) for _printf_core
    printf8.o(i.__0sprintf$8) refers to printf8.o(i._sputc) for _sputc
    printf8.o(i.__0vfprintf$8) refers to printf8.o(i._printf_core) for _printf_core
    printf8.o(i.__0vfprintf$8) refers to retarget.o(i.fputc) for fputc
    printf8.o(i.__0vprintf$8) refers to printf8.o(i._printf_core) for _printf_core
    printf8.o(i.__0vprintf$8) refers to retarget.o(i.fputc) for fputc
    printf8.o(i.__0vprintf$8) refers to retarget.o(.data) for __stdout
    printf8.o(i.__0vsnprintf$8) refers to printf8.o(i._printf_core) for _printf_core
    printf8.o(i.__0vsnprintf$8) refers to printf8.o(i._snputc) for _snputc
    printf8.o(i.__0vsprintf$8) refers to printf8.o(i._printf_core) for _printf_core
    printf8.o(i.__0vsprintf$8) refers to printf8.o(i._sputc) for _sputc
    printf8.o(i._printf_core) refers to printf8.o(i._printf_pre_padding) for _printf_pre_padding
    printf8.o(i._printf_core) refers to printf8.o(i._printf_post_padding) for _printf_post_padding
    printf8.o(i._printf_core) refers to uldiv.o(.text) for __aeabi_uldivmod
    printfa.o(i.__0fprintf) refers (Special) to iusefp.o(.text) for __I$use$fp
    printfa.o(i.__0fprintf) refers to printfa.o(i._printf_core) for _printf_core
    printfa.o(i.__0fprintf) refers to retarget.o(i.fputc) for fputc
    printfa.o(i.__0printf) refers (Special) to iusefp.o(.text) for __I$use$fp
    printfa.o(i.__0printf) refers to printfa.o(i._printf_core) for _printf_core
    printfa.o(i.__0printf) refers to retarget.o(i.fputc) for fputc
    printfa.o(i.__0printf) refers to retarget.o(.data) for __stdout
    printfa.o(i.__0snprintf) refers (Special) to iusefp.o(.text) for __I$use$fp
    printfa.o(i.__0snprintf) refers to printfa.o(i._printf_core) for _printf_core
    printfa.o(i.__0snprintf) refers to printfa.o(i._snputc) for _snputc
    printfa.o(i.__0sprintf) refers (Special) to iusefp.o(.text) for __I$use$fp
    printfa.o(i.__0sprintf) refers to printfa.o(i._printf_core) for _printf_core
    printfa.o(i.__0sprintf) refers to printfa.o(i._sputc) for _sputc
    printfa.o(i.__0vfprintf) refers (Special) to iusefp.o(.text) for __I$use$fp
    printfa.o(i.__0vfprintf) refers to printfa.o(i._printf_core) for _printf_core
    printfa.o(i.__0vfprintf) refers to retarget.o(i.fputc) for fputc
    printfa.o(i.__0vprintf) refers (Special) to iusefp.o(.text) for __I$use$fp
    printfa.o(i.__0vprintf) refers to printfa.o(i._printf_core) for _printf_core
    printfa.o(i.__0vprintf) refers to retarget.o(i.fputc) for fputc
    printfa.o(i.__0vprintf) refers to retarget.o(.data) for __stdout
    printfa.o(i.__0vsnprintf) refers (Special) to iusefp.o(.text) for __I$use$fp
    printfa.o(i.__0vsnprintf) refers to printfa.o(i._printf_core) for _printf_core
    printfa.o(i.__0vsnprintf) refers to printfa.o(i._snputc) for _snputc
    printfa.o(i.__0vsprintf) refers (Special) to iusefp.o(.text) for __I$use$fp
    printfa.o(i.__0vsprintf) refers to printfa.o(i._printf_core) for _printf_core
    printfa.o(i.__0vsprintf) refers to printfa.o(i._sputc) for _sputc
    printfa.o(i._fp_digits) refers (Special) to iusefp.o(.text) for __I$use$fp
    printfa.o(i._fp_digits) refers to dmul.o(.text) for __aeabi_dmul
    printfa.o(i._fp_digits) refers to ddiv.o(.text) for __aeabi_ddiv
    printfa.o(i._fp_digits) refers to cdrcmple.o(.text) for __aeabi_cdrcmple
    printfa.o(i._fp_digits) refers to dadd.o(.text) for __aeabi_dadd
    printfa.o(i._fp_digits) refers to dfixul.o(.text) for __aeabi_d2ulz
    printfa.o(i._fp_digits) refers to uldiv.o(.text) for __aeabi_uldivmod
    printfa.o(i._printf_core) refers (Special) to iusefp.o(.text) for __I$use$fp
    printfa.o(i._printf_core) refers to printfa.o(i._printf_pre_padding) for _printf_pre_padding
    printfa.o(i._printf_core) refers to uldiv.o(.text) for __aeabi_uldivmod
    printfa.o(i._printf_core) refers to printfa.o(i._printf_post_padding) for _printf_post_padding
    printfa.o(i._printf_core) refers to printfa.o(i._fp_digits) for _fp_digits
    printfa.o(i._printf_core) refers to uidiv.o(.text) for __aeabi_uidivmod
    printfa.o(i._printf_post_padding) refers (Special) to iusefp.o(.text) for __I$use$fp
    printfa.o(i._printf_pre_padding) refers (Special) to iusefp.o(.text) for __I$use$fp
    printfa.o(i._snputc) refers (Special) to iusefp.o(.text) for __I$use$fp
    printfa.o(i._sputc) refers (Special) to iusefp.o(.text) for __I$use$fp
    entry2.o(.ARM.Collect$$$$00000001) refers to entry2.o(.ARM.Collect$$$$00002712) for __lit__00000000
    entry2.o(.ARM.Collect$$$$00002712) refers to startup_m031series.o(STACK) for __initial_sp
    entry2.o(__vectab_stack_and_reset_area) refers to startup_m031series.o(STACK) for __initial_sp
    entry2.o(__vectab_stack_and_reset_area) refers to entry.o(.ARM.Collect$$$$00000000) for __main
    entry5.o(.ARM.Collect$$$$00000004) refers to init.o(.text) for __scatterload
    entry9a.o(.ARM.Collect$$$$0000000B) refers to main.o(i.main) for main
    entry9b.o(.ARM.Collect$$$$0000000C) refers to main.o(i.main) for main
    uldiv.o(.text) refers to llushr.o(.text) for __aeabi_llsr
    uldiv.o(.text) refers to llshl.o(.text) for __aeabi_llsl
    dadd.o(.text) refers to llshl.o(.text) for __aeabi_llsl
    dadd.o(.text) refers to llsshr.o(.text) for __aeabi_lasr
    dadd.o(.text) refers to depilogue.o(.text) for _double_epilogue
    dmul.o(.text) refers to depilogue.o(.text) for _double_epilogue
    ddiv.o(.text) refers to depilogue.o(.text) for _double_round
    dfixul.o(.text) refers to llushr.o(.text) for __aeabi_llsr
    dfixul.o(.text) refers to llshl.o(.text) for __aeabi_llsl
    init.o(.text) refers to entry5.o(.ARM.Collect$$$$00000004) for __main_after_scatterload
    depilogue.o(.text) refers to depilogue.o(i.__ARM_clz) for __ARM_clz
    depilogue.o(.text) refers to llshl.o(.text) for __aeabi_llsl
    depilogue.o(.text) refers to llushr.o(.text) for __aeabi_llsr


==============================================================================

Removing Unused input sections from the image.

    Removing system_m031series.o(.rev16_text), (4 bytes).
    Removing system_m031series.o(.revsh_text), (4 bytes).
    Removing startup_m031series.o(HEAP), (0 bytes).
    Removing main.o(.rev16_text), (4 bytes).
    Removing main.o(.revsh_text), (4 bytes).
    Removing main.o(i.crc16_update), (44 bytes).
    Removing main.o(i.highByte), (6 bytes).
    Removing main.o(i.highWord), (6 bytes).
    Removing main.o(i.lowByte), (6 bytes).
    Removing main.o(i.lowWord), (6 bytes).
    Removing main.o(i.word), (10 bytes).
    Removing retarget.o(.rev16_text), (4 bytes).
    Removing retarget.o(.revsh_text), (4 bytes).
    Removing retarget.o(i.GetChar), (32 bytes).
    Removing retarget.o(i.IsDebugFifoEmpty), (20 bytes).
    Removing retarget.o(i._ttywrch), (12 bytes).
    Removing retarget.o(i.ferror), (8 bytes).
    Removing retarget.o(i.fgetc), (10 bytes).
    Removing retarget.o(i.kbhit), (20 bytes).
    Removing clk.o(.rev16_text), (4 bytes).
    Removing clk.o(.revsh_text), (4 bytes).
    Removing clk.o(i.CLK_DisableCKO), (20 bytes).
    Removing clk.o(i.CLK_DisableModuleClock), (64 bytes).
    Removing clk.o(i.CLK_DisablePLL), (72 bytes).
    Removing clk.o(i.CLK_DisableSysTick), (12 bytes).
    Removing clk.o(i.CLK_DisableXtalRC), (16 bytes).
    Removing clk.o(i.CLK_EnableCKO), (52 bytes).
    Removing clk.o(i.CLK_EnablePLL), (424 bytes).
    Removing clk.o(i.CLK_EnableSysTick), (72 bytes).
    Removing clk.o(i.CLK_GetCPUFreq), (16 bytes).
    Removing clk.o(i.CLK_GetHCLKFreq), (16 bytes).
    Removing clk.o(i.CLK_GetHXTFreq), (28 bytes).
    Removing clk.o(i.CLK_GetLXTFreq), (24 bytes).
    Removing clk.o(i.CLK_GetPLLClockFreq), (128 bytes).
    Removing clk.o(i.CLK_Idle), (36 bytes).
    Removing clk.o(i.CLK_PowerDown), (56 bytes).
    Removing clk.o(i.CLK_SetCoreClock), (208 bytes).
    Removing clk.o(i.CLK_SetSysTickClockSrc), (20 bytes).
    Removing sys.o(.rev16_text), (4 bytes).
    Removing sys.o(.revsh_text), (4 bytes).
    Removing sys.o(i.SYS_ClearResetSrc), (8 bytes).
    Removing sys.o(i.SYS_DisableBOD), (18 bytes).
    Removing sys.o(i.SYS_EnableBOD), (44 bytes).
    Removing sys.o(i.SYS_GetBODStatus), (14 bytes).
    Removing sys.o(i.SYS_GetResetSrc), (8 bytes).
    Removing sys.o(i.SYS_IsRegLocked), (20 bytes).
    Removing sys.o(i.SYS_ReadPDID), (8 bytes).
    Removing sys.o(i.SYS_ResetCPU), (16 bytes).
    Removing sys.o(i.SYS_ResetChip), (16 bytes).
    Removing uart.o(.rev16_text), (4 bytes).
    Removing uart.o(.revsh_text), (4 bytes).
    Removing uart.o(i.UART_ClearIntFlag), (88 bytes).
    Removing uart.o(i.UART_Close), (6 bytes).
    Removing uart.o(i.UART_DisableFlowCtrl), (12 bytes).
    Removing uart.o(i.UART_DisableInt), (8 bytes).
    Removing uart.o(i.UART_EnableFlowCtrl), (30 bytes).
    Removing uart.o(i.UART_EnableInt), (8 bytes).
    Removing uart.o(i.UART_SelectIrDAMode), (484 bytes).
    Removing uart.o(i.UART_SelectRS485Mode), (32 bytes).
    Removing uart.o(i.UART_SelectSingleWireMode), (12 bytes).
    Removing uart.o(i.UART_SetLine_Config), (504 bytes).
    Removing uart.o(i.UART_SetTimeoutCnt), (22 bytes).
    Removing timer.o(.rev16_text), (4 bytes).
    Removing timer.o(.revsh_text), (4 bytes).
    Removing timer.o(i.TIMER_Close), (8 bytes).
    Removing timer.o(i.TIMER_Delay), (208 bytes).
    Removing timer.o(i.TIMER_DisableCapture), (10 bytes).
    Removing timer.o(i.TIMER_DisableEventCounter), (12 bytes).
    Removing timer.o(i.TIMER_DisableFreqCounter), (12 bytes).
    Removing timer.o(i.TIMER_EnableCapture), (20 bytes).
    Removing timer.o(i.TIMER_EnableEventCounter), (22 bytes).
    Removing timer.o(i.TIMER_EnableFreqCounter), (60 bytes).
    Removing timer.o(i.TIMER_SetTriggerSource), (14 bytes).
    Removing timer.o(i.TIMER_SetTriggerTarget), (16 bytes).
    Removing modbus_master.o(.rev16_text), (4 bytes).
    Removing modbus_master.o(.revsh_text), (4 bytes).
    Removing modbus_master.o(i.ModbusMaster_available), (24 bytes).
    Removing modbus_master.o(i.ModbusMaster_beginTransmission), (28 bytes).
    Removing modbus_master.o(i.ModbusMaster_clearResponseBuffer), (28 bytes).
    Removing modbus_master.o(i.ModbusMaster_clearTransmitBuffer), (28 bytes).
    Removing modbus_master.o(i.ModbusMaster_maskWriteRegister), (44 bytes).
    Removing modbus_master.o(i.ModbusMaster_readCoils), (40 bytes).
    Removing modbus_master.o(i.ModbusMaster_readDiscreteInputs), (40 bytes).
    Removing modbus_master.o(i.ModbusMaster_readHoldingRegisters), (40 bytes).
    Removing modbus_master.o(i.ModbusMaster_readWriteMultipleRegisters), (60 bytes).
    Removing modbus_master.o(i.ModbusMaster_receive), (52 bytes).
    Removing modbus_master.o(i.ModbusMaster_requestFrom), (32 bytes).
    Removing modbus_master.o(i.ModbusMaster_send16), (52 bytes).
    Removing modbus_master.o(i.ModbusMaster_send32), (30 bytes).
    Removing modbus_master.o(i.ModbusMaster_send8), (12 bytes).
    Removing modbus_master.o(i.ModbusMaster_sendBit), (144 bytes).
    Removing modbus_master.o(i.ModbusMaster_setTransmitBuffer), (24 bytes).
    Removing modbus_master.o(i.ModbusMaster_writeMultipleCoils), (40 bytes).
    Removing modbus_master.o(i.ModbusMaster_writeMultipleRegisters), (40 bytes).
    Removing modbus_master.o(i.ModbusMaster_writeSingleCoil), (52 bytes).
    Removing modbus_master.o(i.ModbusMaster_writeSingleRegister), (52 bytes).
    Removing modbus_master.o(i.highWord), (6 bytes).
    Removing modbus_master.o(i.lowWord), (6 bytes).
    Removing ringbuffer.o(.rev16_text), (4 bytes).
    Removing ringbuffer.o(.revsh_text), (4 bytes).
    Removing ringbuffer.o(i.rbGetCount), (24 bytes).
    Removing ringbuffer.o(i.rbIsFull), (34 bytes).
    Removing trans_recieve_buff_control.o(.rev16_text), (4 bytes).
    Removing trans_recieve_buff_control.o(.revsh_text), (4 bytes).
    Removing dadd.o(.text), (360 bytes).
    Removing dmul.o(.text), (208 bytes).
    Removing ddiv.o(.text), (240 bytes).
    Removing dfixul.o(.text), (64 bytes).
    Removing cdrcmple.o(.text), (40 bytes).
    Removing depilogue.o(.text), (190 bytes).
    Removing depilogue.o(i.__ARM_clz), (46 bytes).

111 unused section(s) (total 5344 bytes) removed from the image.

==============================================================================

Image Symbol Table

    Local Symbols

    Symbol Name                              Value     Ov Type        Size  Object(Section)

    RESET                                    0x00000000   Section      192  startup_m031series.o(RESET)
    ../clib/microlib/division.c              0x00000000   Number         0  uldiv.o ABSOLUTE
    ../clib/microlib/division.c              0x00000000   Number         0  idiv.o ABSOLUTE
    ../clib/microlib/division.c              0x00000000   Number         0  uidiv.o ABSOLUTE
    ../clib/microlib/init/entry.s            0x00000000   Number         0  entry8b.o ABSOLUTE
    ../clib/microlib/init/entry.s            0x00000000   Number         0  entry9a.o ABSOLUTE
    ../clib/microlib/init/entry.s            0x00000000   Number         0  entry7b.o ABSOLUTE
    ../clib/microlib/init/entry.s            0x00000000   Number         0  entry10b.o ABSOLUTE
    ../clib/microlib/init/entry.s            0x00000000   Number         0  entry10a.o ABSOLUTE
    ../clib/microlib/init/entry.s            0x00000000   Number         0  entry2.o ABSOLUTE
    ../clib/microlib/init/entry.s            0x00000000   Number         0  entry12b.o ABSOLUTE
    ../clib/microlib/init/entry.s            0x00000000   Number         0  entry.o ABSOLUTE
    ../clib/microlib/init/entry.s            0x00000000   Number         0  entry5.o ABSOLUTE
    ../clib/microlib/init/entry.s            0x00000000   Number         0  entry11b.o ABSOLUTE
    ../clib/microlib/init/entry.s            0x00000000   Number         0  entry7a.o ABSOLUTE
    ../clib/microlib/init/entry.s            0x00000000   Number         0  entry11a.o ABSOLUTE
    ../clib/microlib/init/entry.s            0x00000000   Number         0  entry12a.o ABSOLUTE
    ../clib/microlib/init/entry.s            0x00000000   Number         0  entry9b.o ABSOLUTE
    ../clib/microlib/init/entry.s            0x00000000   Number         0  entry8a.o ABSOLUTE
    ../clib/microlib/longlong.c              0x00000000   Number         0  llsshr.o ABSOLUTE
    ../clib/microlib/longlong.c              0x00000000   Number         0  llushr.o ABSOLUTE
    ../clib/microlib/longlong.c              0x00000000   Number         0  llshl.o ABSOLUTE
    ../clib/microlib/printf/printf.c         0x00000000   Number         0  printfa.o ABSOLUTE
    ../clib/microlib/printf/printf.c         0x00000000   Number         0  printf8.o ABSOLUTE
    ../clib/microlib/printf/printf.c         0x00000000   Number         0  printf4.o ABSOLUTE
    ../clib/microlib/printf/printf.c         0x00000000   Number         0  printf7.o ABSOLUTE
    ../clib/microlib/printf/printf.c         0x00000000   Number         0  printf6.o ABSOLUTE
    ../clib/microlib/printf/printf.c         0x00000000   Number         0  printf5.o ABSOLUTE
    ../clib/microlib/printf/printf.c         0x00000000   Number         0  printf3.o ABSOLUTE
    ../clib/microlib/printf/printf.c         0x00000000   Number         0  printf2.o ABSOLUTE
    ../clib/microlib/printf/printf.c         0x00000000   Number         0  printf1.o ABSOLUTE
    ../clib/microlib/printf/printf.c         0x00000000   Number         0  printf0.o ABSOLUTE
    ../clib/microlib/printf/printf.c         0x00000000   Number         0  printfb.o ABSOLUTE
    ../clib/microlib/printf/stubs.s          0x00000000   Number         0  stubs.o ABSOLUTE
    ../clib/microlib/string/memcpy.c         0x00000000   Number         0  memcpya.o ABSOLUTE
    ../clib/microlib/string/memcpy.c         0x00000000   Number         0  memcpyb.o ABSOLUTE
    ../clib/microlib/stubs.s                 0x00000000   Number         0  iusefp.o ABSOLUTE
    ../fplib/microlib/fpadd.c                0x00000000   Number         0  dadd.o ABSOLUTE
    ../fplib/microlib/fpdiv.c                0x00000000   Number         0  ddiv.o ABSOLUTE
    ../fplib/microlib/fpepilogue.c           0x00000000   Number         0  depilogue.o ABSOLUTE
    ../fplib/microlib/fpfix.c                0x00000000   Number         0  dfixul.o ABSOLUTE
    ../fplib/microlib/fpmul.c                0x00000000   Number         0  dmul.o ABSOLUTE
    ..\..\..\..\Library\Device\Nuvoton\M031\Source\ARM\startup_M031Series.s 0x00000000   Number         0  startup_m031series.o ABSOLUTE
    ..\..\..\..\Library\Device\Nuvoton\M031\Source\system_M031Series.c 0x00000000   Number         0  system_m031series.o ABSOLUTE
    ..\..\..\..\Library\StdDriver\src\clk.c  0x00000000   Number         0  clk.o ABSOLUTE
    ..\..\..\..\Library\StdDriver\src\retarget.c 0x00000000   Number         0  retarget.o ABSOLUTE
    ..\..\..\..\Library\StdDriver\src\sys.c  0x00000000   Number         0  sys.o ABSOLUTE
    ..\..\..\..\Library\StdDriver\src\timer.c 0x00000000   Number         0  timer.o ABSOLUTE
    ..\..\..\..\Library\StdDriver\src\uart.c 0x00000000   Number         0  uart.o ABSOLUTE
    ..\Modbus_Master_LIB\modbus_master.c     0x00000000   Number         0  modbus_master.o ABSOLUTE
    ..\Modbus_Master_LIB\ringbuffer.c        0x00000000   Number         0  ringbuffer.o ABSOLUTE
    ..\Modbus_Master_LIB\trans_recieve_buff_control.c 0x00000000   Number         0  trans_recieve_buff_control.o ABSOLUTE
    ..\\..\\..\\..\\Library\\Device\\Nuvoton\\M031\\Source\\system_M031Series.c 0x00000000   Number         0  system_m031series.o ABSOLUTE
    ..\\..\\..\\..\\Library\\StdDriver\\src\\clk.c 0x00000000   Number         0  clk.o ABSOLUTE
    ..\\..\\..\\..\\Library\\StdDriver\\src\\retarget.c 0x00000000   Number         0  retarget.o ABSOLUTE
    ..\\..\\..\\..\\Library\\StdDriver\\src\\sys.c 0x00000000   Number         0  sys.o ABSOLUTE
    ..\\..\\..\\..\\Library\\StdDriver\\src\\timer.c 0x00000000   Number         0  timer.o ABSOLUTE
    ..\\..\\..\\..\\Library\\StdDriver\\src\\uart.c 0x00000000   Number         0  uart.o ABSOLUTE
    ..\\Modbus_Master_LIB\\modbus_master.c   0x00000000   Number         0  modbus_master.o ABSOLUTE
    ..\\Modbus_Master_LIB\\ringbuffer.c      0x00000000   Number         0  ringbuffer.o ABSOLUTE
    ..\\Modbus_Master_LIB\\trans_recieve_buff_control.c 0x00000000   Number         0  trans_recieve_buff_control.o ABSOLUTE
    ..\\main.c                               0x00000000   Number         0  main.o ABSOLUTE
    ..\main.c                                0x00000000   Number         0  main.o ABSOLUTE
    cdrcmple.s                               0x00000000   Number         0  cdrcmple.o ABSOLUTE
    handlers.s                               0x00000000   Number         0  handlers.o ABSOLUTE
    init.s                                   0x00000000   Number         0  init.o ABSOLUTE
    .ARM.Collect$$$$00000000                 0x000000c0   Section        0  entry.o(.ARM.Collect$$$$00000000)
    .ARM.Collect$$$$00000001                 0x000000c0   Section        4  entry2.o(.ARM.Collect$$$$00000001)
    .ARM.Collect$$$$00000004                 0x000000c4   Section        4  entry5.o(.ARM.Collect$$$$00000004)
    .ARM.Collect$$$$00000008                 0x000000c8   Section        0  entry7b.o(.ARM.Collect$$$$00000008)
    .ARM.Collect$$$$0000000A                 0x000000c8   Section        0  entry8b.o(.ARM.Collect$$$$0000000A)
    .ARM.Collect$$$$0000000B                 0x000000c8   Section        8  entry9a.o(.ARM.Collect$$$$0000000B)
    .ARM.Collect$$$$0000000E                 0x000000d0   Section        4  entry12b.o(.ARM.Collect$$$$0000000E)
    .ARM.Collect$$$$0000000F                 0x000000d4   Section        0  entry10a.o(.ARM.Collect$$$$0000000F)
    .ARM.Collect$$$$00000011                 0x000000d4   Section        0  entry11a.o(.ARM.Collect$$$$00000011)
    .ARM.Collect$$$$00002712                 0x000000d4   Section        4  entry2.o(.ARM.Collect$$$$00002712)
    __lit__00000000                          0x000000d4   Data           4  entry2.o(.ARM.Collect$$$$00002712)
    .emb_text                                0x000000d8   Section       28  retarget.o(.emb_text)
    .text                                    0x000000f4   Section       92  startup_m031series.o(.text)
    Default_Handler                          0x00000125   Thumb Code     2  startup_m031series.o(.text)
    .text                                    0x00000150   Section        0  uidiv.o(.text)
    .text                                    0x0000017c   Section        0  memcpya.o(.text)
    .text                                    0x000001a0   Section        0  uldiv.o(.text)
    .text                                    0x00000200   Section       36  init.o(.text)
    .text                                    0x00000224   Section        0  llshl.o(.text)
    .text                                    0x00000244   Section        0  llushr.o(.text)
    i.CLK_EnableModuleClock                  0x00000268   Section        0  clk.o(i.CLK_EnableModuleClock)
    i.CLK_EnableXtalRC                       0x000002a8   Section        0  clk.o(i.CLK_EnableXtalRC)
    i.CLK_GetPCLK0Freq                       0x000002b8   Section        0  clk.o(i.CLK_GetPCLK0Freq)
    i.CLK_GetPCLK1Freq                       0x000002d8   Section        0  clk.o(i.CLK_GetPCLK1Freq)
    i.CLK_GetPLLClockFreq                    0x000002f8   Section        0  system_m031series.o(i.CLK_GetPLLClockFreq)
    CLK_GetPLLClockFreq                      0x000002f9   Thumb Code   110  system_m031series.o(i.CLK_GetPLLClockFreq)
    i.CLK_GetPLLClockFreq                    0x00000378   Section        0  uart.o(i.CLK_GetPLLClockFreq)
    CLK_GetPLLClockFreq                      0x00000379   Thumb Code   110  uart.o(i.CLK_GetPLLClockFreq)
    i.CLK_SetHCLK                            0x000003f8   Section        0  clk.o(i.CLK_SetHCLK)
    i.CLK_SetModuleClock                     0x00000468   Section        0  clk.o(i.CLK_SetModuleClock)
    i.CLK_WaitClockReady                     0x000004f4   Section        0  clk.o(i.CLK_WaitClockReady)
    i.HAL_Delay                              0x0000051c   Section        0  main.o(i.HAL_Delay)
    i.HAL_GetTick                            0x00000538   Section        0  main.o(i.HAL_GetTick)
    i.Hard_Fault_Handler                     0x00000544   Section        0  retarget.o(i.Hard_Fault_Handler)
    __tagsym$$used                           0x00000545   Number         0  retarget.o(i.Hard_Fault_Handler)
    i.ModbusMaster_ModbusMasterTransaction   0x00000570   Section        0  modbus_master.o(i.ModbusMaster_ModbusMasterTransaction)
    i.ModbusMaster_begin                     0x00000a98   Section        0  modbus_master.o(i.ModbusMaster_begin)
    i.ModbusMaster_getResponseBuffer         0x00000ab4   Section        0  modbus_master.o(i.ModbusMaster_getResponseBuffer)
    i.ModbusMaster_readInputRegisters        0x00000ad0   Section        0  modbus_master.o(i.ModbusMaster_readInputRegisters)
    i.Modbus_Master_GetByte                  0x00000af8   Section        0  trans_recieve_buff_control.o(i.Modbus_Master_GetByte)
    i.Modbus_Master_Millis                   0x00000b18   Section        0  trans_recieve_buff_control.o(i.Modbus_Master_Millis)
    i.Modbus_Master_RB_Initialize            0x00000b20   Section        0  trans_recieve_buff_control.o(i.Modbus_Master_RB_Initialize)
    i.Modbus_Master_Read                     0x00000b38   Section        0  trans_recieve_buff_control.o(i.Modbus_Master_Read)
    i.Modbus_Master_Rece_Available           0x00000b58   Section        0  trans_recieve_buff_control.o(i.Modbus_Master_Rece_Available)
    i.Modbus_Master_Rece_Flush               0x00000b80   Section        0  trans_recieve_buff_control.o(i.Modbus_Master_Rece_Flush)
    i.Modbus_Master_Rece_Handler             0x00000b90   Section        0  trans_recieve_buff_control.o(i.Modbus_Master_Rece_Handler)
    i.Modbus_Master_Write                    0x00000bac   Section        0  trans_recieve_buff_control.o(i.Modbus_Master_Write)
    i.NVIC_EnableIRQ                         0x00000bc4   Section        0  main.o(i.NVIC_EnableIRQ)
    NVIC_EnableIRQ                           0x00000bc5   Thumb Code    14  main.o(i.NVIC_EnableIRQ)
    i.SYS_Init                               0x00000bd8   Section        0  main.o(i.SYS_Init)
    i.SYS_ResetModule                        0x00000c44   Section        0  sys.o(i.SYS_ResetModule)
    i.SendChar                               0x00000c74   Section        0  retarget.o(i.SendChar)
    SendChar                                 0x00000c75   Thumb Code    12  retarget.o(i.SendChar)
    i.SendChar_ToUART                        0x00000c80   Section        0  retarget.o(i.SendChar_ToUART)
    SendChar_ToUART                          0x00000c81   Thumb Code    48  retarget.o(i.SendChar_ToUART)
    i.SystemCoreClockUpdate                  0x00000cb4   Section        0  system_m031series.o(i.SystemCoreClockUpdate)
    i.SystemInit                             0x00000d18   Section        0  system_m031series.o(i.SystemInit)
    i.TIMER_GetModuleClock                   0x00000d68   Section        0  timer.o(i.TIMER_GetModuleClock)
    i.TIMER_Open                             0x00000dfc   Section        0  timer.o(i.TIMER_Open)
    i.TMR0_IRQHandler                        0x00000e50   Section        0  main.o(i.TMR0_IRQHandler)
    i.Timer_Init                             0x00000e7c   Section        0  main.o(i.Timer_Init)
    i.UART02_IRQHandler                      0x00000ebc   Section        0  main.o(i.UART02_IRQHandler)
    i.UART0_Init                             0x00000ed4   Section        0  main.o(i.UART0_Init)
    i.UART_Open                              0x00000f04   Section        0  uart.o(i.UART_Open)
    i.UART_Read                              0x000010a8   Section        0  uart.o(i.UART_Read)
    i.UART_Write                             0x000010e6   Section        0  uart.o(i.UART_Write)
    i.__0printf$5                            0x00001124   Section        0  printf5.o(i.__0printf$5)
    i.__ARM_common_switch8                   0x00001144   Section        0  modbus_master.o(i.__ARM_common_switch8)
    i.__scatterload_copy                     0x00001160   Section       14  handlers.o(i.__scatterload_copy)
    i.__scatterload_null                     0x0000116e   Section        2  handlers.o(i.__scatterload_null)
    i.__scatterload_zeroinit                 0x00001170   Section       14  handlers.o(i.__scatterload_zeroinit)
    i._printf_core                           0x00001180   Section        0  printf5.o(i._printf_core)
    _printf_core                             0x00001181   Thumb Code   680  printf5.o(i._printf_core)
    i.crc16_update                           0x00001454   Section        0  modbus_master.o(i.crc16_update)
    crc16_update                             0x00001455   Thumb Code    40  modbus_master.o(i.crc16_update)
    i.fputc                                  0x00001480   Section        0  retarget.o(i.fputc)
    i.highByte                               0x00001490   Section        0  modbus_master.o(i.highByte)
    highByte                                 0x00001491   Thumb Code     6  modbus_master.o(i.highByte)
    i.lowByte                                0x00001496   Section        0  modbus_master.o(i.lowByte)
    lowByte                                  0x00001497   Thumb Code     6  modbus_master.o(i.lowByte)
    i.main                                   0x0000149c   Section        0  main.o(i.main)
    i.rbClear                                0x0000150c   Section        0  ringbuffer.o(i.rbClear)
    i.rbInitialize                           0x0000151a   Section        0  ringbuffer.o(i.rbInitialize)
    i.rbIsEmpty                              0x0000152c   Section        0  ringbuffer.o(i.rbIsEmpty)
    i.rbPop                                  0x0000153e   Section        0  ringbuffer.o(i.rbPop)
    i.rbPush                                 0x00001568   Section        0  ringbuffer.o(i.rbPush)
    i.stackDump                              0x0000158c   Section        0  retarget.o(i.stackDump)
    stackDump                                0x0000158d   Thumb Code    70  retarget.o(i.stackDump)
    i.word                                   0x00001634   Section        0  modbus_master.o(i.word)
    word                                     0x00001635   Thumb Code    10  modbus_master.o(i.word)
    .constdata                               0x00001640   Section       32  system_m031series.o(.constdata)
    .constdata                               0x00001660   Section       56  clk.o(.constdata)
    .constdata                               0x00001698   Section       72  uart.o(.constdata)
    .constdata                               0x000016e0   Section       32  timer.o(.constdata)
    .data                                    0x20000000   Section       12  system_m031series.o(.data)
    .data                                    0x2000000c   Section        8  main.o(.data)
    .data                                    0x20000014   Section        8  retarget.o(.data)
    .data                                    0x2000001c   Section       40  modbus_master.o(.data)
    .bss                                     0x20000044   Section      256  modbus_master.o(.bss)
    .bss                                     0x20000144   Section      220  trans_recieve_buff_control.o(.bss)
    STACK                                    0x20000220   Section      512  startup_m031series.o(STACK)

    Global Symbols

    Symbol Name                              Value     Ov Type        Size  Object(Section)

    BuildAttributes$$THM_ISAv3M$S$PE$A:L22$X:L11$S22$IEEE1$IW$USESV6$~STKCKD$USESV7$~SHL$OSPACE$ROPI$EBA8$MICROLIB$REQ8$PRES8$EABIv2 0x00000000   Number         0  anon$$obj.o ABSOLUTE
    __ARM_use_no_argv                        0x00000000   Number         0  main.o ABSOLUTE
    __Vectors                                0x00000000   Data           4  startup_m031series.o(RESET)
    _printf_a                                0x00000000   Number         0  stubs.o ABSOLUTE
    _printf_c                                0x00000000   Number         0  stubs.o ABSOLUTE
    _printf_charcount                        0x00000000   Number         0  stubs.o ABSOLUTE
    _printf_d                                0x00000000   Number         0  stubs.o ABSOLUTE
    _printf_e                                0x00000000   Number         0  stubs.o ABSOLUTE
    _printf_f                                0x00000000   Number         0  stubs.o ABSOLUTE
    _printf_flags                            0x00000000   Number         0  stubs.o ABSOLUTE
    _printf_fp_dec                           0x00000000   Number         0  stubs.o ABSOLUTE
    _printf_fp_hex                           0x00000000   Number         0  stubs.o ABSOLUTE
    _printf_g                                0x00000000   Number         0  stubs.o ABSOLUTE
    _printf_i                                0x00000000   Number         0  stubs.o ABSOLUTE
    _printf_int_dec                          0x00000000   Number         0  stubs.o ABSOLUTE
    _printf_l                                0x00000000   Number         0  stubs.o ABSOLUTE
    _printf_lc                               0x00000000   Number         0  stubs.o ABSOLUTE
    _printf_ll                               0x00000000   Number         0  stubs.o ABSOLUTE
    _printf_lld                              0x00000000   Number         0  stubs.o ABSOLUTE
    _printf_lli                              0x00000000   Number         0  stubs.o ABSOLUTE
    _printf_llo                              0x00000000   Number         0  stubs.o ABSOLUTE
    _printf_llu                              0x00000000   Number         0  stubs.o ABSOLUTE
    _printf_llx                              0x00000000   Number         0  stubs.o ABSOLUTE
    _printf_longlong_dec                     0x00000000   Number         0  stubs.o ABSOLUTE
    _printf_longlong_hex                     0x00000000   Number         0  stubs.o ABSOLUTE
    _printf_longlong_oct                     0x00000000   Number         0  stubs.o ABSOLUTE
    _printf_ls                               0x00000000   Number         0  stubs.o ABSOLUTE
    _printf_mbtowc                           0x00000000   Number         0  stubs.o ABSOLUTE
    _printf_n                                0x00000000   Number         0  stubs.o ABSOLUTE
    _printf_o                                0x00000000   Number         0  stubs.o ABSOLUTE
    _printf_p                                0x00000000   Number         0  stubs.o ABSOLUTE
    _printf_percent                          0x00000000   Number         0  stubs.o ABSOLUTE
    _printf_pre_padding                      0x00000000   Number         0  stubs.o ABSOLUTE
    _printf_return_value                     0x00000000   Number         0  stubs.o ABSOLUTE
    _printf_s                                0x00000000   Number         0  stubs.o ABSOLUTE
    _printf_sizespec                         0x00000000   Number         0  stubs.o ABSOLUTE
    _printf_str                              0x00000000   Number         0  stubs.o ABSOLUTE
    _printf_truncate_signed                  0x00000000   Number         0  stubs.o ABSOLUTE
    _printf_truncate_unsigned                0x00000000   Number         0  stubs.o ABSOLUTE
    _printf_u                                0x00000000   Number         0  stubs.o ABSOLUTE
    _printf_wc                               0x00000000   Number         0  stubs.o ABSOLUTE
    _printf_wctomb                           0x00000000   Number         0  stubs.o ABSOLUTE
    _printf_widthprec                        0x00000000   Number         0  stubs.o ABSOLUTE
    _printf_x                                0x00000000   Number         0  stubs.o ABSOLUTE
    __arm_fini_                               - Undefined Weak Reference
    __cpp_initialize__aeabi_                  - Undefined Weak Reference
    __cxa_finalize                            - Undefined Weak Reference
    __decompress                              - Undefined Weak Reference
    _clock_init                               - Undefined Weak Reference
    _microlib_exit                            - Undefined Weak Reference
    __main                                   0x000000c1   Thumb Code     0  entry.o(.ARM.Collect$$$$00000000)
    _main_stk                                0x000000c1   Thumb Code     0  entry2.o(.ARM.Collect$$$$00000001)
    _main_scatterload                        0x000000c5   Thumb Code     0  entry5.o(.ARM.Collect$$$$00000004)
    __main_after_scatterload                 0x000000c9   Thumb Code     0  entry5.o(.ARM.Collect$$$$00000004)
    _main_clock                              0x000000c9   Thumb Code     0  entry7b.o(.ARM.Collect$$$$00000008)
    _main_cpp_init                           0x000000c9   Thumb Code     0  entry8b.o(.ARM.Collect$$$$0000000A)
    _main_init                               0x000000c9   Thumb Code     0  entry9a.o(.ARM.Collect$$$$0000000B)
    __rt_lib_shutdown_fini                   0x000000d1   Thumb Code     0  entry12b.o(.ARM.Collect$$$$0000000E)
    __rt_final_cpp                           0x000000d5   Thumb Code     0  entry10a.o(.ARM.Collect$$$$0000000F)
    __rt_final_exit                          0x000000d5   Thumb Code     0  entry11a.o(.ARM.Collect$$$$00000011)
    HardFault_Handler                        0x000000d9   Thumb Code    24  retarget.o(.emb_text)
    Reset_Handler                            0x000000f5   Thumb Code    38  startup_m031series.o(.text)
    NMI_Handler                              0x0000011b   Thumb Code     2  startup_m031series.o(.text)
    SVC_Handler                              0x0000011f   Thumb Code     2  startup_m031series.o(.text)
    PendSV_Handler                           0x00000121   Thumb Code     2  startup_m031series.o(.text)
    SysTick_Handler                          0x00000123   Thumb Code     2  startup_m031series.o(.text)
    ACMP01_IRQHandler                        0x00000125   Thumb Code     0  startup_m031series.o(.text)
    ADC_IRQHandler                           0x00000125   Thumb Code     0  startup_m031series.o(.text)
    BOD_IRQHandler                           0x00000125   Thumb Code     0  startup_m031series.o(.text)
    BPWM0_IRQHandler                         0x00000125   Thumb Code     0  startup_m031series.o(.text)
    BPWM1_IRQHandler                         0x00000125   Thumb Code     0  startup_m031series.o(.text)
    CKFAIL_IRQHandler                        0x00000125   Thumb Code     0  startup_m031series.o(.text)
    EINT024_IRQHandler                       0x00000125   Thumb Code     0  startup_m031series.o(.text)
    EINT135_IRQHandler                       0x00000125   Thumb Code     0  startup_m031series.o(.text)
    GPABGH_IRQHandler                        0x00000125   Thumb Code     0  startup_m031series.o(.text)
    GPCDEF_IRQHandler                        0x00000125   Thumb Code     0  startup_m031series.o(.text)
    I2C0_IRQHandler                          0x00000125   Thumb Code     0  startup_m031series.o(.text)
    I2C1_IRQHandler                          0x00000125   Thumb Code     0  startup_m031series.o(.text)
    ISP_IRQHandler                           0x00000125   Thumb Code     0  startup_m031series.o(.text)
    PDMA_IRQHandler                          0x00000125   Thumb Code     0  startup_m031series.o(.text)
    PWM0_IRQHandler                          0x00000125   Thumb Code     0  startup_m031series.o(.text)
    PWM1_IRQHandler                          0x00000125   Thumb Code     0  startup_m031series.o(.text)
    PWRWU_IRQHandler                         0x00000125   Thumb Code     0  startup_m031series.o(.text)
    QSPI0_IRQHandler                         0x00000125   Thumb Code     0  startup_m031series.o(.text)
    RTC_IRQHandler                           0x00000125   Thumb Code     0  startup_m031series.o(.text)
    SPI0_IRQHandler                          0x00000125   Thumb Code     0  startup_m031series.o(.text)
    TMR1_IRQHandler                          0x00000125   Thumb Code     0  startup_m031series.o(.text)
    TMR2_IRQHandler                          0x00000125   Thumb Code     0  startup_m031series.o(.text)
    TMR3_IRQHandler                          0x00000125   Thumb Code     0  startup_m031series.o(.text)
    UART13_IRQHandler                        0x00000125   Thumb Code     0  startup_m031series.o(.text)
    UART46_IRQHandler                        0x00000125   Thumb Code     0  startup_m031series.o(.text)
    UART57_IRQHandler                        0x00000125   Thumb Code     0  startup_m031series.o(.text)
    USBD_IRQHandler                          0x00000125   Thumb Code     0  startup_m031series.o(.text)
    USCI01_IRQHandler                        0x00000125   Thumb Code     0  startup_m031series.o(.text)
    WDT_IRQHandler                           0x00000125   Thumb Code     0  startup_m031series.o(.text)
    __aeabi_uidiv                            0x00000151   Thumb Code     0  uidiv.o(.text)
    __aeabi_uidivmod                         0x00000151   Thumb Code    44  uidiv.o(.text)
    __aeabi_memcpy                           0x0000017d   Thumb Code    36  memcpya.o(.text)
    __aeabi_memcpy4                          0x0000017d   Thumb Code     0  memcpya.o(.text)
    __aeabi_memcpy8                          0x0000017d   Thumb Code     0  memcpya.o(.text)
    __aeabi_uldivmod                         0x000001a1   Thumb Code    96  uldiv.o(.text)
    __scatterload                            0x00000201   Thumb Code    28  init.o(.text)
    __scatterload_rt2                        0x00000201   Thumb Code     0  init.o(.text)
    __aeabi_llsl                             0x00000225   Thumb Code    32  llshl.o(.text)
    _ll_shift_l                              0x00000225   Thumb Code     0  llshl.o(.text)
    __aeabi_llsr                             0x00000245   Thumb Code    34  llushr.o(.text)
    _ll_ushift_r                             0x00000245   Thumb Code     0  llushr.o(.text)
    CLK_EnableModuleClock                    0x00000269   Thumb Code    56  clk.o(i.CLK_EnableModuleClock)
    CLK_EnableXtalRC                         0x000002a9   Thumb Code    12  clk.o(i.CLK_EnableXtalRC)
    CLK_GetPCLK0Freq                         0x000002b9   Thumb Code    22  clk.o(i.CLK_GetPCLK0Freq)
    CLK_GetPCLK1Freq                         0x000002d9   Thumb Code    24  clk.o(i.CLK_GetPCLK1Freq)
    CLK_SetHCLK                              0x000003f9   Thumb Code   106  clk.o(i.CLK_SetHCLK)
    CLK_SetModuleClock                       0x00000469   Thumb Code   130  clk.o(i.CLK_SetModuleClock)
    CLK_WaitClockReady                       0x000004f5   Thumb Code    32  clk.o(i.CLK_WaitClockReady)
    HAL_Delay                                0x0000051d   Thumb Code    26  main.o(i.HAL_Delay)
    HAL_GetTick                              0x00000539   Thumb Code     6  main.o(i.HAL_GetTick)
    Hard_Fault_Handler                       0x00000545   Thumb Code    18  retarget.o(i.Hard_Fault_Handler)
    ModbusMaster_ModbusMasterTransaction     0x00000571   Thumb Code  1300  modbus_master.o(i.ModbusMaster_ModbusMasterTransaction)
    ModbusMaster_begin                       0x00000a99   Thumb Code    18  modbus_master.o(i.ModbusMaster_begin)
    ModbusMaster_getResponseBuffer           0x00000ab5   Thumb Code    18  modbus_master.o(i.ModbusMaster_getResponseBuffer)
    ModbusMaster_readInputRegisters          0x00000ad1   Thumb Code    28  modbus_master.o(i.ModbusMaster_readInputRegisters)
    Modbus_Master_GetByte                    0x00000af9   Thumb Code    26  trans_recieve_buff_control.o(i.Modbus_Master_GetByte)
    Modbus_Master_Millis                     0x00000b19   Thumb Code     8  trans_recieve_buff_control.o(i.Modbus_Master_Millis)
    Modbus_Master_RB_Initialize              0x00000b21   Thumb Code    16  trans_recieve_buff_control.o(i.Modbus_Master_RB_Initialize)
    Modbus_Master_Read                       0x00000b39   Thumb Code    26  trans_recieve_buff_control.o(i.Modbus_Master_Read)
    Modbus_Master_Rece_Available             0x00000b59   Thumb Code    34  trans_recieve_buff_control.o(i.Modbus_Master_Rece_Available)
    Modbus_Master_Rece_Flush                 0x00000b81   Thumb Code    10  trans_recieve_buff_control.o(i.Modbus_Master_Rece_Flush)
    Modbus_Master_Rece_Handler               0x00000b91   Thumb Code    24  trans_recieve_buff_control.o(i.Modbus_Master_Rece_Handler)
    Modbus_Master_Write                      0x00000bad   Thumb Code    20  trans_recieve_buff_control.o(i.Modbus_Master_Write)
    SYS_Init                                 0x00000bd9   Thumb Code    94  main.o(i.SYS_Init)
    SYS_ResetModule                          0x00000c45   Thumb Code    48  sys.o(i.SYS_ResetModule)
    SystemCoreClockUpdate                    0x00000cb5   Thumb Code    76  system_m031series.o(i.SystemCoreClockUpdate)
    SystemInit                               0x00000d19   Thumb Code    70  system_m031series.o(i.SystemInit)
    TIMER_GetModuleClock                     0x00000d69   Thumb Code   130  timer.o(i.TIMER_GetModuleClock)
    TIMER_Open                               0x00000dfd   Thumb Code    82  timer.o(i.TIMER_Open)
    TMR0_IRQHandler                          0x00000e51   Thumb Code    36  main.o(i.TMR0_IRQHandler)
    Timer_Init                               0x00000e7d   Thumb Code    60  main.o(i.Timer_Init)
    UART02_IRQHandler                        0x00000ebd   Thumb Code    20  main.o(i.UART02_IRQHandler)
    UART0_Init                               0x00000ed5   Thumb Code    38  main.o(i.UART0_Init)
    UART_Open                                0x00000f05   Thumb Code   374  uart.o(i.UART_Open)
    UART_Read                                0x000010a9   Thumb Code    62  uart.o(i.UART_Read)
    UART_Write                               0x000010e7   Thumb Code    62  uart.o(i.UART_Write)
    __0printf$5                              0x00001125   Thumb Code    24  printf5.o(i.__0printf$5)
    __1printf$5                              0x00001125   Thumb Code     0  printf5.o(i.__0printf$5)
    __2printf                                0x00001125   Thumb Code     0  printf5.o(i.__0printf$5)
    __ARM_common_switch8                     0x00001145   Thumb Code    28  modbus_master.o(i.__ARM_common_switch8)
    __scatterload_copy                       0x00001161   Thumb Code    14  handlers.o(i.__scatterload_copy)
    __scatterload_null                       0x0000116f   Thumb Code     2  handlers.o(i.__scatterload_null)
    __scatterload_zeroinit                   0x00001171   Thumb Code    14  handlers.o(i.__scatterload_zeroinit)
    fputc                                    0x00001481   Thumb Code    16  retarget.o(i.fputc)
    main                                     0x0000149d   Thumb Code   104  main.o(i.main)
    rbClear                                  0x0000150d   Thumb Code    14  ringbuffer.o(i.rbClear)
    rbInitialize                             0x0000151b   Thumb Code    18  ringbuffer.o(i.rbInitialize)
    rbIsEmpty                                0x0000152d   Thumb Code    18  ringbuffer.o(i.rbIsEmpty)
    rbPop                                    0x0000153f   Thumb Code    42  ringbuffer.o(i.rbPop)
    rbPush                                   0x00001569   Thumb Code    36  ringbuffer.o(i.rbPush)
    gau32ClkSrcTbl                           0x00001640   Data          32  system_m031series.o(.constdata)
    Region$$Table$$Base                      0x00001700   Number         0  anon$$obj.o(Region$$Table)
    Region$$Table$$Limit                     0x00001720   Number         0  anon$$obj.o(Region$$Table)
    SystemCoreClock                          0x20000000   Data           4  system_m031series.o(.data)
    CyclesPerUs                              0x20000004   Data           4  system_m031series.o(.data)
    PllClock                                 0x20000008   Data           4  system_m031series.o(.data)
    Input_Result                             0x2000000c   Data           4  main.o(.data)
    u32_TimeTick                             0x20000010   Data           4  main.o(.data)
    __stdout                                 0x20000014   Data           4  retarget.o(.data)
    __stdin                                  0x20000018   Data           4  retarget.o(.data)
    _u8MBSlave                               0x2000001c   Data           1  modbus_master.o(.data)
    _u16ReadAddress                          0x2000001e   Data           2  modbus_master.o(.data)
    _u16ReadQty                              0x20000020   Data           2  modbus_master.o(.data)
    _u16WriteAddress                         0x20000022   Data           2  modbus_master.o(.data)
    _u16WriteQty                             0x20000024   Data           2  modbus_master.o(.data)
    txBuffer                                 0x20000028   Data           4  modbus_master.o(.data)
    _u8TransmitBufferIndex                   0x2000002c   Data           1  modbus_master.o(.data)
    u16TransmitBufferLength                  0x2000002e   Data           2  modbus_master.o(.data)
    rxBuffer                                 0x20000030   Data           4  modbus_master.o(.data)
    _u8ResponseBufferIndex                   0x20000034   Data           1  modbus_master.o(.data)
    _u8ResponseBufferLength                  0x20000035   Data           1  modbus_master.o(.data)
    _idle                                    0x20000038   Data           4  modbus_master.o(.data)
    _preTransmission                         0x2000003c   Data           4  modbus_master.o(.data)
    _postTransmission                        0x20000040   Data           4  modbus_master.o(.data)
    _u16ResponseBuffer                       0x20000044   Data         128  modbus_master.o(.bss)
    _u16TransmitBuffer                       0x200000c4   Data         128  modbus_master.o(.bss)
    m_Modbus_Master_RX_RingBuff              0x20000144   Data          20  trans_recieve_buff_control.o(.bss)
    m_Modbus_Master_RX_Buff                  0x20000158   Data         200  trans_recieve_buff_control.o(.bss)
    __initial_sp                             0x20000420   Data           0  startup_m031series.o(STACK)



==============================================================================

Memory Map of the image

  Image Entry point : 0x000000f5

  Load Region LR_1 (Base: 0x00000000, Size: 0x00001764, Max: 0xffffffff, ABSOLUTE)

    Execution Region ER_RO (Exec base: 0x00000000, Load base: 0x00000000, Size: 0x00001720, Max: 0xffffffff, ABSOLUTE)

    Exec Addr    Load Addr    Size         Type   Attr      Idx    E Section Name        Object

    0x00000000   0x00000000   0x000000c0   Data   RO          214    RESET               startup_m031series.o
    0x000000c0   0x000000c0   0x00000000   Code   RO         1187  * .ARM.Collect$$$$00000000  mc_p.l(entry.o)
    0x000000c0   0x000000c0   0x00000004   Code   RO         1457    .ARM.Collect$$$$00000001  mc_p.l(entry2.o)
    0x000000c4   0x000000c4   0x00000004   Code   RO         1460    .ARM.Collect$$$$00000004  mc_p.l(entry5.o)
    0x000000c8   0x000000c8   0x00000000   Code   RO         1462    .ARM.Collect$$$$00000008  mc_p.l(entry7b.o)
    0x000000c8   0x000000c8   0x00000000   Code   RO         1464    .ARM.Collect$$$$0000000A  mc_p.l(entry8b.o)
    0x000000c8   0x000000c8   0x00000008   Code   RO         1465    .ARM.Collect$$$$0000000B  mc_p.l(entry9a.o)
    0x000000d0   0x000000d0   0x00000004   Code   RO         1472    .ARM.Collect$$$$0000000E  mc_p.l(entry12b.o)
    0x000000d4   0x000000d4   0x00000000   Code   RO         1467    .ARM.Collect$$$$0000000F  mc_p.l(entry10a.o)
    0x000000d4   0x000000d4   0x00000000   Code   RO         1469    .ARM.Collect$$$$00000011  mc_p.l(entry11a.o)
    0x000000d4   0x000000d4   0x00000004   Code   RO         1458    .ARM.Collect$$$$00002712  mc_p.l(entry2.o)
    0x000000d8   0x000000d8   0x0000001c   Code   RO          346    .emb_text           retarget.o
    0x000000f4   0x000000f4   0x0000005c   Code   RO          215  * .text               startup_m031series.o
    0x00000150   0x00000150   0x0000002c   Code   RO         1188    .text               mc_p.l(uidiv.o)
    0x0000017c   0x0000017c   0x00000024   Code   RO         1192    .text               mc_p.l(memcpya.o)
    0x000001a0   0x000001a0   0x00000060   Code   RO         1473    .text               mc_p.l(uldiv.o)
    0x00000200   0x00000200   0x00000024   Code   RO         1486    .text               mc_p.l(init.o)
    0x00000224   0x00000224   0x00000020   Code   RO         1488    .text               mc_p.l(llshl.o)
    0x00000244   0x00000244   0x00000022   Code   RO         1490    .text               mc_p.l(llushr.o)
    0x00000266   0x00000266   0x00000002   PAD
    0x00000268   0x00000268   0x00000040   Code   RO          442    i.CLK_EnableModuleClock  clk.o
    0x000002a8   0x000002a8   0x00000010   Code   RO          445    i.CLK_EnableXtalRC  clk.o
    0x000002b8   0x000002b8   0x00000020   Code   RO          450    i.CLK_GetPCLK0Freq  clk.o
    0x000002d8   0x000002d8   0x00000020   Code   RO          451    i.CLK_GetPCLK1Freq  clk.o
    0x000002f8   0x000002f8   0x00000080   Code   RO            3    i.CLK_GetPLLClockFreq  system_m031series.o
    0x00000378   0x00000378   0x00000080   Code   RO          674    i.CLK_GetPLLClockFreq  uart.o
    0x000003f8   0x000003f8   0x00000070   Code   RO          456    i.CLK_SetHCLK       clk.o
    0x00000468   0x00000468   0x0000008c   Code   RO          457    i.CLK_SetModuleClock  clk.o
    0x000004f4   0x000004f4   0x00000028   Code   RO          459    i.CLK_WaitClockReady  clk.o
    0x0000051c   0x0000051c   0x0000001a   Code   RO          221    i.HAL_Delay         main.o
    0x00000536   0x00000536   0x00000002   PAD
    0x00000538   0x00000538   0x0000000c   Code   RO          222    i.HAL_GetTick       main.o
    0x00000544   0x00000544   0x0000002c   Code   RO          348    i.Hard_Fault_Handler  retarget.o
    0x00000570   0x00000570   0x00000528   Code   RO          868    i.ModbusMaster_ModbusMasterTransaction  modbus_master.o
    0x00000a98   0x00000a98   0x0000001c   Code   RO          870    i.ModbusMaster_begin  modbus_master.o
    0x00000ab4   0x00000ab4   0x0000001c   Code   RO          874    i.ModbusMaster_getResponseBuffer  modbus_master.o
    0x00000ad0   0x00000ad0   0x00000028   Code   RO          879    i.ModbusMaster_readInputRegisters  modbus_master.o
    0x00000af8   0x00000af8   0x00000020   Code   RO         1124    i.Modbus_Master_GetByte  trans_recieve_buff_control.o
    0x00000b18   0x00000b18   0x00000008   Code   RO         1125    i.Modbus_Master_Millis  trans_recieve_buff_control.o
    0x00000b20   0x00000b20   0x00000018   Code   RO         1126    i.Modbus_Master_RB_Initialize  trans_recieve_buff_control.o
    0x00000b38   0x00000b38   0x00000020   Code   RO         1127    i.Modbus_Master_Read  trans_recieve_buff_control.o
    0x00000b58   0x00000b58   0x00000028   Code   RO         1128    i.Modbus_Master_Rece_Available  trans_recieve_buff_control.o
    0x00000b80   0x00000b80   0x00000010   Code   RO         1129    i.Modbus_Master_Rece_Flush  trans_recieve_buff_control.o
    0x00000b90   0x00000b90   0x0000001c   Code   RO         1130    i.Modbus_Master_Rece_Handler  trans_recieve_buff_control.o
    0x00000bac   0x00000bac   0x00000018   Code   RO         1131    i.Modbus_Master_Write  trans_recieve_buff_control.o
    0x00000bc4   0x00000bc4   0x00000014   Code   RO          223    i.NVIC_EnableIRQ    main.o
    0x00000bd8   0x00000bd8   0x0000006c   Code   RO          224    i.SYS_Init          main.o
    0x00000c44   0x00000c44   0x00000030   Code   RO          609    i.SYS_ResetModule   sys.o
    0x00000c74   0x00000c74   0x0000000c   Code   RO          350    i.SendChar          retarget.o
    0x00000c80   0x00000c80   0x00000034   Code   RO          351    i.SendChar_ToUART   retarget.o
    0x00000cb4   0x00000cb4   0x00000064   Code   RO            4    i.SystemCoreClockUpdate  system_m031series.o
    0x00000d18   0x00000d18   0x00000050   Code   RO            5    i.SystemInit        system_m031series.o
    0x00000d68   0x00000d68   0x00000094   Code   RO          789    i.TIMER_GetModuleClock  timer.o
    0x00000dfc   0x00000dfc   0x00000052   Code   RO          790    i.TIMER_Open        timer.o
    0x00000e4e   0x00000e4e   0x00000002   PAD
    0x00000e50   0x00000e50   0x0000002c   Code   RO          225    i.TMR0_IRQHandler   main.o
    0x00000e7c   0x00000e7c   0x00000040   Code   RO          226    i.Timer_Init        main.o
    0x00000ebc   0x00000ebc   0x00000018   Code   RO          227    i.UART02_IRQHandler  main.o
    0x00000ed4   0x00000ed4   0x00000030   Code   RO          228    i.UART0_Init        main.o
    0x00000f04   0x00000f04   0x000001a4   Code   RO          681    i.UART_Open         uart.o
    0x000010a8   0x000010a8   0x0000003e   Code   RO          682    i.UART_Read         uart.o
    0x000010e6   0x000010e6   0x0000003e   Code   RO          688    i.UART_Write        uart.o
    0x00001124   0x00001124   0x00000020   Code   RO         1329    i.__0printf$5       mc_p.l(printf5.o)
    0x00001144   0x00001144   0x0000001c   Code   RO         1055    i.__ARM_common_switch8  modbus_master.o
    0x00001160   0x00001160   0x0000000e   Code   RO         1500    i.__scatterload_copy  mc_p.l(handlers.o)
    0x0000116e   0x0000116e   0x00000002   Code   RO         1501    i.__scatterload_null  mc_p.l(handlers.o)
    0x00001170   0x00001170   0x0000000e   Code   RO         1502    i.__scatterload_zeroinit  mc_p.l(handlers.o)
    0x0000117e   0x0000117e   0x00000002   PAD
    0x00001180   0x00001180   0x000002d4   Code   RO         1336    i._printf_core      mc_p.l(printf5.o)
    0x00001454   0x00001454   0x0000002c   Code   RO          892    i.crc16_update      modbus_master.o
    0x00001480   0x00001480   0x00000010   Code   RO          355    i.fputc             retarget.o
    0x00001490   0x00001490   0x00000006   Code   RO          893    i.highByte          modbus_master.o
    0x00001496   0x00001496   0x00000006   Code   RO          895    i.lowByte           modbus_master.o
    0x0000149c   0x0000149c   0x00000070   Code   RO          234    i.main              main.o
    0x0000150c   0x0000150c   0x0000000e   Code   RO         1065    i.rbClear           ringbuffer.o
    0x0000151a   0x0000151a   0x00000012   Code   RO         1067    i.rbInitialize      ringbuffer.o
    0x0000152c   0x0000152c   0x00000012   Code   RO         1068    i.rbIsEmpty         ringbuffer.o
    0x0000153e   0x0000153e   0x0000002a   Code   RO         1070    i.rbPop             ringbuffer.o
    0x00001568   0x00001568   0x00000024   Code   RO         1071    i.rbPush            ringbuffer.o
    0x0000158c   0x0000158c   0x000000a8   Code   RO          357    i.stackDump         retarget.o
    0x00001634   0x00001634   0x0000000a   Code   RO          897    i.word              modbus_master.o
    0x0000163e   0x0000163e   0x00000002   PAD
    0x00001640   0x00001640   0x00000020   Data   RO            6    .constdata          system_m031series.o
    0x00001660   0x00001660   0x00000038   Data   RO          460    .constdata          clk.o
    0x00001698   0x00001698   0x00000048   Data   RO          689    .constdata          uart.o
    0x000016e0   0x000016e0   0x00000020   Data   RO          793    .constdata          timer.o
    0x00001700   0x00001700   0x00000020   Data   RO         1498    Region$$Table       anon$$obj.o


    Execution Region ER_RW (Exec base: 0x20000000, Load base: 0x00001720, Size: 0x00000044, Max: 0xffffffff, ABSOLUTE)

    Exec Addr    Load Addr    Size         Type   Attr      Idx    E Section Name        Object

    0x20000000   0x00001720   0x0000000c   Data   RW            7    .data               system_m031series.o
    0x2000000c   0x0000172c   0x00000008   Data   RW          236    .data               main.o
    0x20000014   0x00001734   0x00000008   Data   RW          358    .data               retarget.o
    0x2000001c   0x0000173c   0x00000028   Data   RW          899    .data               modbus_master.o


    Execution Region ER_ZI (Exec base: 0x20000044, Load base: 0x00001764, Size: 0x000003dc, Max: 0xffffffff, ABSOLUTE)

    Exec Addr    Load Addr    Size         Type   Attr      Idx    E Section Name        Object

    0x20000044        -       0x00000100   Zero   RW          898    .bss                modbus_master.o
    0x20000144        -       0x000000dc   Zero   RW         1132    .bss                trans_recieve_buff_control.o
    0x20000220        -       0x00000200   Zero   RW          212    STACK               startup_m031series.o


==============================================================================

Image component sizes


      Code (inc. data)   RO Data    RW Data    ZI Data      Debug   Object Name

       436         54         56          0          0       4829   clk.o
       458         60          0          8          0      15544   main.o
      1510         92          0         40        256       8309   modbus_master.o
       320        132          0          8          0       5723   retarget.o
       128          0          0          0          0       4138   ringbuffer.o
        92         42        192          0        512        800   startup_m031series.o
        48          0          0          0          0        590   sys.o
       308         52         32         12          0     103887   system_m031series.o
       230         18         32          0          0       2172   timer.o
       204         40          0          0        220       6129   trans_recieve_buff_control.o
       672         64         72          0          0       4029   uart.o

    ----------------------------------------------------------------------
      4412        554        416         68        988     156150   Object Totals
         0          0         32          0          0          0   (incl. Generated)
         6          0          0          0          0          0   (incl. Padding)

    ----------------------------------------------------------------------

      Code (inc. data)   RO Data    RW Data    ZI Data      Debug   Library Member Name

         0          0          0          0          0          0   entry.o
         0          0          0          0          0          0   entry10a.o
         0          0          0          0          0          0   entry11a.o
         4          0          0          0          0          0   entry12b.o
         8          4          0          0          0          0   entry2.o
         4          0          0          0          0          0   entry5.o
         0          0          0          0          0          0   entry7b.o
         0          0          0          0          0          0   entry8b.o
         8          4          0          0          0          0   entry9a.o
        30          0          0          0          0          0   handlers.o
        36          8          0          0          0         68   init.o
        32          0          0          0          0         68   llshl.o
        34          0          0          0          0         68   llushr.o
        36          0          0          0          0         60   memcpya.o
       756         52          0          0          0        168   printf5.o
        44          0          0          0          0         72   uidiv.o
        96          0          0          0          0         84   uldiv.o

    ----------------------------------------------------------------------
      1092         68          0          0          0        588   Library Totals
         4          0          0          0          0          0   (incl. Padding)

    ----------------------------------------------------------------------

      Code (inc. data)   RO Data    RW Data    ZI Data      Debug   Library Name

      1088         68          0          0          0        588   mc_p.l

    ----------------------------------------------------------------------
      1092         68          0          0          0        588   Library Totals

    ----------------------------------------------------------------------

==============================================================================


      Code (inc. data)   RO Data    RW Data    ZI Data      Debug   

      5504        622        416         68        988     154418   Grand Totals
      5504        622        416         68        988     154418   ELF Image Totals
      5504        622        416         68          0          0   ROM Totals

==============================================================================

    Total RO  Size (Code + RO Data)                 5920 (   5.78kB)
    Total RW  Size (RW Data + ZI Data)              1056 (   1.03kB)
    Total ROM Size (Code + RO Data + RW Data)       5988 (   5.85kB)

==============================================================================

