Component: ARM Compiler 5.06 update 7 (build 960) Tool: armlink [4d3601]

==============================================================================

Small function inlining results

Inlined total of 0 calls.

==============================================================================

Image Symbol Table

    Local Symbols

    Symbol Name                              Value     Ov Type        Size  Object(Section)

    RESET                                    0x00000000   Section      192  startup_nuc029xan.o(RESET)
    ../clib/microlib/division.c              0x00000000   Number         0  uidiv.o ABSOLUTE
    ../clib/microlib/division.c              0x00000000   Number         0  uldiv.o ABSOLUTE
    ../clib/microlib/init/entry.s            0x00000000   Number         0  entry10b.o ABSOLUTE
    ../clib/microlib/init/entry.s            0x00000000   Number         0  entry12a.o ABSOLUTE
    ../clib/microlib/init/entry.s            0x00000000   Number         0  entry9a.o ABSOLUTE
    ../clib/microlib/init/entry.s            0x00000000   Number         0  entry7b.o ABSOLUTE
    ../clib/microlib/init/entry.s            0x00000000   Number         0  entry5.o ABSOLUTE
    ../clib/microlib/init/entry.s            0x00000000   Number         0  entry.o ABSOLUTE
    ../clib/microlib/init/entry.s            0x00000000   Number         0  entry11b.o ABSOLUTE
    ../clib/microlib/init/entry.s            0x00000000   Number         0  entry8b.o ABSOLUTE
    ../clib/microlib/init/entry.s            0x00000000   Number         0  entry11a.o ABSOLUTE
    ../clib/microlib/init/entry.s            0x00000000   Number         0  entry7a.o ABSOLUTE
    ../clib/microlib/init/entry.s            0x00000000   Number         0  entry2.o ABSOLUTE
    ../clib/microlib/init/entry.s            0x00000000   Number         0  entry12b.o ABSOLUTE
    ../clib/microlib/init/entry.s            0x00000000   Number         0  entry10a.o ABSOLUTE
    ../clib/microlib/init/entry.s            0x00000000   Number         0  entry8a.o ABSOLUTE
    ../clib/microlib/init/entry.s            0x00000000   Number         0  entry9b.o ABSOLUTE
    ../clib/microlib/longlong.c              0x00000000   Number         0  llushr.o ABSOLUTE
    ../clib/microlib/longlong.c              0x00000000   Number         0  llshl.o ABSOLUTE
    ../clib/microlib/longlong.c              0x00000000   Number         0  llsshr.o ABSOLUTE
    ../clib/microlib/printf/printf.c         0x00000000   Number         0  printf2.o ABSOLUTE
    ../clib/microlib/printf/printf.c         0x00000000   Number         0  printf1.o ABSOLUTE
    ../clib/microlib/printf/printf.c         0x00000000   Number         0  printf0.o ABSOLUTE
    ../clib/microlib/printf/printf.c         0x00000000   Number         0  printf6.o ABSOLUTE
    ../clib/microlib/printf/printf.c         0x00000000   Number         0  printfb.o ABSOLUTE
    ../clib/microlib/printf/printf.c         0x00000000   Number         0  printf7.o ABSOLUTE
    ../clib/microlib/printf/printf.c         0x00000000   Number         0  printf3.o ABSOLUTE
    ../clib/microlib/printf/printf.c         0x00000000   Number         0  printf4.o ABSOLUTE
    ../clib/microlib/printf/printf.c         0x00000000   Number         0  printf8.o ABSOLUTE
    ../clib/microlib/printf/printf.c         0x00000000   Number         0  printfa.o ABSOLUTE
    ../clib/microlib/printf/printf.c         0x00000000   Number         0  printf5.o ABSOLUTE
    ../clib/microlib/printf/stubs.s          0x00000000   Number         0  stubs.o ABSOLUTE
    ../clib/microlib/string/memcpy.c         0x00000000   Number         0  memcpyb.o ABSOLUTE
    ../clib/microlib/string/memcpy.c         0x00000000   Number         0  memcpya.o ABSOLUTE
    ../clib/microlib/stubs.s                 0x00000000   Number         0  iusefp.o ABSOLUTE
    ../fplib/microlib/fpadd.c                0x00000000   Number         0  dadd.o ABSOLUTE
    ../fplib/microlib/fpdiv.c                0x00000000   Number         0  ddiv.o ABSOLUTE
    ../fplib/microlib/fpepilogue.c           0x00000000   Number         0  depilogue.o ABSOLUTE
    ../fplib/microlib/fpfix.c                0x00000000   Number         0  dfixul.o ABSOLUTE
    ../fplib/microlib/fpmul.c                0x00000000   Number         0  dmul.o ABSOLUTE
    ..\..\..\Library\Device\Nuvoton\NUC029xAN\Source\ARM\startup_NUC029xAN.s 0x00000000   Number         0  startup_nuc029xan.o ABSOLUTE
    ..\..\..\Library\Device\Nuvoton\NUC029xAN\Source\system_NUC029xAN.c 0x00000000   Number         0  system_nuc029xan.o ABSOLUTE
    ..\..\..\Library\StdDriver\src\clk.c     0x00000000   Number         0  clk.o ABSOLUTE
    ..\..\..\Library\StdDriver\src\gpio.c    0x00000000   Number         0  gpio.o ABSOLUTE
    ..\..\..\Library\StdDriver\src\retarget.c 0x00000000   Number         0  retarget.o ABSOLUTE
    ..\..\..\Library\StdDriver\src\sys.c     0x00000000   Number         0  sys.o ABSOLUTE
    ..\..\..\Library\StdDriver\src\timer.c   0x00000000   Number         0  timer.o ABSOLUTE
    ..\..\..\Library\StdDriver\src\uart.c    0x00000000   Number         0  uart.o ABSOLUTE
    ..\\..\\..\\Library\\Device\\Nuvoton\\NUC029xAN\\Source\\system_NUC029xAN.c 0x00000000   Number         0  system_nuc029xan.o ABSOLUTE
    ..\\..\\..\\Library\\StdDriver\\src\\clk.c 0x00000000   Number         0  clk.o ABSOLUTE
    ..\\..\\..\\Library\\StdDriver\\src\\gpio.c 0x00000000   Number         0  gpio.o ABSOLUTE
    ..\\..\\..\\Library\\StdDriver\\src\\retarget.c 0x00000000   Number         0  retarget.o ABSOLUTE
    ..\\..\\..\\Library\\StdDriver\\src\\sys.c 0x00000000   Number         0  sys.o ABSOLUTE
    ..\\..\\..\\Library\\StdDriver\\src\\timer.c 0x00000000   Number         0  timer.o ABSOLUTE
    ..\\..\\..\\Library\\StdDriver\\src\\uart.c 0x00000000   Number         0  uart.o ABSOLUTE
    ..\\main.c                               0x00000000   Number         0  main.o ABSOLUTE
    ..\main.c                                0x00000000   Number         0  main.o ABSOLUTE
    cdrcmple.s                               0x00000000   Number         0  cdrcmple.o ABSOLUTE
    handlers.s                               0x00000000   Number         0  handlers.o ABSOLUTE
    init.s                                   0x00000000   Number         0  init.o ABSOLUTE
    .ARM.Collect$$$$00000000                 0x000000c0   Section        0  entry.o(.ARM.Collect$$$$00000000)
    .ARM.Collect$$$$00000001                 0x000000c0   Section        4  entry2.o(.ARM.Collect$$$$00000001)
    .ARM.Collect$$$$00000004                 0x000000c4   Section        4  entry5.o(.ARM.Collect$$$$00000004)
    .ARM.Collect$$$$00000008                 0x000000c8   Section        0  entry7b.o(.ARM.Collect$$$$00000008)
    .ARM.Collect$$$$0000000A                 0x000000c8   Section        0  entry8b.o(.ARM.Collect$$$$0000000A)
    .ARM.Collect$$$$0000000B                 0x000000c8   Section        8  entry9a.o(.ARM.Collect$$$$0000000B)
    .ARM.Collect$$$$0000000E                 0x000000d0   Section        4  entry12b.o(.ARM.Collect$$$$0000000E)
    .ARM.Collect$$$$0000000F                 0x000000d4   Section        0  entry10a.o(.ARM.Collect$$$$0000000F)
    .ARM.Collect$$$$00000011                 0x000000d4   Section        0  entry11a.o(.ARM.Collect$$$$00000011)
    .ARM.Collect$$$$00002712                 0x000000d4   Section        4  entry2.o(.ARM.Collect$$$$00002712)
    __lit__00000000                          0x000000d4   Data           4  entry2.o(.ARM.Collect$$$$00002712)
    .emb_text                                0x000000d8   Section       28  retarget.o(.emb_text)
    .text                                    0x000000f4   Section       76  startup_nuc029xan.o(.text)
    Default_Handler                          0x0000011f   Thumb Code     2  startup_nuc029xan.o(.text)
    .text                                    0x00000140   Section        0  uidiv.o(.text)
    .text                                    0x0000016c   Section        0  memcpya.o(.text)
    .text                                    0x00000190   Section        0  uldiv.o(.text)
    .text                                    0x000001f0   Section       36  init.o(.text)
    .text                                    0x00000214   Section        0  llshl.o(.text)
    .text                                    0x00000234   Section        0  llushr.o(.text)
    i.CLK_GetPLLClockFreq                    0x00000258   Section        0  uart.o(i.CLK_GetPLLClockFreq)
    CLK_GetPLLClockFreq                      0x00000259   Thumb Code    70  uart.o(i.CLK_GetPLLClockFreq)
    i.CLK_WaitClockReady                     0x000002b0   Section        0  clk.o(i.CLK_WaitClockReady)
    i.GPIO_SetMode                           0x000002dc   Section        0  gpio.o(i.GPIO_SetMode)
    i.GetBoardID                             0x00000304   Section        0  main.o(i.GetBoardID)
    i.Hard_Fault_Handler                     0x00000358   Section        0  retarget.o(i.Hard_Fault_Handler)
    __tagsym$$used                           0x00000359   Number         0  retarget.o(i.Hard_Fault_Handler)
    i.SYS_Init                               0x00000380   Section        0  main.o(i.SYS_Init)
    i.SYS_ResetModule                        0x000003f8   Section        0  sys.o(i.SYS_ResetModule)
    i.SendChar_ToUART                        0x00000414   Section        0  retarget.o(i.SendChar_ToUART)
    i.SystemCoreClockUpdate                  0x00000434   Section        0  system_nuc029xan.o(i.SystemCoreClockUpdate)
    i.SystemInit                             0x000004c4   Section        0  system_nuc029xan.o(i.SystemInit)
    i.TIMER_GetModuleClock                   0x000004c8   Section        0  timer.o(i.TIMER_GetModuleClock)
    i.TIMER_Open                             0x00000530   Section        0  timer.o(i.TIMER_Open)
    i.TMR0_IRQHandler                        0x00000570   Section        0  main.o(i.TMR0_IRQHandler)
    i.UART0_IRQHandler                       0x0000060c   Section        0  main.o(i.UART0_IRQHandler)
    i.UART0_Init                             0x00000614   Section        0  main.o(i.UART0_Init)
    i.UART_Open                              0x00000630   Section        0  uart.o(i.UART_Open)
    i.UART_TEST_HANDLE                       0x000006b8   Section        0  main.o(i.UART_TEST_HANDLE)
    i.__0printf$5                            0x00000814   Section        0  printf5.o(i.__0printf$5)
    i.__scatterload_copy                     0x00000834   Section       14  handlers.o(i.__scatterload_copy)
    i.__scatterload_null                     0x00000842   Section        2  handlers.o(i.__scatterload_null)
    i.__scatterload_zeroinit                 0x00000844   Section       14  handlers.o(i.__scatterload_zeroinit)
    i._printf_core                           0x00000854   Section        0  printf5.o(i._printf_core)
    _printf_core                             0x00000855   Thumb Code   680  printf5.o(i._printf_core)
    i.changePort1                            0x00000b28   Section        0  main.o(i.changePort1)
    i.changePort1States                      0x00000c48   Section        0  main.o(i.changePort1States)
    i.changePort2                            0x00000e00   Section        0  main.o(i.changePort2)
    i.changePort2States                      0x00000f20   Section        0  main.o(i.changePort2States)
    i.changePort3                            0x000010d8   Section        0  main.o(i.changePort3)
    i.changePort3States                      0x000011f8   Section        0  main.o(i.changePort3States)
    i.changePort4                            0x000013b0   Section        0  main.o(i.changePort4)
    i.changePort4States                      0x000014d0   Section        0  main.o(i.changePort4States)
    i.delay                                  0x00001688   Section        0  main.o(i.delay)
    i.fputc                                  0x000016a0   Section        0  retarget.o(i.fputc)
    i.main                                   0x000016ac   Section        0  main.o(i.main)
    i.setPort_1                              0x0000179c   Section        0  main.o(i.setPort_1)
    i.setPort_2                              0x0000186c   Section        0  main.o(i.setPort_2)
    i.setPort_3                              0x0000193c   Section        0  main.o(i.setPort_3)
    i.setPort_4                              0x00001a0c   Section        0  main.o(i.setPort_4)
    i.stackDump                              0x00001adc   Section        0  retarget.o(i.stackDump)
    stackDump                                0x00001add   Thumb Code    70  retarget.o(i.stackDump)
    .constdata                               0x00001b84   Section       32  system_nuc029xan.o(.constdata)
    .constdata                               0x00001ba4   Section       48  uart.o(.constdata)
    .constdata                               0x00001bd4   Section       32  timer.o(.constdata)
    .data                                    0x20000000   Section       12  system_nuc029xan.o(.data)
    .data                                    0x2000000c   Section        4  retarget.o(.data)
    .data                                    0x20000010   Section      116  main.o(.data)
    .bss                                     0x20000084   Section     1131  main.o(.bss)
    STACK                                    0x200004f0   Section      512  startup_nuc029xan.o(STACK)

    Global Symbols

    Symbol Name                              Value     Ov Type        Size  Object(Section)

    BuildAttributes$$THM_ISAv3M$S$PE$A:L22$X:L11$S22$IEEE1$IW$USESV6$~STKCKD$USESV7$~SHL$OSPACE$ROPI$EBA8$MICROLIB$REQ8$PRES8$EABIv2 0x00000000   Number         0  anon$$obj.o ABSOLUTE
    __ARM_use_no_argv                        0x00000000   Number         0  main.o ABSOLUTE
    __Vectors                                0x00000000   Data           4  startup_nuc029xan.o(RESET)
    _printf_a                                0x00000000   Number         0  stubs.o ABSOLUTE
    _printf_c                                0x00000000   Number         0  stubs.o ABSOLUTE
    _printf_charcount                        0x00000000   Number         0  stubs.o ABSOLUTE
    _printf_d                                0x00000000   Number         0  stubs.o ABSOLUTE
    _printf_e                                0x00000000   Number         0  stubs.o ABSOLUTE
    _printf_f                                0x00000000   Number         0  stubs.o ABSOLUTE
    _printf_flags                            0x00000000   Number         0  stubs.o ABSOLUTE
    _printf_fp_dec                           0x00000000   Number         0  stubs.o ABSOLUTE
    _printf_fp_hex                           0x00000000   Number         0  stubs.o ABSOLUTE
    _printf_g                                0x00000000   Number         0  stubs.o ABSOLUTE
    _printf_i                                0x00000000   Number         0  stubs.o ABSOLUTE
    _printf_int_dec                          0x00000000   Number         0  stubs.o ABSOLUTE
    _printf_l                                0x00000000   Number         0  stubs.o ABSOLUTE
    _printf_lc                               0x00000000   Number         0  stubs.o ABSOLUTE
    _printf_ll                               0x00000000   Number         0  stubs.o ABSOLUTE
    _printf_lld                              0x00000000   Number         0  stubs.o ABSOLUTE
    _printf_lli                              0x00000000   Number         0  stubs.o ABSOLUTE
    _printf_llo                              0x00000000   Number         0  stubs.o ABSOLUTE
    _printf_llu                              0x00000000   Number         0  stubs.o ABSOLUTE
    _printf_llx                              0x00000000   Number         0  stubs.o ABSOLUTE
    _printf_longlong_dec                     0x00000000   Number         0  stubs.o ABSOLUTE
    _printf_longlong_hex                     0x00000000   Number         0  stubs.o ABSOLUTE
    _printf_longlong_oct                     0x00000000   Number         0  stubs.o ABSOLUTE
    _printf_ls                               0x00000000   Number         0  stubs.o ABSOLUTE
    _printf_mbtowc                           0x00000000   Number         0  stubs.o ABSOLUTE
    _printf_n                                0x00000000   Number         0  stubs.o ABSOLUTE
    _printf_o                                0x00000000   Number         0  stubs.o ABSOLUTE
    _printf_p                                0x00000000   Number         0  stubs.o ABSOLUTE
    _printf_percent                          0x00000000   Number         0  stubs.o ABSOLUTE
    _printf_pre_padding                      0x00000000   Number         0  stubs.o ABSOLUTE
    _printf_return_value                     0x00000000   Number         0  stubs.o ABSOLUTE
    _printf_s                                0x00000000   Number         0  stubs.o ABSOLUTE
    _printf_sizespec                         0x00000000   Number         0  stubs.o ABSOLUTE
    _printf_str                              0x00000000   Number         0  stubs.o ABSOLUTE
    _printf_truncate_signed                  0x00000000   Number         0  stubs.o ABSOLUTE
    _printf_truncate_unsigned                0x00000000   Number         0  stubs.o ABSOLUTE
    _printf_u                                0x00000000   Number         0  stubs.o ABSOLUTE
    _printf_wc                               0x00000000   Number         0  stubs.o ABSOLUTE
    _printf_wctomb                           0x00000000   Number         0  stubs.o ABSOLUTE
    _printf_widthprec                        0x00000000   Number         0  stubs.o ABSOLUTE
    _printf_x                                0x00000000   Number         0  stubs.o ABSOLUTE
    __arm_fini_                               - Undefined Weak Reference
    __cpp_initialize__aeabi_                  - Undefined Weak Reference
    __cxa_finalize                            - Undefined Weak Reference
    __decompress                              - Undefined Weak Reference
    _clock_init                               - Undefined Weak Reference
    _microlib_exit                            - Undefined Weak Reference
    __main                                   0x000000c1   Thumb Code     0  entry.o(.ARM.Collect$$$$00000000)
    _main_stk                                0x000000c1   Thumb Code     0  entry2.o(.ARM.Collect$$$$00000001)
    _main_scatterload                        0x000000c5   Thumb Code     0  entry5.o(.ARM.Collect$$$$00000004)
    __main_after_scatterload                 0x000000c9   Thumb Code     0  entry5.o(.ARM.Collect$$$$00000004)
    _main_clock                              0x000000c9   Thumb Code     0  entry7b.o(.ARM.Collect$$$$00000008)
    _main_cpp_init                           0x000000c9   Thumb Code     0  entry8b.o(.ARM.Collect$$$$0000000A)
    _main_init                               0x000000c9   Thumb Code     0  entry9a.o(.ARM.Collect$$$$0000000B)
    __rt_lib_shutdown_fini                   0x000000d1   Thumb Code     0  entry12b.o(.ARM.Collect$$$$0000000E)
    __rt_final_cpp                           0x000000d5   Thumb Code     0  entry10a.o(.ARM.Collect$$$$0000000F)
    __rt_final_exit                          0x000000d5   Thumb Code     0  entry11a.o(.ARM.Collect$$$$00000011)
    HardFault_Handler                        0x000000d9   Thumb Code    24  retarget.o(.emb_text)
    Reset_Handler                            0x000000f5   Thumb Code    32  startup_nuc029xan.o(.text)
    NMI_Handler                              0x00000115   Thumb Code     2  startup_nuc029xan.o(.text)
    SVC_Handler                              0x00000119   Thumb Code     2  startup_nuc029xan.o(.text)
    PendSV_Handler                           0x0000011b   Thumb Code     2  startup_nuc029xan.o(.text)
    SysTick_Handler                          0x0000011d   Thumb Code     2  startup_nuc029xan.o(.text)
    ACMP01_IRQHandler                        0x0000011f   Thumb Code     0  startup_nuc029xan.o(.text)
    ACMP23_IRQHandler                        0x0000011f   Thumb Code     0  startup_nuc029xan.o(.text)
    ADC_IRQHandler                           0x0000011f   Thumb Code     0  startup_nuc029xan.o(.text)
    BOD_IRQHandler                           0x0000011f   Thumb Code     0  startup_nuc029xan.o(.text)
    EINT0_IRQHandler                         0x0000011f   Thumb Code     0  startup_nuc029xan.o(.text)
    EINT1_IRQHandler                         0x0000011f   Thumb Code     0  startup_nuc029xan.o(.text)
    GPIOP0P1_IRQHandler                      0x0000011f   Thumb Code     0  startup_nuc029xan.o(.text)
    GPIOP2P3P4_IRQHandler                    0x0000011f   Thumb Code     0  startup_nuc029xan.o(.text)
    I2C0_IRQHandler                          0x0000011f   Thumb Code     0  startup_nuc029xan.o(.text)
    I2C1_IRQHandler                          0x0000011f   Thumb Code     0  startup_nuc029xan.o(.text)
    PWMA_IRQHandler                          0x0000011f   Thumb Code     0  startup_nuc029xan.o(.text)
    PWMB_IRQHandler                          0x0000011f   Thumb Code     0  startup_nuc029xan.o(.text)
    PWRWU_IRQHandler                         0x0000011f   Thumb Code     0  startup_nuc029xan.o(.text)
    RTC_IRQHandler                           0x0000011f   Thumb Code     0  startup_nuc029xan.o(.text)
    SPI0_IRQHandler                          0x0000011f   Thumb Code     0  startup_nuc029xan.o(.text)
    SPI1_IRQHandler                          0x0000011f   Thumb Code     0  startup_nuc029xan.o(.text)
    TMR1_IRQHandler                          0x0000011f   Thumb Code     0  startup_nuc029xan.o(.text)
    TMR2_IRQHandler                          0x0000011f   Thumb Code     0  startup_nuc029xan.o(.text)
    TMR3_IRQHandler                          0x0000011f   Thumb Code     0  startup_nuc029xan.o(.text)
    UART1_IRQHandler                         0x0000011f   Thumb Code     0  startup_nuc029xan.o(.text)
    WDT_IRQHandler                           0x0000011f   Thumb Code     0  startup_nuc029xan.o(.text)
    __aeabi_uidiv                            0x00000141   Thumb Code     0  uidiv.o(.text)
    __aeabi_uidivmod                         0x00000141   Thumb Code    44  uidiv.o(.text)
    __aeabi_memcpy                           0x0000016d   Thumb Code    36  memcpya.o(.text)
    __aeabi_memcpy4                          0x0000016d   Thumb Code     0  memcpya.o(.text)
    __aeabi_memcpy8                          0x0000016d   Thumb Code     0  memcpya.o(.text)
    __aeabi_uldivmod                         0x00000191   Thumb Code    96  uldiv.o(.text)
    __scatterload                            0x000001f1   Thumb Code    28  init.o(.text)
    __scatterload_rt2                        0x000001f1   Thumb Code     0  init.o(.text)
    __aeabi_llsl                             0x00000215   Thumb Code    32  llshl.o(.text)
    _ll_shift_l                              0x00000215   Thumb Code     0  llshl.o(.text)
    __aeabi_llsr                             0x00000235   Thumb Code    34  llushr.o(.text)
    _ll_ushift_r                             0x00000235   Thumb Code     0  llushr.o(.text)
    CLK_WaitClockReady                       0x000002b1   Thumb Code    34  clk.o(i.CLK_WaitClockReady)
    GPIO_SetMode                             0x000002dd   Thumb Code    40  gpio.o(i.GPIO_SetMode)
    GetBoardID                               0x00000305   Thumb Code    76  main.o(i.GetBoardID)
    Hard_Fault_Handler                       0x00000359   Thumb Code    16  retarget.o(i.Hard_Fault_Handler)
    SYS_Init                                 0x00000381   Thumb Code    92  main.o(i.SYS_Init)
    SYS_ResetModule                          0x000003f9   Thumb Code    26  sys.o(i.SYS_ResetModule)
    SendChar_ToUART                          0x00000415   Thumb Code    26  retarget.o(i.SendChar_ToUART)
    SystemCoreClockUpdate                    0x00000435   Thumb Code   116  system_nuc029xan.o(i.SystemCoreClockUpdate)
    SystemInit                               0x000004c5   Thumb Code     2  system_nuc029xan.o(i.SystemInit)
    TIMER_GetModuleClock                     0x000004c9   Thumb Code    82  timer.o(i.TIMER_GetModuleClock)
    TIMER_Open                               0x00000531   Thumb Code    64  timer.o(i.TIMER_Open)
    TMR0_IRQHandler                          0x00000571   Thumb Code   134  main.o(i.TMR0_IRQHandler)
    UART0_IRQHandler                         0x0000060d   Thumb Code     8  main.o(i.UART0_IRQHandler)
    UART0_Init                               0x00000615   Thumb Code    20  main.o(i.UART0_Init)
    UART_Open                                0x00000631   Thumb Code   120  uart.o(i.UART_Open)
    UART_TEST_HANDLE                         0x000006b9   Thumb Code   326  main.o(i.UART_TEST_HANDLE)
    __0printf$5                              0x00000815   Thumb Code    24  printf5.o(i.__0printf$5)
    __1printf$5                              0x00000815   Thumb Code     0  printf5.o(i.__0printf$5)
    __2printf                                0x00000815   Thumb Code     0  printf5.o(i.__0printf$5)
    __scatterload_copy                       0x00000835   Thumb Code    14  handlers.o(i.__scatterload_copy)
    __scatterload_null                       0x00000843   Thumb Code     2  handlers.o(i.__scatterload_null)
    __scatterload_zeroinit                   0x00000845   Thumb Code    14  handlers.o(i.__scatterload_zeroinit)
    changePort1                              0x00000b29   Thumb Code   278  main.o(i.changePort1)
    changePort1States                        0x00000c49   Thumb Code   434  main.o(i.changePort1States)
    changePort2                              0x00000e01   Thumb Code   278  main.o(i.changePort2)
    changePort2States                        0x00000f21   Thumb Code   434  main.o(i.changePort2States)
    changePort3                              0x000010d9   Thumb Code   278  main.o(i.changePort3)
    changePort3States                        0x000011f9   Thumb Code   434  main.o(i.changePort3States)
    changePort4                              0x000013b1   Thumb Code   278  main.o(i.changePort4)
    changePort4States                        0x000014d1   Thumb Code   434  main.o(i.changePort4States)
    delay                                    0x00001689   Thumb Code    20  main.o(i.delay)
    fputc                                    0x000016a1   Thumb Code    12  retarget.o(i.fputc)
    main                                     0x000016ad   Thumb Code   208  main.o(i.main)
    setPort_1                                0x0000179d   Thumb Code   204  main.o(i.setPort_1)
    setPort_2                                0x0000186d   Thumb Code   204  main.o(i.setPort_2)
    setPort_3                                0x0000193d   Thumb Code   204  main.o(i.setPort_3)
    setPort_4                                0x00001a0d   Thumb Code   204  main.o(i.setPort_4)
    gau32ClkSrcTbl                           0x00001b84   Data          32  system_nuc029xan.o(.constdata)
    Region$$Table$$Base                      0x00001bf4   Number         0  anon$$obj.o(Region$$Table)
    Region$$Table$$Limit                     0x00001c14   Number         0  anon$$obj.o(Region$$Table)
    SystemCoreClock                          0x20000000   Data           4  system_nuc029xan.o(.data)
    CyclesPerUs                              0x20000004   Data           4  system_nuc029xan.o(.data)
    PllClock                                 0x20000008   Data           4  system_nuc029xan.o(.data)
    __stdout                                 0x2000000c   Data           4  retarget.o(.data)
    totalRegsToRead                          0x20000010   Data           1  main.o(.data)
    toatalDataBytesToReceived                0x20000011   Data           1  main.o(.data)
    responceSize                             0x20000012   Data           1  main.o(.data)
    boardID                                  0x20000013   Data           1  main.o(.data)
    First_Reg_L                              0x20000014   Data           1  main.o(.data)
    First_Reg_H                              0x20000015   Data           1  main.o(.data)
    Second_Reg_L                             0x20000016   Data           1  main.o(.data)
    Second_Reg_H                             0x20000017   Data           1  main.o(.data)
    g_u32comRbytes                           0x20000018   Data           4  main.o(.data)
    g_u32comRhead                            0x2000001c   Data           4  main.o(.data)
    g_u32comRtail                            0x20000020   Data           4  main.o(.data)
    arrayIndex                               0x20000024   Data           4  main.o(.data)
    dataReceiving                            0x20000028   Data           4  main.o(.data)
    seconds                                  0x2000002c   Data           4  main.o(.data)
    ticks                                    0x20000030   Data           4  main.o(.data)
    i                                        0x20000034   Data           4  main.o(.data)
    port1Readings                            0x20000038   Data           8  main.o(.data)
    port2Readings                            0x20000040   Data           8  main.o(.data)
    port3Readings                            0x20000048   Data           8  main.o(.data)
    port4Readings                            0x20000050   Data           8  main.o(.data)
    port1States                              0x20000058   Data           8  main.o(.data)
    port2States                              0x20000060   Data           8  main.o(.data)
    port3States                              0x20000068   Data           8  main.o(.data)
    port4States                              0x20000070   Data           8  main.o(.data)
    masterCommand                            0x20000078   Data          12  main.o(.data)
    g_u8RecData                              0x20000084   Data        1024  main.o(.bss)
    responce                                 0x20000484   Data         107  main.o(.bss)
    __initial_sp                             0x200006f0   Data           0  startup_nuc029xan.o(STACK)



==============================================================================

Memory Map of the image

  Image Entry point : 0x000000f5

  Load Region LR_1 (Base: 0x00000000, Size: 0x00001c98, Max: 0xffffffff, ABSOLUTE)

    Execution Region ER_RO (Exec base: 0x00000000, Load base: 0x00000000, Size: 0x00001c14, Max: 0xffffffff, ABSOLUTE)

    Exec Addr    Load Addr    Size         Type   Attr      Idx    E Section Name        Object

    0x00000000   0x00000000   0x000000c0   Data   RO            3    RESET               startup_nuc029xan.o
    0x000000c0   0x000000c0   0x00000000   Code   RO          779  * .ARM.Collect$$$$00000000  mc_p.l(entry.o)
    0x000000c0   0x000000c0   0x00000004   Code   RO         1047    .ARM.Collect$$$$00000001  mc_p.l(entry2.o)
    0x000000c4   0x000000c4   0x00000004   Code   RO         1050    .ARM.Collect$$$$00000004  mc_p.l(entry5.o)
    0x000000c8   0x000000c8   0x00000000   Code   RO         1052    .ARM.Collect$$$$00000008  mc_p.l(entry7b.o)
    0x000000c8   0x000000c8   0x00000000   Code   RO         1054    .ARM.Collect$$$$0000000A  mc_p.l(entry8b.o)
    0x000000c8   0x000000c8   0x00000008   Code   RO         1055    .ARM.Collect$$$$0000000B  mc_p.l(entry9a.o)
    0x000000d0   0x000000d0   0x00000004   Code   RO         1062    .ARM.Collect$$$$0000000E  mc_p.l(entry12b.o)
    0x000000d4   0x000000d4   0x00000000   Code   RO         1057    .ARM.Collect$$$$0000000F  mc_p.l(entry10a.o)
    0x000000d4   0x000000d4   0x00000000   Code   RO         1059    .ARM.Collect$$$$00000011  mc_p.l(entry11a.o)
    0x000000d4   0x000000d4   0x00000004   Code   RO         1048    .ARM.Collect$$$$00002712  mc_p.l(entry2.o)
    0x000000d8   0x000000d8   0x0000001c   Code   RO          110    .emb_text           retarget.o
    0x000000f4   0x000000f4   0x0000004c   Code   RO            4  * .text               startup_nuc029xan.o
    0x00000140   0x00000140   0x0000002c   Code   RO          780    .text               mc_p.l(uidiv.o)
    0x0000016c   0x0000016c   0x00000024   Code   RO          782    .text               mc_p.l(memcpya.o)
    0x00000190   0x00000190   0x00000060   Code   RO         1063    .text               mc_p.l(uldiv.o)
    0x000001f0   0x000001f0   0x00000024   Code   RO         1076    .text               mc_p.l(init.o)
    0x00000214   0x00000214   0x00000020   Code   RO         1078    .text               mc_p.l(llshl.o)
    0x00000234   0x00000234   0x00000022   Code   RO         1080    .text               mc_p.l(llushr.o)
    0x00000256   0x00000256   0x00000002   PAD
    0x00000258   0x00000258   0x00000058   Code   RO          206    i.CLK_GetPLLClockFreq  uart.o
    0x000002b0   0x000002b0   0x0000002c   Code   RO          422    i.CLK_WaitClockReady  clk.o
    0x000002dc   0x000002dc   0x00000028   Code   RO          605    i.GPIO_SetMode      gpio.o
    0x00000304   0x00000304   0x00000054   Code   RO          635    i.GetBoardID        main.o
    0x00000358   0x00000358   0x00000028   Code   RO          112    i.Hard_Fault_Handler  retarget.o
    0x00000380   0x00000380   0x00000078   Code   RO          636    i.SYS_Init          main.o
    0x000003f8   0x000003f8   0x0000001a   Code   RO          325    i.SYS_ResetModule   sys.o
    0x00000412   0x00000412   0x00000002   PAD
    0x00000414   0x00000414   0x00000020   Code   RO          115    i.SendChar_ToUART   retarget.o
    0x00000434   0x00000434   0x00000090   Code   RO           12    i.SystemCoreClockUpdate  system_nuc029xan.o
    0x000004c4   0x000004c4   0x00000002   Code   RO           13    i.SystemInit        system_nuc029xan.o
    0x000004c6   0x000004c6   0x00000002   PAD
    0x000004c8   0x000004c8   0x00000068   Code   RO          546    i.TIMER_GetModuleClock  timer.o
    0x00000530   0x00000530   0x00000040   Code   RO          547    i.TIMER_Open        timer.o
    0x00000570   0x00000570   0x0000009c   Code   RO          637    i.TMR0_IRQHandler   main.o
    0x0000060c   0x0000060c   0x00000008   Code   RO          638    i.UART0_IRQHandler  main.o
    0x00000614   0x00000614   0x0000001c   Code   RO          639    i.UART0_Init        main.o
    0x00000630   0x00000630   0x00000088   Code   RO          213    i.UART_Open         uart.o
    0x000006b8   0x000006b8   0x0000015c   Code   RO          640    i.UART_TEST_HANDLE  main.o
    0x00000814   0x00000814   0x00000020   Code   RO          919    i.__0printf$5       mc_p.l(printf5.o)
    0x00000834   0x00000834   0x0000000e   Code   RO         1090    i.__scatterload_copy  mc_p.l(handlers.o)
    0x00000842   0x00000842   0x00000002   Code   RO         1091    i.__scatterload_null  mc_p.l(handlers.o)
    0x00000844   0x00000844   0x0000000e   Code   RO         1092    i.__scatterload_zeroinit  mc_p.l(handlers.o)
    0x00000852   0x00000852   0x00000002   PAD
    0x00000854   0x00000854   0x000002d4   Code   RO          926    i._printf_core      mc_p.l(printf5.o)
    0x00000b28   0x00000b28   0x00000120   Code   RO          641    i.changePort1       main.o
    0x00000c48   0x00000c48   0x000001b8   Code   RO          642    i.changePort1States  main.o
    0x00000e00   0x00000e00   0x00000120   Code   RO          643    i.changePort2       main.o
    0x00000f20   0x00000f20   0x000001b8   Code   RO          644    i.changePort2States  main.o
    0x000010d8   0x000010d8   0x00000120   Code   RO          645    i.changePort3       main.o
    0x000011f8   0x000011f8   0x000001b8   Code   RO          646    i.changePort3States  main.o
    0x000013b0   0x000013b0   0x00000120   Code   RO          647    i.changePort4       main.o
    0x000014d0   0x000014d0   0x000001b8   Code   RO          648    i.changePort4States  main.o
    0x00001688   0x00001688   0x00000018   Code   RO          649    i.delay             main.o
    0x000016a0   0x000016a0   0x0000000c   Code   RO          119    i.fputc             retarget.o
    0x000016ac   0x000016ac   0x000000f0   Code   RO          650    i.main              main.o
    0x0000179c   0x0000179c   0x000000d0   Code   RO          651    i.setPort_1         main.o
    0x0000186c   0x0000186c   0x000000d0   Code   RO          652    i.setPort_2         main.o
    0x0000193c   0x0000193c   0x000000d0   Code   RO          653    i.setPort_3         main.o
    0x00001a0c   0x00001a0c   0x000000d0   Code   RO          654    i.setPort_4         main.o
    0x00001adc   0x00001adc   0x000000a8   Code   RO          121    i.stackDump         retarget.o
    0x00001b84   0x00001b84   0x00000020   Data   RO           14    .constdata          system_nuc029xan.o
    0x00001ba4   0x00001ba4   0x00000030   Data   RO          221    .constdata          uart.o
    0x00001bd4   0x00001bd4   0x00000020   Data   RO          548    .constdata          timer.o
    0x00001bf4   0x00001bf4   0x00000020   Data   RO         1088    Region$$Table       anon$$obj.o


    Execution Region ER_RW (Exec base: 0x20000000, Load base: 0x00001c14, Size: 0x00000084, Max: 0xffffffff, ABSOLUTE)

    Exec Addr    Load Addr    Size         Type   Attr      Idx    E Section Name        Object

    0x20000000   0x00001c14   0x0000000c   Data   RW           15    .data               system_nuc029xan.o
    0x2000000c   0x00001c20   0x00000004   Data   RW          122    .data               retarget.o
    0x20000010   0x00001c24   0x00000074   Data   RW          656    .data               main.o


    Execution Region ER_ZI (Exec base: 0x20000084, Load base: 0x00001c98, Size: 0x0000066c, Max: 0xffffffff, ABSOLUTE)

    Exec Addr    Load Addr    Size         Type   Attr      Idx    E Section Name        Object

    0x20000084        -       0x0000046b   Zero   RW          655    .bss                main.o
    0x200004ef   0x00001c98   0x00000001   PAD
    0x200004f0        -       0x00000200   Zero   RW            1    STACK               startup_nuc029xan.o


==============================================================================

Image component sizes


      Code (inc. data)   RO Data    RW Data    ZI Data      Debug   Object Name

        44         10          0          0          0       1310   clk.o
        40          0          0          0          0       1115   gpio.o
      4752        204          0        116       1131      33996   main.o
       280        132          0          4          0       5038   retarget.o
        76         32        192          0        512        804   startup_nuc029xan.o
        26          0          0          0          0      51102   sys.o
       146         28         32         12          0      64039   system_nuc029xan.o
       168         22         32          0          0       2124   timer.o
       224         34         48          0          0       2212   uart.o

    ----------------------------------------------------------------------
      5760        462        336        132       1644     161740   Object Totals
         0          0         32          0          0          0   (incl. Generated)
         4          0          0          0          1          0   (incl. Padding)

    ----------------------------------------------------------------------

      Code (inc. data)   RO Data    RW Data    ZI Data      Debug   Library Member Name

         0          0          0          0          0          0   entry.o
         0          0          0          0          0          0   entry10a.o
         0          0          0          0          0          0   entry11a.o
         4          0          0          0          0          0   entry12b.o
         8          4          0          0          0          0   entry2.o
         4          0          0          0          0          0   entry5.o
         0          0          0          0          0          0   entry7b.o
         0          0          0          0          0          0   entry8b.o
         8          4          0          0          0          0   entry9a.o
        30          0          0          0          0          0   handlers.o
        36          8          0          0          0         68   init.o
        32          0          0          0          0         68   llshl.o
        34          0          0          0          0         68   llushr.o
        36          0          0          0          0         60   memcpya.o
       756         52          0          0          0        168   printf5.o
        44          0          0          0          0         72   uidiv.o
        96          0          0          0          0         84   uldiv.o

    ----------------------------------------------------------------------
      1092         68          0          0          0        588   Library Totals
         4          0          0          0          0          0   (incl. Padding)

    ----------------------------------------------------------------------

      Code (inc. data)   RO Data    RW Data    ZI Data      Debug   Library Name

      1088         68          0          0          0        588   mc_p.l

    ----------------------------------------------------------------------
      1092         68          0          0          0        588   Library Totals

    ----------------------------------------------------------------------

==============================================================================


      Code (inc. data)   RO Data    RW Data    ZI Data      Debug   

      6852        530        336        132       1644     160844   Grand Totals
      6852        530        336        132       1644     160844   ELF Image Totals
      6852        530        336        132          0          0   ROM Totals

==============================================================================

    Total RO  Size (Code + RO Data)                 7188 (   7.02kB)
    Total RW  Size (RW Data + ZI Data)              1776 (   1.73kB)
    Total ROM Size (Code + RO Data + RW Data)       7320 (   7.15kB)

==============================================================================

